Archive member included to satisfy reference by file (symbol)

C:/ST/STM32CubeIDE_1.18.0/STM32CubeIDE/plugins/com.st.stm32cube.ide.mcu.externaltools.gnu-tools-for-stm32.13.3.rel1.win32_1.0.0.202411081344/tools/bin/../lib/gcc/arm-none-eabi/13.3.1/../../../../arm-none-eabi/lib/thumb/v7e-m+fp/hard\libc_nano.a(libc_a-exit.o)
                              C:/ST/STM32CubeIDE_1.18.0/STM32CubeIDE/plugins/com.st.stm32cube.ide.mcu.externaltools.gnu-tools-for-stm32.13.3.rel1.win32_1.0.0.202411081344/tools/bin/../lib/gcc/arm-none-eabi/13.3.1/../../../../arm-none-eabi/lib/thumb/v7e-m+fp/hard/crt0.o (exit)
C:/ST/STM32CubeIDE_1.18.0/STM32CubeIDE/plugins/com.st.stm32cube.ide.mcu.externaltools.gnu-tools-for-stm32.13.3.rel1.win32_1.0.0.202411081344/tools/bin/../lib/gcc/arm-none-eabi/13.3.1/../../../../arm-none-eabi/lib/thumb/v7e-m+fp/hard\libc_nano.a(libc_a-malloc.o)
                              ./Middlewares/ST/STM32_USB_Host_Library/Class/MSC/Src/usbh_msc.o (malloc)
C:/ST/STM32CubeIDE_1.18.0/STM32CubeIDE/plugins/com.st.stm32cube.ide.mcu.externaltools.gnu-tools-for-stm32.13.3.rel1.win32_1.0.0.202411081344/tools/bin/../lib/gcc/arm-none-eabi/13.3.1/../../../../arm-none-eabi/lib/thumb/v7e-m+fp/hard\libc_nano.a(libc_a-mallocr.o)
                              C:/ST/STM32CubeIDE_1.18.0/STM32CubeIDE/plugins/com.st.stm32cube.ide.mcu.externaltools.gnu-tools-for-stm32.13.3.rel1.win32_1.0.0.202411081344/tools/bin/../lib/gcc/arm-none-eabi/13.3.1/../../../../arm-none-eabi/lib/thumb/v7e-m+fp/hard\libc_nano.a(libc_a-malloc.o) (_malloc_r)
C:/ST/STM32CubeIDE_1.18.0/STM32CubeIDE/plugins/com.st.stm32cube.ide.mcu.externaltools.gnu-tools-for-stm32.13.3.rel1.win32_1.0.0.202411081344/tools/bin/../lib/gcc/arm-none-eabi/13.3.1/../../../../arm-none-eabi/lib/thumb/v7e-m+fp/hard\libc_nano.a(libc_a-mlock.o)
                              C:/ST/STM32CubeIDE_1.18.0/STM32CubeIDE/plugins/com.st.stm32cube.ide.mcu.externaltools.gnu-tools-for-stm32.13.3.rel1.win32_1.0.0.202411081344/tools/bin/../lib/gcc/arm-none-eabi/13.3.1/../../../../arm-none-eabi/lib/thumb/v7e-m+fp/hard\libc_nano.a(libc_a-mallocr.o) (__malloc_lock)
C:/ST/STM32CubeIDE_1.18.0/STM32CubeIDE/plugins/com.st.stm32cube.ide.mcu.externaltools.gnu-tools-for-stm32.13.3.rel1.win32_1.0.0.202411081344/tools/bin/../lib/gcc/arm-none-eabi/13.3.1/../../../../arm-none-eabi/lib/thumb/v7e-m+fp/hard\libc_nano.a(libc_a-nano-vfprintf_float.o)
                              (_printf_float)
C:/ST/STM32CubeIDE_1.18.0/STM32CubeIDE/plugins/com.st.stm32cube.ide.mcu.externaltools.gnu-tools-for-stm32.13.3.rel1.win32_1.0.0.202411081344/tools/bin/../lib/gcc/arm-none-eabi/13.3.1/../../../../arm-none-eabi/lib/thumb/v7e-m+fp/hard\libc_nano.a(libc_a-nano-vfprintf_i.o)
                              C:/ST/STM32CubeIDE_1.18.0/STM32CubeIDE/plugins/com.st.stm32cube.ide.mcu.externaltools.gnu-tools-for-stm32.13.3.rel1.win32_1.0.0.202411081344/tools/bin/../lib/gcc/arm-none-eabi/13.3.1/../../../../arm-none-eabi/lib/thumb/v7e-m+fp/hard\libc_nano.a(libc_a-nano-vfprintf_float.o) (_printf_common)
C:/ST/STM32CubeIDE_1.18.0/STM32CubeIDE/plugins/com.st.stm32cube.ide.mcu.externaltools.gnu-tools-for-stm32.13.3.rel1.win32_1.0.0.202411081344/tools/bin/../lib/gcc/arm-none-eabi/13.3.1/../../../../arm-none-eabi/lib/thumb/v7e-m+fp/hard\libc_nano.a(libc_a-findfp.o)
                              C:/ST/STM32CubeIDE_1.18.0/STM32CubeIDE/plugins/com.st.stm32cube.ide.mcu.externaltools.gnu-tools-for-stm32.13.3.rel1.win32_1.0.0.202411081344/tools/bin/../lib/gcc/arm-none-eabi/13.3.1/../../../../arm-none-eabi/lib/thumb/v7e-m+fp/hard\libc_nano.a(libc_a-exit.o) (__stdio_exit_handler)
C:/ST/STM32CubeIDE_1.18.0/STM32CubeIDE/plugins/com.st.stm32cube.ide.mcu.externaltools.gnu-tools-for-stm32.13.3.rel1.win32_1.0.0.202411081344/tools/bin/../lib/gcc/arm-none-eabi/13.3.1/../../../../arm-none-eabi/lib/thumb/v7e-m+fp/hard\libc_nano.a(libc_a-fwalk.o)
                              C:/ST/STM32CubeIDE_1.18.0/STM32CubeIDE/plugins/com.st.stm32cube.ide.mcu.externaltools.gnu-tools-for-stm32.13.3.rel1.win32_1.0.0.202411081344/tools/bin/../lib/gcc/arm-none-eabi/13.3.1/../../../../arm-none-eabi/lib/thumb/v7e-m+fp/hard\libc_nano.a(libc_a-findfp.o) (_fwalk_sglue)
C:/ST/STM32CubeIDE_1.18.0/STM32CubeIDE/plugins/com.st.stm32cube.ide.mcu.externaltools.gnu-tools-for-stm32.13.3.rel1.win32_1.0.0.202411081344/tools/bin/../lib/gcc/arm-none-eabi/13.3.1/../../../../arm-none-eabi/lib/thumb/v7e-m+fp/hard\libc_nano.a(libc_a-snprintf.o)
                              ./Core/Src/main.o (snprintf)
C:/ST/STM32CubeIDE_1.18.0/STM32CubeIDE/plugins/com.st.stm32cube.ide.mcu.externaltools.gnu-tools-for-stm32.13.3.rel1.win32_1.0.0.202411081344/tools/bin/../lib/gcc/arm-none-eabi/13.3.1/../../../../arm-none-eabi/lib/thumb/v7e-m+fp/hard\libc_nano.a(libc_a-sprintf.o)
                              ./Core/Src/main.o (sprintf)
[...]
Memory Configuration

Name             Origin             Length             Attributes
RAM              0x20000000         0x00010000         xrw
FLASH            0x08000000         0x00040000         xr
*default*        0x00000000         0xffffffff

Linker script and memory map

LOAD C:/ST/STM32CubeIDE_1.18.0/STM32CubeIDE/plugins/com.st.stm32cube.ide.mcu.externaltools.gnu-tools-for-stm32.13.3.rel1.win32_1.0.0.202411081344/tools/bin/../lib/gcc/arm-none-eabi/13.3.1/thumb/v7e-m+fp/hard/crti.o
LOAD C:/ST/STM32CubeIDE_1.18.0/STM32CubeIDE/plugins/com.st.stm32cube.ide.mcu.externaltools.gnu-tools-for-stm32.13.3.rel1.win32_1.0.0.202411081344/tools/bin/../lib/gcc/arm-none-eabi/13.3.1/thumb/v7e-m+fp/hard/crtbegin.o
LOAD C:/ST/STM32CubeIDE_1.18.0/STM32CubeIDE/plugins/com.st.stm32cube.ide.mcu.externaltools.gnu-tools-for-stm32.13.3.rel1.win32_1.0.0.202411081344/tools/bin/../lib/gcc/arm-none-eabi/13.3.1/../../../../arm-none-eabi/lib/thumb/v7e-m+fp/hard/crt0.o
LOAD ./Core/Src/acquisition.o
LOAD ./Core/Src/bmp180.o
LOAD ./Core/Src/data_buffer.o
LOAD ./Core/Src/dht11.o
LOAD ./Core/Src/ds3231.o
LOAD ./Core/Src/i18n.o
LOAD ./Core/Src/lcd_i2c.o
LOAD ./Core/Src/main.o
LOAD ./Core/Src/menu.o
LOAD ./Core/Src/pad20.o
LOAD ./Core/Src/stm32f4xx_hal_msp.o
LOAD ./Core/Src/stm32f4xx_it.o
LOAD ./Core/Src/syscalls.o
LOAD ./Core/Src/sysmem.o
LOAD ./Core/Src/system_stm32f4xx.o
LOAD ./Core/Src/usb_datalogger.o
LOAD ./Core/Src/w25qxx.o
LOAD ./Core/Startup/startup_stm32f401ccux.o
LOAD ./Drivers/STM32F4xx_HAL_Driver/Src/stm32f4xx_hal.o
LOAD ./Drivers/STM32F4xx_HAL_Driver/Src/stm32f4xx_hal_adc.o
LOAD ./Drivers/STM32F4xx_HAL_Driver/Src/stm32f4xx_hal_adc_ex.o
LOAD ./Drivers/STM32F4xx_HAL_Driver/Src/stm32f4xx_hal_cortex.o
LOAD ./Drivers/STM32F4xx_HAL_Driver/Src/stm32f4xx_hal_dma.o
LOAD ./Drivers/STM32F4xx_HAL_Driver/Src/stm32f4xx_hal_dma_ex.o
LOAD ./Drivers/STM32F4xx_HAL_Driver/Src/stm32f4xx_hal_exti.o
LOAD ./Drivers/STM32F4xx_HAL_Driver/Src/stm32f4xx_hal_flash.o
LOAD ./Drivers/STM32F4xx_HAL_Driver/Src/stm32f4xx_hal_flash_ex.o
LOAD ./Drivers/STM32F4xx_HAL_Driver/Src/stm32f4xx_hal_flash_ramfunc.o
LOAD ./Drivers/STM32F4xx_HAL_Driver/Src/stm32f4xx_hal_gpio.o
LOAD ./Drivers/STM32F4xx_HAL_Driver/Src/stm32f4xx_hal_hcd.o
LOAD ./Drivers/STM32F4xx_HAL_Driver/Src/stm32f4xx_hal_i2c.o
LOAD ./Drivers/STM32F4xx_HAL_Driver/Src/stm32f4xx_hal_i2c_ex.o
LOAD ./Drivers/STM32F4xx_HAL_Driver/Src/stm32f4xx_hal_pwr.o
LOAD ./Drivers/STM32F4xx_HAL_Driver/Src/stm32f4xx_hal_pwr_ex.o
LOAD ./Drivers/STM32F4xx_HAL_Driver/Src/stm32f4xx_hal_rcc.o
LOAD ./Drivers/STM32F4xx_HAL_Driver/Src/stm32f4xx_hal_rcc_ex.o
LOAD ./Drivers/STM32F4xx_HAL_Driver/Src/stm32f4xx_hal_spi.o
LOAD ./Drivers/STM32F4xx_HAL_Driver/Src/stm32f4xx_hal_tim.o
LOAD ./Drivers/STM32F4xx_HAL_Driver/Src/stm32f4xx_hal_tim_ex.o
LOAD ./Drivers/STM32F4xx_HAL_Driver/Src/stm32f4xx_ll_adc.o
LOAD ./Drivers/STM32F4xx_HAL_Driver/Src/stm32f4xx_ll_usb.o
LOAD ./FATFS/App/fatfs.o
LOAD ./FATFS/Target/usbh_diskio.o
LOAD ./Middlewares/ST/STM32_USB_Host_Library/Class/MSC/Src/usbh_msc.o
LOAD ./Middlewares/ST/STM32_USB_Host_Library/Class/MSC/Src/usbh_msc_bot.o
LOAD ./Middlewares/ST/STM32_USB_Host_Library/Class/MSC/Src/usbh_msc_scsi.o
LOAD ./Middlewares/ST/STM32_USB_Host_Library/Core/Src/usbh_core.o
LOAD ./Middlewares/ST/STM32_USB_Host_Library/Core/Src/usbh_ctlreq.o
LOAD ./Middlewares/ST/STM32_USB_Host_Library/Core/Src/usbh_ioreq.o
LOAD ./Middlewares/ST/STM32_USB_Host_Library/Core/Src/usbh_pipes.o
LOAD ./Middlewares/Third_Party/FatFs/src/diskio.o
LOAD ./Middlewares/Third_Party/FatFs/src/ff.o
LOAD ./Middlewares/Third_Party/FatFs/src/ff_gen_drv.o
LOAD ./Middlewares/Third_Party/FatFs/src/option/ccsbcs.o
LOAD ./Middlewares/Third_Party/FatFs/src/option/syscall.o
LOAD ./USB_HOST/App/usb_host.o
LOAD ./USB_HOST/Target/usbh_conf.o
START GROUP
LOAD C:/ST/STM32CubeIDE_1.18.0/STM32CubeIDE/plugins/com.st.stm32cube.ide.mcu.externaltools.gnu-tools-for-stm32.13.3.rel1.win32_1.0.0.202411081344/tools/bin/../lib/gcc/arm-none-eabi/13.3.1/../../../../arm-none-eabi/lib/thumb/v7e-m+fp/hard\libc_nano.a
LOAD C:/ST/STM32CubeIDE_1.18.0/STM32CubeIDE/plugins/com.st.stm32cube.ide.mcu.externaltools.gnu-tools-for-stm32.13.3.rel1.win32_1.0.0.202411081344/tools/bin/../lib/gcc/arm-none-eabi/13.3.1/../../../../arm-none-eabi/lib/thumb/v7e-m+fp/hard\libm.a
END GROUP
START GROUP
LOAD C:/ST/STM32CubeIDE_1.18.0/STM32CubeIDE/plugins/com.st.stm32cube.ide.mcu.externaltools.gnu-tools-for-stm32.13.3.rel1.win32_1.0.0.202411081344/tools/bin/../lib/gcc/arm-none-eabi/13.3.1/thumb/v7e-m+fp/hard\libgcc.a
LOAD C:/ST/STM32CubeIDE_1.18.0/STM32CubeIDE/plugins/com.st.stm32cube.ide.mcu.externaltools.gnu-tools-for-stm32.13.3.rel1.win32_1.0.0.202411081344/tools/bin/../lib/gcc/arm-none-eabi/13.3.1/../../../../arm-none-eabi/lib/thumb/v7e-m+fp/hard\libc_nano.a
END GROUP
START GROUP
LOAD C:/ST/STM32CubeIDE_1.18.0/STM32CubeIDE/plugins/com.st.stm32cube.ide.mcu.externaltools.gnu-tools-for-stm32.13.3.rel1.win32_1.0.0.202411081344/tools/bin/../lib/gcc/arm-none-eabi/13.3.1/thumb/v7e-m+fp/hard\libgcc.a
LOAD C:/ST/STM32CubeIDE_1.18.0/STM32CubeIDE/plugins/com.st.stm32cube.ide.mcu.externaltools.gnu-tools-for-stm32.13.3.rel1.win32_1.0.0.202411081344/tools/bin/../lib/gcc/arm-none-eabi/13.3.1/../../../../arm-none-eabi/lib/thumb/v7e-m+fp/hard\libc_nano.a
LOAD C:/ST/STM32CubeIDE_1.18.0/STM32CubeIDE/plugins/com.st.stm32cube.ide.mcu.externaltools.gnu-tools-for-stm32.13.3.rel1.win32_1.0.0.202411081344/tools/bin/../lib/gcc/arm-none-eabi/13.3.1/../../../../arm-none-eabi/lib/thumb/v7e-m+fp/hard\libnosys.a
END GROUP
START GROUP
LOAD C:/ST/STM32CubeIDE_1.18.0/STM32CubeIDE/plugins/com.st.stm32cube.ide.mcu.externaltools.gnu-tools-for-stm32.13.3.rel1.win32_1.0.0.202411081344/tools/bin/../lib/gcc/arm-none-eabi/13.3.1/thumb/v7e-m+fp/hard\libgcc.a
LOAD C:/ST/STM32CubeIDE_1.18.0/STM32CubeIDE/plugins/com.st.stm32cube.ide.mcu.externaltools.gnu-tools-for-stm32.13.3.rel1.win32_1.0.0.202411081344/tools/bin/../lib/gcc/arm-none-eabi/13.3.1/../../../../arm-none-eabi/lib/thumb/v7e-m+fp/hard\libc_nano.a
LOAD C:/ST/STM32CubeIDE_1.18.0/STM32CubeIDE/plugins/com.st.stm32cube.ide.mcu.externaltools.gnu-tools-for-stm32.13.3.rel1.win32_1.0.0.202411081344/tools/bin/../lib/gcc/arm-none-eabi/13.3.1/../../../../arm-none-eabi/lib/thumb/v7e-m+fp/hard\libnosys.a
END GROUP
LOAD C:/ST/STM32CubeIDE_1.18.0/STM32CubeIDE/plugins/com.st.stm32cube.ide.mcu.externaltools.gnu-tools-for-stm32.13.3.rel1.win32_1.0.0.202411081344/tools/bin/../lib/gcc/arm-none-eabi/13.3.1/thumb/v7e-m+fp/hard/crtend.o
LOAD C:/ST/STM32CubeIDE_1.18.0/STM32CubeIDE/plugins/com.st.stm32cube.ide.mcu.externaltools.gnu-tools-for-stm32.13.3.rel1.win32_1.0.0.202411081344/tools/bin/../lib/gcc/arm-none-eabi/13.3.1/thumb/v7e-m+fp/hard/crtn.o
                0x20010000                        _estack = (ORIGIN (RAM) + LENGTH (RAM))
                0x00000200                        _Min_Heap_Size = 0x200
                0x00000400                        _Min_Stack_Size = 0x400

.isr_vector     0x08000000      0x194
                0x08000000                        . = ALIGN (0x4)
 *(.isr_vector)
 .isr_vector    0x08000000      0x194 ./Core/Startup/startup_stm32f401ccux.o
                0x08000000                g_pfnVectors
                0x08000194                        . = ALIGN (0x4)

.text           0x080001a0    0x16ff8
                0x080001a0                        . = ALIGN (0x4)
 *(.text)
 .text          0x080001a0       0x40 C:/ST/STM32CubeIDE_1.18.0/STM32CubeIDE/plugins/com.st.stm32cube.ide.mcu.externaltools.gnu-tools-for-stm32.13.3.rel1.win32_1.0.0.202411081344/tools/bin/../lib/gcc/arm-none-eabi/13.3.1/thumb/v7e-m+fp/hard/crtbegin.o
 .text          0x080001e0       0xa0 C:/ST/STM32CubeIDE_1.18.0/STM32CubeIDE/plugins/com.st.stm32cube.ide.mcu.externaltools.gnu-tools-for-stm32.13.3.rel1.win32_1.0.0.202411081344/tools/bin/../lib/gcc/arm-none-eabi/13.3.1/../../../../arm-none-eabi/lib/thumb/v7e-m+fp/hard\libc_nano.a(libc_a-memchr.o)
                0x080001e0                memchr
 .text          0x08000280       0x10 C:/ST/STM32CubeIDE_1.18.0/STM32CubeIDE/plugins/com.st.stm32cube.ide.mcu.externaltools.gnu-tools-for-stm32.13.3.rel1.win32_1.0.0.202411081344/tools/bin/../lib/gcc/arm-none-eabi/13.3.1/../../../../arm-none-eabi/lib/thumb/v7e-m+fp/hard\libc_nano.a(libc_a-strlen.o)
                0x08000280                strlen
 .text          0x08000290      0x378 C:/ST/STM32CubeIDE_1.18.0/STM32CubeIDE/plugins/com.st.stm32cube.ide.mcu.externaltools.gnu-tools-for-stm32.13.3.rel1.win32_1.0.0.202411081344/tools/bin/../lib/gcc/arm-none-eabi/13.3.1/thumb/v7e-m+fp/hard\libgcc.a(_arm_addsubdf3.o)
                0x08000290                __aeabi_drsub
                0x08000298                __aeabi_dsub
                0x08000298                __subdf3
                0x0800029c                __aeabi_dadd
                0x0800029c                __adddf3
                0x08000514                __floatunsidf
                0x08000514                __aeabi_ui2d
                0x08000534                __floatsidf
                0x08000534                __aeabi_i2d
                0x08000558                __aeabi_f2d
                0x08000558                __extendsfdf2
                0x0800059c                __floatundidf
                0x0800059c                __aeabi_ul2d
                0x080005ac                __floatdidf
                0x080005ac                __aeabi_l2d
 .text          0x08000608      0x424 C:/ST/STM32CubeIDE_1.18.0/STM32CubeIDE/plugins/com.st.stm32cube.ide.mcu.externaltools.gnu-tools-for-stm32.13.3.rel1.win32_1.0.0.202411081344/tools/bin/../lib/gcc/arm-none-eabi/13.3.1/thumb/v7e-m+fp/hard\libgcc.a(_arm_muldivdf3.o)
                0x08000608                __aeabi_dmul
                0x08000608                __muldf3
                0x0800085c                __divdf3
                0x0800085c                __aeabi_ddiv
 .text          0x08000a2c      0x110 C:/ST/STM32CubeIDE_1.18.0/STM32CubeIDE/plugins/com.st.stm32cube.ide.mcu.externaltools.gnu-tools-for-stm32.13.3.rel1.win32_1.0.0.202411081344/tools/bin/../lib/gcc/arm-none-eabi/13.3.1/thumb/v7e-m+fp/hard\libgcc.a(_arm_cmpdf2.o)
                0x08000a2c                __gtdf2
                0x08000a2c                __gedf2
                0x08000a34                __ltdf2
                0x08000a34                __ledf2
                0x08000a3c                __nedf2
                0x08000a3c                __eqdf2
                0x08000a3c                __cmpdf2
                0x08000ab8                __aeabi_cdrcmple
                0x08000ac8                __aeabi_cdcmpeq
                0x08000ac8                __aeabi_cdcmple
                0x08000ad8                __aeabi_dcmpeq
                0x08000aec                __aeabi_dcmplt
                0x08000b00                __aeabi_dcmple
                0x08000b14                __aeabi_dcmpge
                0x08000b28                __aeabi_dcmpgt
 .text          0x08000b3c       0x2c C:/ST/STM32CubeIDE_1.18.0/STM32CubeIDE/plugins/com.st.stm32cube.ide.mcu.externaltools.gnu-tools-for-stm32.13.3.rel1.win32_1.0.0.202411081344/tools/bin/../lib/gcc/arm-none-eabi/13.3.1/thumb/v7e-m+fp/hard\libgcc.a(_arm_unorddf2.o)
                0x08000b3c                __unorddf2
                0x08000b3c                __aeabi_dcmpun
 .text          0x08000b68       0x50 C:/ST/STM32CubeIDE_1.18.0/STM32CubeIDE/plugins/com.st.stm32cube.ide.mcu.externaltools.gnu-tools-for-stm32.13.3.rel1.win32_1.0.0.202411081344/tools/bin/../lib/gcc/arm-none-eabi/13.3.1/thumb/v7e-m+fp/hard\libgcc.a(_arm_fixdfsi.o)
                0x08000b68                __aeabi_d2iz
                0x08000b68                __fixdfsi
 .text          0x08000bb8       0x30 C:/ST/STM32CubeIDE_1.18.0/STM32CubeIDE/plugins/com.st.stm32cube.ide.mcu.externaltools.gnu-tools-for-stm32.13.3.rel1.win32_1.0.0.202411081344/tools/bin/../lib/gcc/arm-none-eabi/13.3.1/thumb/v7e-m+fp/hard\libgcc.a(_aeabi_uldivmod.o)
                0x08000bb8                __aeabi_uldivmod
 .text          0x08000be8      0x2f8 C:/ST/STM32CubeIDE_1.18.0/STM32CubeIDE/plugins/com.st.stm32cube.ide.mcu.externaltools.gnu-tools-for-stm32.13.3.rel1.win32_1.0.0.202411081344/tools/bin/../lib/gcc/arm-none-eabi/13.3.1/thumb/v7e-m+fp/hard\libgcc.a(_udivmoddi4.o)
                0x08000be8                __udivmoddi4
 .text          0x08000ee0        0x4 C:/ST/STM32CubeIDE_1.18.0/STM32CubeIDE/plugins/com.st.stm32cube.ide.mcu.externaltools.gnu-tools-for-stm32.13.3.rel1.win32_1.0.0.202411081344/tools/bin/../lib/gcc/arm-none-eabi/13.3.1/thumb/v7e-m+fp/hard\libgcc.a(_dvmd_tls.o)
                0x08000ee0                __aeabi_idiv0
                0x08000ee0                __aeabi_ldiv0
 *(.text*)
 .text.BMP180_ReadReg
                0x08000ee4       0x3c ./Core/Src/bmp180.o
 .text.BMP180_WriteReg
                0x08000f20       0x38 ./Core/Src/bmp180.o
 .text.BMP180_Init
                0x08000f58      0x12a ./Core/Src/bmp180.o
                0x08000f58                BMP180_Init
 *fill*         0x08001082        0x2 
 .text.BMP180_ReadTemperature
                0x08001084       0x94 ./Core/Src/bmp180.o
                0x08001084                BMP180_ReadTemperature
 .text.BMP180_ReadPressure
                0x08001118      0x1f4 ./Core/Src/bmp180.o
                0x08001118                BMP180_ReadPressure
 .text.DHT11_Init
                0x0800130c       0x38 ./Core/Src/dht11.o
                0x0800130c                DHT11_Init
 .text.DHT11_Read
                0x08001344      0x1ac ./Core/Src/dht11.o
                0x08001344                DHT11_Read
 .text.DHT11_SetPinOutput
                0x080014f0       0x42 ./Core/Src/dht11.o
 .text.DHT11_SetPinInput
                0x08001532       0x3e ./Core/Src/dht11.o
 .text.DHT11_WritePin
                0x08001570       0x24 ./Core/Src/dht11.o
 .text.DHT11_ReadPin
                0x08001594       0x22 ./Core/Src/dht11.o
 *fill*         0x080015b6        0x2 
 .text.delay_us
                0x080015b8       0x4c ./Core/Src/dht11.o
 .text.BCD2DEC  0x08001604       0x32 ./Core/Src/ds3231.o
 *fill*         0x08001636        0x2 
 .text.DEC2BCD  0x08001638       0x4c ./Core/Src/ds3231.o
 .text.DS3231_Init
                0x08001684       0x36 ./Core/Src/ds3231.o
                0x08001684                DS3231_Init
 .text.DS3231_SetTime
                0x080016ba       0xa0 ./Core/Src/ds3231.o
                0x080016ba                DS3231_SetTime
 .text.DS3231_GetTime
                0x0800175a       0xb8 ./Core/Src/ds3231.o
                0x0800175a                DS3231_GetTime
 *fill*         0x08001812        0x2 
 .text.I18N     0x08001814      0x8dc ./Core/Src/i18n.o
                0x08001814                I18N
 .text.LCD_Init
                0x080020f0       0xdc ./Core/Src/lcd_i2c.o
                0x080020f0                LCD_Init
 .text.LCD_Clear
                0x080021cc       0x1e ./Core/Src/lcd_i2c.o
                0x080021cc                LCD_Clear
 *fill*         0x080021ea        0x2 
 .text.LCD_SetCursor
                0x080021ec       0x54 ./Core/Src/lcd_i2c.o
                0x080021ec                LCD_SetCursor
 .text.LCD_Print
                0x08002240       0x2e ./Core/Src/lcd_i2c.o
                0x08002240                LCD_Print
 .text.LCD_Backlight
                0x0800226e       0x30 ./Core/Src/lcd_i2c.o
                0x0800226e                LCD_Backlight
 .text.LCD_Write4Bits
                0x0800229e       0x28 ./Core/Src/lcd_i2c.o
                0x0800229e                LCD_Write4Bits
 .text.LCD_SendCommand
                0x080022c6       0x36 ./Core/Src/lcd_i2c.o
                0x080022c6                LCD_SendCommand
 .text.LCD_SendData
                0x080022fc       0x42 ./Core/Src/lcd_i2c.o
                0x080022fc                LCD_SendData
 .text.LCD_ExpanderWrite
                0x0800233e       0x38 ./Core/Src/lcd_i2c.o
                0x0800233e                LCD_ExpanderWrite
 .text.LCD_PulseEnable
                0x08002376       0x40 ./Core/Src/lcd_i2c.o
                0x08002376                LCD_PulseEnable
 .text.LCD_CreateChar
                0x080023b6       0x5a ./Core/Src/lcd_i2c.o
                0x080023b6                LCD_CreateChar
 .text.float_to_string
                0x08002410       0x98 ./Core/Src/main.o
                0x08002410                float_to_string
 .text.CalculateSeaLevelPressure
                0x080024a8       0x34 ./Core/Src/main.o
                0x080024a8                CalculateSeaLevelPressure
 .text.RTC_ApplyDefaultIfInvalid
                0x080024dc       0xa8 ./Core/Src/main.o
 .text.UpdateDisplay
                0x08002584      0x224 ./Core/Src/main.o
                0x08002584                UpdateDisplay
 .text.ConfigSector_Read
                0x080027a8       0x28 ./Core/Src/main.o
 .text.ConfigSector_Write
                0x080027d0       0x54 ./Core/Src/main.o
 .text.SaveLanguageToFlash
                0x08002824       0x5a ./Core/Src/main.o
                0x08002824                SaveLanguageToFlash
 .text.LoadLanguageFromFlash
                0x0800287e       0x5c ./Core/Src/main.o
                0x0800287e                LoadLanguageFromFlash
 .text.SaveAltitudeToFlash
                0x080028da       0x74 ./Core/Src/main.o
                0x080028da                SaveAltitudeToFlash
 .text.LoadAltitudeFromFlash
                0x0800294e       0x56 ./Core/Src/main.o
                0x0800294e                LoadAltitudeFromFlash
 .text.SaveAcquisitionTimeToFlash
                0x080029a4       0x44 ./Core/Src/main.o
                0x080029a4                SaveAcquisitionTimeToFlash
 .text.LoadAcquisitionTimeFromFlash
                0x080029e8       0x5e ./Core/Src/main.o
                0x080029e8                LoadAcquisitionTimeFromFlash
 *fill*         0x08002a46        0x2 
 .text.ApplyAcquisitionTime
                0x08002a48       0x40 ./Core/Src/main.o
                0x08002a48                ApplyAcquisitionTime
 .text.ReadBatteryVoltage
                0x08002a88       0x8c ./Core/Src/main.o
                0x08002a88                ReadBatteryVoltage
 .text.CalculateBatteryPercent
                0x08002b14       0x80 ./Core/Src/main.o
                0x08002b14                CalculateBatteryPercent
 .text.RunTestMode
                0x08002b94      0x338 ./Core/Src/main.o
                0x08002b94                RunTestMode
 .text.main     0x08002ecc      0xd20 ./Core/Src/main.o
                0x08002ecc                main
 .text.SystemClock_Config
                0x08003bec       0xd8 ./Core/Src/main.o
                0x08003bec                SystemClock_Config
 .text.MX_I2C1_Init
                0x08003cc4       0x5c ./Core/Src/main.o
 .text.MX_SPI2_Init
                0x08003d20       0x6c ./Core/Src/main.o
 .text.MX_TIM2_Init
                0x08003d8c       0x9c ./Core/Src/main.o
 .text.MX_GPIO_Init
                0x08003e28      0x108 ./Core/Src/main.o
 .text.MX_ADC1_Init
                0x08003f30       0xa4 ./Core/Src/main.o
 .text.Error_Handler
                0x08003fd4        0xc ./Core/Src/main.o
                0x08003fd4                Error_Handler
 .text.LangToStr
                0x08003fe0       0x44 ./Core/Src/menu.o
 .text.Menu_Init
                0x08004024       0x74 ./Core/Src/menu.o
                0x08004024                Menu_Init
 .text.Menu_ReadButtons
                0x08004098       0x68 ./Core/Src/menu.o
                0x08004098                Menu_ReadButtons
 .text.Menu_IsIdle
                0x08004100       0x22 ./Core/Src/menu.o
                0x08004100                Menu_IsIdle
 *fill*         0x08004122        0x2 
 .text.Menu_Process
                0x08004124       0xf4 ./Core/Src/menu.o
                0x08004124                Menu_Process
 .text.ProcessAcqEditor
                0x08004218       0xe0 ./Core/Src/menu.o
 .text.ShowClearConfirm
                0x080042f8       0xec ./Core/Src/menu.o
 .text.PrintMenuLine
                0x080043e4       0x74 ./Core/Src/menu.o
 .text.ShowMainMenu
                0x08004458       0xa8 ./Core/Src/menu.o
 .text.ProcessClearConfirm
                0x08004500       0xe4 ./Core/Src/menu.o
 .text.ProcessMainMenu
                0x080045e4      0x194 ./Core/Src/menu.o
 .text.ShowLanguageEditor
                0x08004778       0x80 ./Core/Src/menu.o
 .text.ProcessLanguageEditor
                0x080047f8       0xe0 ./Core/Src/menu.o
 .text.UpdateAltitudeValueLine
                0x080048d8       0x4c ./Core/Src/menu.o
 .text.ShowAltitudeEditor
                0x08004924       0x80 ./Core/Src/menu.o
 .text.UpdateLanguageValueLine
                0x080049a4       0x50 ./Core/Src/menu.o
 .text.ProcessAltitudeEditor
                0x080049f4       0xf4 ./Core/Src/menu.o
 .text.ShowDateTimeEditor
                0x08004ae8      0x354 ./Core/Src/menu.o
 .text.ShowAcqEditor
                0x08004e3c       0xac ./Core/Src/menu.o
 .text.ProcessDateTimeEditor
                0x08004ee8      0x158 ./Core/Src/menu.o
 .text.IncrementField
                0x08005040      0x104 ./Core/Src/menu.o
 .text.DecrementField
                0x08005144      0x104 ./Core/Src/menu.o
 .text.Pad20    0x08005248       0x4a ./Core/Src/pad20.o
                0x08005248                Pad20
 *fill*         0x08005292        0x2 
 .text.HAL_MspInit
                0x08005294       0x50 ./Core/Src/stm32f4xx_hal_msp.o
                0x08005294                HAL_MspInit
 .text.HAL_ADC_MspInit
                0x080052e4       0x98 ./Core/Src/stm32f4xx_hal_msp.o
                0x080052e4                HAL_ADC_MspInit
 .text.HAL_I2C_MspInit
                0x0800537c       0x90 ./Core/Src/stm32f4xx_hal_msp.o
                0x0800537c                HAL_I2C_MspInit
 .text.HAL_SPI_MspInit
                0x0800540c       0x90 ./Core/Src/stm32f4xx_hal_msp.o
                0x0800540c                HAL_SPI_MspInit
 .text.HAL_TIM_Base_MspInit
                0x0800549c       0x4c ./Core/Src/stm32f4xx_hal_msp.o
                0x0800549c                HAL_TIM_Base_MspInit
 .text.NMI_Handler
                0x080054e8        0x8 ./Core/Src/stm32f4xx_it.o
                0x080054e8                NMI_Handler
 .text.HardFault_Handler
                0x080054f0        0x8 ./Core/Src/stm32f4xx_it.o
                0x080054f0                HardFault_Handler
 .text.MemManage_Handler
                0x080054f8        0x8 ./Core/Src/stm32f4xx_it.o
                0x080054f8                MemManage_Handler
 .text.BusFault_Handler
                0x08005500        0x8 ./Core/Src/stm32f4xx_it.o
                0x08005500                BusFault_Handler
 .text.UsageFault_Handler
                0x08005508        0x8 ./Core/Src/stm32f4xx_it.o
                0x08005508                UsageFault_Handler
 .text.SVC_Handler
                0x08005510        0xe ./Core/Src/stm32f4xx_it.o
                0x08005510                SVC_Handler
 .text.DebugMon_Handler
                0x0800551e        0xe ./Core/Src/stm32f4xx_it.o
                0x0800551e                DebugMon_Handler
 .text.PendSV_Handler
                0x0800552c        0xe ./Core/Src/stm32f4xx_it.o
                0x0800552c                PendSV_Handler
 .text.SysTick_Handler
                0x0800553a        0xc ./Core/Src/stm32f4xx_it.o
                0x0800553a                SysTick_Handler
 *fill*         0x08005546        0x2 
 .text.ADC_IRQHandler
                0x08005548       0x14 ./Core/Src/stm32f4xx_it.o
                0x08005548                ADC_IRQHandler
 .text.TIM2_IRQHandler
                0x0800555c       0x14 ./Core/Src/stm32f4xx_it.o
                0x0800555c                TIM2_IRQHandler
 .text.OTG_FS_IRQHandler
                0x08005570       0x14 ./Core/Src/stm32f4xx_it.o
                0x08005570                OTG_FS_IRQHandler
 .text._getpid  0x08005584       0x10 ./Core/Src/syscalls.o
                0x08005584                _getpid
 .text._kill    0x08005594       0x20 ./Core/Src/syscalls.o
                0x08005594                _kill
 .text._exit    0x080055b4       0x16 ./Core/Src/syscalls.o
                0x080055b4                _exit
 .text._read    0x080055ca       0x3a ./Core/Src/syscalls.o
                0x080055ca                _read
 .text._write   0x08005604       0x38 ./Core/Src/syscalls.o
                0x08005604                _write
 .text._close   0x0800563c       0x18 ./Core/Src/syscalls.o
                0x0800563c                _close
 .text._fstat   0x08005654       0x20 ./Core/Src/syscalls.o
                0x08005654                _fstat
 .text._isatty  0x08005674       0x16 ./Core/Src/syscalls.o
                0x08005674                _isatty
 .text._lseek   0x0800568a       0x1a ./Core/Src/syscalls.o
                0x0800568a                _lseek
 .text._sbrk    0x080056a4       0x6c ./Core/Src/sysmem.o
                0x080056a4                _sbrk
 .text.SystemInit
                0x08005710       0x24 ./Core/Src/system_stm32f4xx.o
                0x08005710                SystemInit
 .text.USB_DataLogger_Init
                0x08005734       0x90 ./Core/Src/usb_datalogger.o
                0x08005734                USB_DataLogger_Init
 .text.USB_DataLogger_Process
                0x080057c4       0x68 ./Core/Src/usb_datalogger.o
                0x080057c4                USB_DataLogger_Process
 .text.State_Idle
                0x0800582c       0x40 ./Core/Src/usb_datalogger.o
 .text.State_Detecting
                0x0800586c       0x44 ./Core/Src/usb_datalogger.o
 .text.State_Mounting
                0x080058b0       0x48 ./Core/Src/usb_datalogger.o
 .text.State_Ready
                0x080058f8       0x48 ./Core/Src/usb_datalogger.o
 .text.State_Writing
                0x08005940       0x82 ./Core/Src/usb_datalogger.o
 .text.State_Error
                0x080059c2       0x42 ./Core/Src/usb_datalogger.o
 .text.USB_DataLogger_ExportFlashToCSV
                0x08005a04      0x384 ./Core/Src/usb_datalogger.o
                0x08005a04                USB_DataLogger_ExportFlashToCSV
 .text.USB_DataLogger_ExportTestFlashToCSV
                0x08005d88      0x270 ./Core/Src/usb_datalogger.o
                0x08005d88                USB_DataLogger_ExportTestFlashToCSV
 .text.W25Q_SimpleCrc_Xor
                0x08005ff8       0x40 ./Core/Src/w25qxx.o
 .text.W25Q_CS_Low
                0x08006038       0x20 ./Core/Src/w25qxx.o
 .text.W25Q_CS_High
                0x08006058       0x20 ./Core/Src/w25qxx.o
 .text.W25Q_WriteEnable
                0x08006078       0x30 ./Core/Src/w25qxx.o
 .text.W25Q_ReadStatusReg
                0x080060a8       0x42 ./Core/Src/w25qxx.o
 .text.W25Q_LogReset
                0x080060ea       0x70 ./Core/Src/w25qxx.o
                0x080060ea                W25Q_LogReset
 .text.W25Q_Init
                0x0800615a       0x4e ./Core/Src/w25qxx.o
                0x0800615a                W25Q_Init
 .text.W25Q_WaitBusy
                0x080061a8       0x2a ./Core/Src/w25qxx.o
                0x080061a8                W25Q_WaitBusy
 .text.W25Q_EraseSector
                0x080061d2       0x54 ./Core/Src/w25qxx.o
                0x080061d2                W25Q_EraseSector
 .text.W25Q_WritePage
                0x08006226       0x76 ./Core/Src/w25qxx.o
                0x08006226                W25Q_WritePage
 .text.W25Q_ReadData
                0x0800629c       0x5c ./Core/Src/w25qxx.o
                0x0800629c                W25Q_ReadData
 .text.W25Q_WriteSampleToRegion
                0x080062f8       0xa4 ./Core/Src/w25qxx.o
 .text.W25Q_WriteDataSample
                0x0800639c       0x38 ./Core/Src/w25qxx.o
                0x0800639c                W25Q_WriteDataSample
 .text.W25Q_GetTotalSamples
                0x080063d4       0x18 ./Core/Src/w25qxx.o
                0x080063d4                W25Q_GetTotalSamples
 .text.W25Q_WriteTestSample
                0x080063ec       0x3c ./Core/Src/w25qxx.o
                0x080063ec                W25Q_WriteTestSample
 .text.W25Q_GetTestTotalSamples
                0x08006428       0x18 ./Core/Src/w25qxx.o
                0x08006428                W25Q_GetTestTotalSamples
 .text.W25Q_TestReset
                0x08006440       0x2e ./Core/Src/w25qxx.o
                0x08006440                W25Q_TestReset
 *fill*         0x0800646e        0x2 
 .text.W25Q_LogState_Load
                0x08006470       0x70 ./Core/Src/w25qxx.o
                0x08006470                W25Q_LogState_Load
 .text.W25Q_LogState_Save
                0x080064e0      0x138 ./Core/Src/w25qxx.o
                0x080064e0                W25Q_LogState_Save
 .text.W25Q_TestState_Load
                0x08006618       0x7c ./Core/Src/w25qxx.o
                0x08006618                W25Q_TestState_Load
 .text.W25Q_TestState_Save
                0x08006694       0x58 ./Core/Src/w25qxx.o
                0x08006694                W25Q_TestState_Save
 .text.Reset_Handler
                0x080066ec       0x50 ./Core/Startup/startup_stm32f401ccux.o
                0x080066ec                Reset_Handler
 .text.Default_Handler
                0x0800673c        0x2 ./Core/Startup/startup_stm32f401ccux.o
                0x0800673c                RTC_Alarm_IRQHandler
                0x0800673c                EXTI2_IRQHandler
                0x0800673c                SPI4_IRQHandler
                0x0800673c                TIM1_CC_IRQHandler
                0x0800673c                DMA2_Stream5_IRQHandler
                0x0800673c                DMA1_Stream5_IRQHandler
                0x0800673c                PVD_IRQHandler
                0x0800673c                SDIO_IRQHandler
                0x0800673c                TAMP_STAMP_IRQHandler
                0x0800673c                EXTI3_IRQHandler
                0x0800673c                TIM1_UP_TIM10_IRQHandler
                0x0800673c                I2C3_ER_IRQHandler
                0x0800673c                EXTI0_IRQHandler
                0x0800673c                I2C2_EV_IRQHandler
                0x0800673c                DMA1_Stream2_IRQHandler
                0x0800673c                FPU_IRQHandler
                0x0800673c                DMA2_Stream2_IRQHandler
                0x0800673c                SPI1_IRQHandler
                0x0800673c                TIM1_BRK_TIM9_IRQHandler
                0x0800673c                DMA2_Stream3_IRQHandler
                0x0800673c                USART6_IRQHandler
                0x0800673c                DMA2_Stream0_IRQHandler
                0x0800673c                TIM4_IRQHandler
                0x0800673c                I2C1_EV_IRQHandler
                0x0800673c                DMA1_Stream6_IRQHandler
                0x0800673c                DMA1_Stream1_IRQHandler
                0x0800673c                TIM3_IRQHandler
                0x0800673c                RCC_IRQHandler
                0x0800673c                Default_Handler
                0x0800673c                EXTI15_10_IRQHandler
                0x0800673c                DMA1_Stream7_IRQHandler
                0x0800673c                TIM5_IRQHandler
                0x0800673c                DMA2_Stream7_IRQHandler
                0x0800673c                I2C3_EV_IRQHandler
                0x0800673c                EXTI9_5_IRQHandler
                0x0800673c                RTC_WKUP_IRQHandler
                0x0800673c                SPI2_IRQHandler
                0x0800673c                DMA1_Stream0_IRQHandler
                0x0800673c                EXTI4_IRQHandler
                0x0800673c                WWDG_IRQHandler
                0x0800673c                OTG_FS_WKUP_IRQHandler
                0x0800673c                TIM1_TRG_COM_TIM11_IRQHandler
                0x0800673c                EXTI1_IRQHandler
                0x0800673c                USART2_IRQHandler
                0x0800673c                I2C2_ER_IRQHandler
                0x0800673c                DMA2_Stream1_IRQHandler
                0x0800673c                FLASH_IRQHandler
                0x0800673c                DMA2_Stream4_IRQHandler
                0x0800673c                USART1_IRQHandler
                0x0800673c                SPI3_IRQHandler
                0x0800673c                DMA1_Stream4_IRQHandler
                0x0800673c                I2C1_ER_IRQHandler
                0x0800673c                DMA2_Stream6_IRQHandler
                0x0800673c                DMA1_Stream3_IRQHandler
 *fill*         0x0800673e        0x2 
 .text.HAL_Init
                0x08006740       0x44 ./Drivers/STM32F4xx_HAL_Driver/Src/stm32f4xx_hal.o
                0x08006740                HAL_Init
 .text.HAL_InitTick
                0x08006784       0x60 ./Drivers/STM32F4xx_HAL_Driver/Src/stm32f4xx_hal.o
                0x08006784                HAL_InitTick
 .text.HAL_IncTick
                0x080067e4       0x28 ./Drivers/STM32F4xx_HAL_Driver/Src/stm32f4xx_hal.o
                0x080067e4                HAL_IncTick
 .text.HAL_GetTick
                0x0800680c       0x18 ./Drivers/STM32F4xx_HAL_Driver/Src/stm32f4xx_hal.o
                0x0800680c                HAL_GetTick
 .text.HAL_Delay
                0x08006824       0x48 ./Drivers/STM32F4xx_HAL_Driver/Src/stm32f4xx_hal.o
                0x08006824                HAL_Delay
 .text.HAL_ADC_Init
                0x0800686c       0x86 ./Drivers/STM32F4xx_HAL_Driver/Src/stm32f4xx_hal_adc.o
                0x0800686c                HAL_ADC_Init
 *fill*         0x080068f2        0x2 
 .text.HAL_ADC_Start
                0x080068f4      0x168 ./Drivers/STM32F4xx_HAL_Driver/Src/stm32f4xx_hal_adc.o
                0x080068f4                HAL_ADC_Start
 .text.HAL_ADC_Stop
                0x08006a5c       0x66 ./Drivers/STM32F4xx_HAL_Driver/Src/stm32f4xx_hal_adc.o
                0x08006a5c                HAL_ADC_Stop
 .text.HAL_ADC_PollForConversion
                0x08006ac2      0x116 ./Drivers/STM32F4xx_HAL_Driver/Src/stm32f4xx_hal_adc.o
                0x08006ac2                HAL_ADC_PollForConversion
 .text.HAL_ADC_IRQHandler
                0x08006bd8      0x220 ./Drivers/STM32F4xx_HAL_Driver/Src/stm32f4xx_hal_adc.o
                0x08006bd8                HAL_ADC_IRQHandler
 .text.HAL_ADC_GetValue
                0x08006df8       0x1a ./Drivers/STM32F4xx_HAL_Driver/Src/stm32f4xx_hal_adc.o
                0x08006df8                HAL_ADC_GetValue
 .text.HAL_ADC_ConvCpltCallback
                0x08006e12       0x14 ./Drivers/STM32F4xx_HAL_Driver/Src/stm32f4xx_hal_adc.o
                0x08006e12                HAL_ADC_ConvCpltCallback
 .text.HAL_ADC_LevelOutOfWindowCallback
                0x08006e26       0x14 ./Drivers/STM32F4xx_HAL_Driver/Src/stm32f4xx_hal_adc.o
                0x08006e26                HAL_ADC_LevelOutOfWindowCallback
 .text.HAL_ADC_ErrorCallback
                0x08006e3a       0x14 ./Drivers/STM32F4xx_HAL_Driver/Src/stm32f4xx_hal_adc.o
                0x08006e3a                HAL_ADC_ErrorCallback
 *fill*         0x08006e4e        0x2 
 .text.HAL_ADC_ConfigChannel
                0x08006e50      0x244 ./Drivers/STM32F4xx_HAL_Driver/Src/stm32f4xx_hal_adc.o
                0x08006e50                HAL_ADC_ConfigChannel
 .text.ADC_Init
                0x08007094      0x1f8 ./Drivers/STM32F4xx_HAL_Driver/Src/stm32f4xx_hal_adc.o
 .text.HAL_ADCEx_InjectedConvCpltCallback
                0x0800728c       0x14 ./Drivers/STM32F4xx_HAL_Driver/Src/stm32f4xx_hal_adc_ex.o
                0x0800728c                HAL_ADCEx_InjectedConvCpltCallback
 .text.__NVIC_SetPriorityGrouping
                0x080072a0       0x48 ./Drivers/STM32F4xx_HAL_Driver/Src/stm32f4xx_hal_cortex.o
 .text.__NVIC_GetPriorityGrouping
                0x080072e8       0x1c ./Drivers/STM32F4xx_HAL_Driver/Src/stm32f4xx_hal_cortex.o
 .text.__NVIC_EnableIRQ
                0x08007304       0x3c ./Drivers/STM32F4xx_HAL_Driver/Src/stm32f4xx_hal_cortex.o
 .text.__NVIC_SetPriority
                0x08007340       0x54 ./Drivers/STM32F4xx_HAL_Driver/Src/stm32f4xx_hal_cortex.o
 .text.NVIC_EncodePriority
                0x08007394       0x66 ./Drivers/STM32F4xx_HAL_Driver/Src/stm32f4xx_hal_cortex.o
 *fill*         0x080073fa        0x2 
 .text.SysTick_Config
                0x080073fc       0x44 ./Drivers/STM32F4xx_HAL_Driver/Src/stm32f4xx_hal_cortex.o
 .text.HAL_NVIC_SetPriorityGrouping
                0x08007440       0x16 ./Drivers/STM32F4xx_HAL_Driver/Src/stm32f4xx_hal_cortex.o
                0x08007440                HAL_NVIC_SetPriorityGrouping
 .text.HAL_NVIC_SetPriority
                0x08007456       0x38 ./Drivers/STM32F4xx_HAL_Driver/Src/stm32f4xx_hal_cortex.o
                0x08007456                HAL_NVIC_SetPriority
 .text.HAL_NVIC_EnableIRQ
                0x0800748e       0x1c ./Drivers/STM32F4xx_HAL_Driver/Src/stm32f4xx_hal_cortex.o
                0x0800748e                HAL_NVIC_EnableIRQ
 .text.HAL_SYSTICK_Config
                0x080074aa       0x18 ./Drivers/STM32F4xx_HAL_Driver/Src/stm32f4xx_hal_cortex.o
                0x080074aa                HAL_SYSTICK_Config
 *fill*         0x080074c2        0x2 
 .text.HAL_GPIO_Init
                0x080074c4      0x308 ./Drivers/STM32F4xx_HAL_Driver/Src/stm32f4xx_hal_gpio.o
                0x080074c4                HAL_GPIO_Init
 .text.HAL_GPIO_ReadPin
                0x080077cc       0x30 ./Drivers/STM32F4xx_HAL_Driver/Src/stm32f4xx_hal_gpio.o
                0x080077cc                HAL_GPIO_ReadPin
 .text.HAL_GPIO_WritePin
                0x080077fc       0x32 ./Drivers/STM32F4xx_HAL_Driver/Src/stm32f4xx_hal_gpio.o
                0x080077fc                HAL_GPIO_WritePin
 .text.HAL_HCD_Init
                0x0800782e       0xce ./Drivers/STM32F4xx_HAL_Driver/Src/stm32f4xx_hal_hcd.o
                0x0800782e                HAL_HCD_Init
 .text.HAL_HCD_HC_Init
                0x080078fc      0x170 ./Drivers/STM32F4xx_HAL_Driver/Src/stm32f4xx_hal_hcd.o
                0x080078fc                HAL_HCD_HC_Init
 .text.HAL_HCD_HC_Halt
                0x08007a6c       0x46 ./Drivers/STM32F4xx_HAL_Driver/Src/stm32f4xx_hal_hcd.o
                0x08007a6c                HAL_HCD_HC_Halt
 *fill*         0x08007ab2        0x2 
 .text.HAL_HCD_HC_SubmitRequest
                0x08007ab4      0x33c ./Drivers/STM32F4xx_HAL_Driver/Src/stm32f4xx_hal_hcd.o
                0x08007ab4                HAL_HCD_HC_SubmitRequest
 .text.HAL_HCD_IRQHandler
                0x08007df0      0x220 ./Drivers/STM32F4xx_HAL_Driver/Src/stm32f4xx_hal_hcd.o
                0x08007df0                HAL_HCD_IRQHandler
 .text.HAL_HCD_Start
                0x08008010       0x46 ./Drivers/STM32F4xx_HAL_Driver/Src/stm32f4xx_hal_hcd.o
                0x08008010                HAL_HCD_Start
 .text.HAL_HCD_Stop
                0x08008056       0x3a ./Drivers/STM32F4xx_HAL_Driver/Src/stm32f4xx_hal_hcd.o
                0x08008056                HAL_HCD_Stop
 .text.HAL_HCD_ResetPort
                0x08008090       0x1c ./Drivers/STM32F4xx_HAL_Driver/Src/stm32f4xx_hal_hcd.o
                0x08008090                HAL_HCD_ResetPort
 .text.HAL_HCD_HC_GetURBState
                0x080080ac       0x2a ./Drivers/STM32F4xx_HAL_Driver/Src/stm32f4xx_hal_hcd.o
                0x080080ac                HAL_HCD_HC_GetURBState
 .text.HAL_HCD_HC_GetXferCount
                0x080080d6       0x2a ./Drivers/STM32F4xx_HAL_Driver/Src/stm32f4xx_hal_hcd.o
                0x080080d6                HAL_HCD_HC_GetXferCount
 .text.HAL_HCD_GetCurrentFrame
                0x08008100       0x1c ./Drivers/STM32F4xx_HAL_Driver/Src/stm32f4xx_hal_hcd.o
                0x08008100                HAL_HCD_GetCurrentFrame
 .text.HAL_HCD_GetCurrentSpeed
                0x0800811c       0x1c ./Drivers/STM32F4xx_HAL_Driver/Src/stm32f4xx_hal_hcd.o
                0x0800811c                HAL_HCD_GetCurrentSpeed
 .text.HAL_HCD_HC_ClearHubInfo
                0x08008138       0x6a ./Drivers/STM32F4xx_HAL_Driver/Src/stm32f4xx_hal_hcd.o
                0x08008138                HAL_HCD_HC_ClearHubInfo
 .text.HCD_HC_IN_IRQHandler
                0x080081a2      0xcd2 ./Drivers/STM32F4xx_HAL_Driver/Src/stm32f4xx_hal_hcd.o
 .text.HCD_HC_OUT_IRQHandler
                0x08008e74      0x97e ./Drivers/STM32F4xx_HAL_Driver/Src/stm32f4xx_hal_hcd.o
 .text.HCD_RXQLVL_IRQHandler
                0x080097f2      0x1be ./Drivers/STM32F4xx_HAL_Driver/Src/stm32f4xx_hal_hcd.o
 .text.HCD_Port_IRQHandler
                0x080099b0       0xe6 ./Drivers/STM32F4xx_HAL_Driver/Src/stm32f4xx_hal_hcd.o
 *fill*         0x08009a96        0x2 
 .text.HAL_I2C_Init
                0x08009a98      0x288 ./Drivers/STM32F4xx_HAL_Driver/Src/stm32f4xx_hal_i2c.o
                0x08009a98                HAL_I2C_Init
 .text.HAL_I2C_Master_Transmit
                0x08009d20      0x1fc ./Drivers/STM32F4xx_HAL_Driver/Src/stm32f4xx_hal_i2c.o
                0x08009d20                HAL_I2C_Master_Transmit
 .text.HAL_I2C_Mem_Write
                0x08009f1c      0x1f4 ./Drivers/STM32F4xx_HAL_Driver/Src/stm32f4xx_hal_i2c.o
                0x08009f1c                HAL_I2C_Mem_Write
 .text.HAL_I2C_Mem_Read
                0x0800a110      0x464 ./Drivers/STM32F4xx_HAL_Driver/Src/stm32f4xx_hal_i2c.o
                0x0800a110                HAL_I2C_Mem_Read
 .text.I2C_MasterRequestWrite
                0x0800a574      0x104 ./Drivers/STM32F4xx_HAL_Driver/Src/stm32f4xx_hal_i2c.o
 .text.I2C_RequestMemoryWrite
                0x0800a678      0x12c ./Drivers/STM32F4xx_HAL_Driver/Src/stm32f4xx_hal_i2c.o
 .text.I2C_RequestMemoryRead
                0x0800a7a4      0x1d0 ./Drivers/STM32F4xx_HAL_Driver/Src/stm32f4xx_hal_i2c.o
 .text.I2C_WaitOnFlagUntilTimeout
                0x0800a974       0xf4 ./Drivers/STM32F4xx_HAL_Driver/Src/stm32f4xx_hal_i2c.o
 .text.I2C_WaitOnMasterAddressFlagUntilTimeout
                0x0800aa68      0x140 ./Drivers/STM32F4xx_HAL_Driver/Src/stm32f4xx_hal_i2c.o
 .text.I2C_WaitOnTXEFlagUntilTimeout
                0x0800aba8       0x90 ./Drivers/STM32F4xx_HAL_Driver/Src/stm32f4xx_hal_i2c.o
 .text.I2C_WaitOnBTFFlagUntilTimeout
                0x0800ac38       0x90 ./Drivers/STM32F4xx_HAL_Driver/Src/stm32f4xx_hal_i2c.o
 .text.I2C_WaitOnRXNEFlagUntilTimeout
                0x0800acc8       0xba ./Drivers/STM32F4xx_HAL_Driver/Src/stm32f4xx_hal_i2c.o
 .text.I2C_IsAcknowledgeFailed
                0x0800ad82       0x5e ./Drivers/STM32F4xx_HAL_Driver/Src/stm32f4xx_hal_i2c.o
 .text.HAL_RCC_OscConfig
                0x0800ade0      0x4f0 ./Drivers/STM32F4xx_HAL_Driver/Src/stm32f4xx_hal_rcc.o
                0x0800ade0                HAL_RCC_OscConfig
 .text.HAL_RCC_ClockConfig
                0x0800b2d0      0x1cc ./Drivers/STM32F4xx_HAL_Driver/Src/stm32f4xx_hal_rcc.o
                0x0800b2d0                HAL_RCC_ClockConfig
 .text.HAL_RCC_GetSysClockFreq
                0x0800b49c      0x18c ./Drivers/STM32F4xx_HAL_Driver/Src/stm32f4xx_hal_rcc.o
                0x0800b49c                HAL_RCC_GetSysClockFreq
 .text.HAL_RCC_GetHCLKFreq
                0x0800b628       0x18 ./Drivers/STM32F4xx_HAL_Driver/Src/stm32f4xx_hal_rcc.o
                0x0800b628                HAL_RCC_GetHCLKFreq
 .text.HAL_RCC_GetPCLK1Freq
                0x0800b640       0x28 ./Drivers/STM32F4xx_HAL_Driver/Src/stm32f4xx_hal_rcc.o
                0x0800b640                HAL_RCC_GetPCLK1Freq
 .text.HAL_SPI_Init
                0x0800b668      0x112 ./Drivers/STM32F4xx_HAL_Driver/Src/stm32f4xx_hal_spi.o
                0x0800b668                HAL_SPI_Init
 .text.HAL_SPI_Transmit
                0x0800b77a      0x288 ./Drivers/STM32F4xx_HAL_Driver/Src/stm32f4xx_hal_spi.o
                0x0800b77a                HAL_SPI_Transmit
 .text.HAL_SPI_Receive
                0x0800ba02      0x232 ./Drivers/STM32F4xx_HAL_Driver/Src/stm32f4xx_hal_spi.o
                0x0800ba02                HAL_SPI_Receive
 .text.HAL_SPI_TransmitReceive
                0x0800bc34      0x352 ./Drivers/STM32F4xx_HAL_Driver/Src/stm32f4xx_hal_spi.o
                0x0800bc34                HAL_SPI_TransmitReceive
 *fill*         0x0800bf86        0x2 
 .text.SPI_WaitFlagStateUntilTimeout
                0x0800bf88      0x110 ./Drivers/STM32F4xx_HAL_Driver/Src/stm32f4xx_hal_spi.o
 .text.SPI_EndRxTransaction
                0x0800c098       0xca ./Drivers/STM32F4xx_HAL_Driver/Src/stm32f4xx_hal_spi.o
 *fill*         0x0800c162        0x2 
 .text.SPI_EndRxTxTransaction
                0x0800c164       0xa8 ./Drivers/STM32F4xx_HAL_Driver/Src/stm32f4xx_hal_spi.o
 .text.HAL_TIM_Base_Init
                0x0800c20c       0x9e ./Drivers/STM32F4xx_HAL_Driver/Src/stm32f4xx_hal_tim.o
                0x0800c20c                HAL_TIM_Base_Init
 .text.HAL_TIM_IRQHandler
                0x0800c2aa      0x1e0 ./Drivers/STM32F4xx_HAL_Driver/Src/stm32f4xx_hal_tim.o
                0x0800c2aa                HAL_TIM_IRQHandler
 .text.HAL_TIM_ConfigClockSource
                0x0800c48a      0x18e ./Drivers/STM32F4xx_HAL_Driver/Src/stm32f4xx_hal_tim.o
                0x0800c48a                HAL_TIM_ConfigClockSource
 .text.HAL_TIM_PeriodElapsedCallback
                0x0800c618       0x14 ./Drivers/STM32F4xx_HAL_Driver/Src/stm32f4xx_hal_tim.o
                0x0800c618                HAL_TIM_PeriodElapsedCallback
 .text.HAL_TIM_OC_DelayElapsedCallback
                0x0800c62c       0x14 ./Drivers/STM32F4xx_HAL_Driver/Src/stm32f4xx_hal_tim.o
                0x0800c62c                HAL_TIM_OC_DelayElapsedCallback
 .text.HAL_TIM_IC_CaptureCallback
                0x0800c640       0x14 ./Drivers/STM32F4xx_HAL_Driver/Src/stm32f4xx_hal_tim.o
                0x0800c640                HAL_TIM_IC_CaptureCallback
 .text.HAL_TIM_PWM_PulseFinishedCallback
                0x0800c654       0x14 ./Drivers/STM32F4xx_HAL_Driver/Src/stm32f4xx_hal_tim.o
                0x0800c654                HAL_TIM_PWM_PulseFinishedCallback
 .text.HAL_TIM_TriggerCallback
                0x0800c668       0x14 ./Drivers/STM32F4xx_HAL_Driver/Src/stm32f4xx_hal_tim.o
                0x0800c668                HAL_TIM_TriggerCallback
 .text.TIM_Base_SetConfig
                0x0800c67c      0x10c ./Drivers/STM32F4xx_HAL_Driver/Src/stm32f4xx_hal_tim.o
                0x0800c67c                TIM_Base_SetConfig
 .text.TIM_TI1_ConfigInputStage
                0x0800c788       0x5e ./Drivers/STM32F4xx_HAL_Driver/Src/stm32f4xx_hal_tim.o
 .text.TIM_TI2_ConfigInputStage
                0x0800c7e6       0x60 ./Drivers/STM32F4xx_HAL_Driver/Src/stm32f4xx_hal_tim.o
 .text.TIM_ITRx_SetConfig
                0x0800c846       0x36 ./Drivers/STM32F4xx_HAL_Driver/Src/stm32f4xx_hal_tim.o
 .text.TIM_ETR_SetConfig
                0x0800c87c       0x40 ./Drivers/STM32F4xx_HAL_Driver/Src/stm32f4xx_hal_tim.o
                0x0800c87c                TIM_ETR_SetConfig
 .text.HAL_TIMEx_MasterConfigSynchronization
                0x0800c8bc       0xdc ./Drivers/STM32F4xx_HAL_Driver/Src/stm32f4xx_hal_tim_ex.o
                0x0800c8bc                HAL_TIMEx_MasterConfigSynchronization
 .text.HAL_TIMEx_CommutCallback
                0x0800c998       0x14 ./Drivers/STM32F4xx_HAL_Driver/Src/stm32f4xx_hal_tim_ex.o
                0x0800c998                HAL_TIMEx_CommutCallback
 .text.HAL_TIMEx_BreakCallback
                0x0800c9ac       0x14 ./Drivers/STM32F4xx_HAL_Driver/Src/stm32f4xx_hal_tim_ex.o
                0x0800c9ac                HAL_TIMEx_BreakCallback
 .text.USB_CoreInit
                0x0800c9c0       0xc8 ./Drivers/STM32F4xx_HAL_Driver/Src/stm32f4xx_ll_usb.o
                0x0800c9c0                USB_CoreInit
 .text.USB_EnableGlobalInt
                0x0800ca88       0x22 ./Drivers/STM32F4xx_HAL_Driver/Src/stm32f4xx_ll_usb.o
                0x0800ca88                USB_EnableGlobalInt
 .text.USB_DisableGlobalInt
                0x0800caaa       0x22 ./Drivers/STM32F4xx_HAL_Driver/Src/stm32f4xx_ll_usb.o
                0x0800caaa                USB_DisableGlobalInt
 .text.USB_SetCurrentMode
                0x0800cacc       0x98 ./Drivers/STM32F4xx_HAL_Driver/Src/stm32f4xx_ll_usb.o
                0x0800cacc                USB_SetCurrentMode
 .text.USB_FlushTxFifo
                0x0800cb64       0x64 ./Drivers/STM32F4xx_HAL_Driver/Src/stm32f4xx_ll_usb.o
                0x0800cb64                USB_FlushTxFifo
 .text.USB_FlushRxFifo
                0x0800cbc8       0x5c ./Drivers/STM32F4xx_HAL_Driver/Src/stm32f4xx_ll_usb.o
                0x0800cbc8                USB_FlushRxFifo
 .text.USB_WritePacket
                0x0800cc24       0x7c ./Drivers/STM32F4xx_HAL_Driver/Src/stm32f4xx_ll_usb.o
                0x0800cc24                USB_WritePacket
 .text.USB_ReadPacket
                0x0800cca0       0xb0 ./Drivers/STM32F4xx_HAL_Driver/Src/stm32f4xx_ll_usb.o
                0x0800cca0                USB_ReadPacket
 .text.USB_ReadInterrupts
                0x0800cd50       0x26 ./Drivers/STM32F4xx_HAL_Driver/Src/stm32f4xx_ll_usb.o
                0x0800cd50                USB_ReadInterrupts
 .text.USB_ReadChInterrupts
                0x0800cd76       0x42 ./Drivers/STM32F4xx_HAL_Driver/Src/stm32f4xx_ll_usb.o
                0x0800cd76                USB_ReadChInterrupts
 .text.USB_GetMode
                0x0800cdb8       0x1c ./Drivers/STM32F4xx_HAL_Driver/Src/stm32f4xx_ll_usb.o
                0x0800cdb8                USB_GetMode
 .text.USB_CoreReset
                0x0800cdd4       0x70 ./Drivers/STM32F4xx_HAL_Driver/Src/stm32f4xx_ll_usb.o
 .text.USB_HostInit
                0x0800ce44      0x15c ./Drivers/STM32F4xx_HAL_Driver/Src/stm32f4xx_ll_usb.o
                0x0800ce44                USB_HostInit
 .text.USB_InitFSLSPClkSel
                0x0800cfa0       0x7a ./Drivers/STM32F4xx_HAL_Driver/Src/stm32f4xx_ll_usb.o
                0x0800cfa0                USB_InitFSLSPClkSel
 .text.USB_ResetPort
                0x0800d01a       0x54 ./Drivers/STM32F4xx_HAL_Driver/Src/stm32f4xx_ll_usb.o
                0x0800d01a                USB_ResetPort
 .text.USB_DriveVbus
                0x0800d06e       0x72 ./Drivers/STM32F4xx_HAL_Driver/Src/stm32f4xx_ll_usb.o
                0x0800d06e                USB_DriveVbus
 .text.USB_GetHostSpeed
                0x0800d0e0       0x2e ./Drivers/STM32F4xx_HAL_Driver/Src/stm32f4xx_ll_usb.o
                0x0800d0e0                USB_GetHostSpeed
 .text.USB_GetCurrentFrame
                0x0800d10e       0x22 ./Drivers/STM32F4xx_HAL_Driver/Src/stm32f4xx_ll_usb.o
                0x0800d10e                USB_GetCurrentFrame
 .text.USB_HC_Init
                0x0800d130      0x22c ./Drivers/STM32F4xx_HAL_Driver/Src/stm32f4xx_ll_usb.o
                0x0800d130                USB_HC_Init
 .text.USB_HC_StartXfer
                0x0800d35c      0x488 ./Drivers/STM32F4xx_HAL_Driver/Src/stm32f4xx_ll_usb.o
                0x0800d35c                USB_HC_StartXfer
 .text.USB_HC_ReadInterrupt
                0x0800d7e4       0x22 ./Drivers/STM32F4xx_HAL_Driver/Src/stm32f4xx_ll_usb.o
                0x0800d7e4                USB_HC_ReadInterrupt
 .text.USB_HC_Halt
                0x0800d806      0x240 ./Drivers/STM32F4xx_HAL_Driver/Src/stm32f4xx_ll_usb.o
                0x0800d806                USB_HC_Halt
 .text.USB_StopHost
                0x0800da46      0x124 ./Drivers/STM32F4xx_HAL_Driver/Src/stm32f4xx_ll_usb.o
                0x0800da46                USB_StopHost
 *fill*         0x0800db6a        0x2 
 .text.MX_FATFS_Init
                0x0800db6c       0x24 ./FATFS/App/fatfs.o
                0x0800db6c                MX_FATFS_Init
 .text.get_fattime
                0x0800db90       0x10 ./FATFS/App/fatfs.o
                0x0800db90                get_fattime
 .text.USBH_initialize
                0x0800dba0       0x18 ./FATFS/Target/usbh_diskio.o
                0x0800dba0                USBH_initialize
 .text.USBH_status
                0x0800dbb8       0x38 ./FATFS/Target/usbh_diskio.o
                0x0800dbb8                USBH_status
 .text.USBH_read
                0x0800dbf0       0x74 ./FATFS/Target/usbh_diskio.o
                0x0800dbf0                USBH_read
 .text.USBH_write
                0x0800dc64       0x84 ./FATFS/Target/usbh_diskio.o
                0x0800dc64                USBH_write
 .text.USBH_ioctl
                0x0800dce8       0xd8 ./FATFS/Target/usbh_diskio.o
                0x0800dce8                USBH_ioctl
 .text.USBH_MSC_InterfaceInit
                0x0800ddc0      0x244 ./Middlewares/ST/STM32_USB_Host_Library/Class/MSC/Src/usbh_msc.o
 .text.USBH_MSC_InterfaceDeInit
                0x0800e004       0x8c ./Middlewares/ST/STM32_USB_Host_Library/Class/MSC/Src/usbh_msc.o
 .text.USBH_MSC_ClassRequest
                0x0800e090       0xce ./Middlewares/ST/STM32_USB_Host_Library/Class/MSC/Src/usbh_msc.o
 *fill*         0x0800e15e        0x2 
 .text.USBH_MSC_Process
                0x0800e160      0x5ac ./Middlewares/ST/STM32_USB_Host_Library/Class/MSC/Src/usbh_msc.o
 .text.USBH_MSC_SOFProcess
                0x0800e70c       0x16 ./Middlewares/ST/STM32_USB_Host_Library/Class/MSC/Src/usbh_msc.o
 .text.USBH_MSC_RdWrProcess
                0x0800e722      0x1a0 ./Middlewares/ST/STM32_USB_Host_Library/Class/MSC/Src/usbh_msc.o
 .text.USBH_MSC_UnitIsReady
                0x0800e8c2       0x56 ./Middlewares/ST/STM32_USB_Host_Library/Class/MSC/Src/usbh_msc.o
                0x0800e8c2                USBH_MSC_UnitIsReady
 .text.USBH_MSC_GetLUNInfo
                0x0800e918       0x52 ./Middlewares/ST/STM32_USB_Host_Library/Class/MSC/Src/usbh_msc.o
                0x0800e918                USBH_MSC_GetLUNInfo
 .text.USBH_MSC_Read
                0x0800e96a       0xc0 ./Middlewares/ST/STM32_USB_Host_Library/Class/MSC/Src/usbh_msc.o
                0x0800e96a                USBH_MSC_Read
 .text.USBH_MSC_Write
                0x0800ea2a       0xc0 ./Middlewares/ST/STM32_USB_Host_Library/Class/MSC/Src/usbh_msc.o
                0x0800ea2a                USBH_MSC_Write
 .text.USBH_MSC_BOT_REQ_Reset
                0x0800eaea       0x3a ./Middlewares/ST/STM32_USB_Host_Library/Class/MSC/Src/usbh_msc_bot.o
                0x0800eaea                USBH_MSC_BOT_REQ_Reset
 .text.USBH_MSC_BOT_REQ_GetMaxLUN
                0x0800eb24       0x3c ./Middlewares/ST/STM32_USB_Host_Library/Class/MSC/Src/usbh_msc_bot.o
                0x0800eb24                USBH_MSC_BOT_REQ_GetMaxLUN
 .text.USBH_MSC_BOT_Init
                0x0800eb60       0x44 ./Middlewares/ST/STM32_USB_Host_Library/Class/MSC/Src/usbh_msc_bot.o
                0x0800eb60                USBH_MSC_BOT_Init
 .text.USBH_MSC_BOT_Process
                0x0800eba4      0x39c ./Middlewares/ST/STM32_USB_Host_Library/Class/MSC/Src/usbh_msc_bot.o
                0x0800eba4                USBH_MSC_BOT_Process
 .text.USBH_MSC_BOT_Abort
                0x0800ef40       0x58 ./Middlewares/ST/STM32_USB_Host_Library/Class/MSC/Src/usbh_msc_bot.o
 .text.USBH_MSC_DecodeCSW
                0x0800ef98       0x88 ./Middlewares/ST/STM32_USB_Host_Library/Class/MSC/Src/usbh_msc_bot.o
 .text.USBH_MSC_SCSI_TestUnitReady
                0x0800f020       0x86 ./Middlewares/ST/STM32_USB_Host_Library/Class/MSC/Src/usbh_msc_scsi.o
                0x0800f020                USBH_MSC_SCSI_TestUnitReady
 .text.USBH_MSC_SCSI_ReadCapacity
                0x0800f0a6       0xf4 ./Middlewares/ST/STM32_USB_Host_Library/Class/MSC/Src/usbh_msc_scsi.o
                0x0800f0a6                USBH_MSC_SCSI_ReadCapacity
 .text.USBH_MSC_SCSI_Inquiry
                0x0800f19a      0x14a ./Middlewares/ST/STM32_USB_Host_Library/Class/MSC/Src/usbh_msc_scsi.o
                0x0800f19a                USBH_MSC_SCSI_Inquiry
 .text.USBH_MSC_SCSI_RequestSense
                0x0800f2e4       0xfe ./Middlewares/ST/STM32_USB_Host_Library/Class/MSC/Src/usbh_msc_scsi.o
                0x0800f2e4                USBH_MSC_SCSI_RequestSense
 .text.USBH_MSC_SCSI_Write
                0x0800f3e2       0xe0 ./Middlewares/ST/STM32_USB_Host_Library/Class/MSC/Src/usbh_msc_scsi.o
                0x0800f3e2                USBH_MSC_SCSI_Write
 .text.USBH_MSC_SCSI_Read
                0x0800f4c2       0xe0 ./Middlewares/ST/STM32_USB_Host_Library/Class/MSC/Src/usbh_msc_scsi.o
                0x0800f4c2                USBH_MSC_SCSI_Read
 .text.USBH_Init
                0x0800f5a2       0x74 ./Middlewares/ST/STM32_USB_Host_Library/Core/Src/usbh_core.o
                0x0800f5a2                USBH_Init
 .text.DeInitStateMachine
                0x0800f616       0xe2 ./Middlewares/ST/STM32_USB_Host_Library/Core/Src/usbh_core.o
 .text.USBH_RegisterClass
                0x0800f6f8       0x54 ./Middlewares/ST/STM32_USB_Host_Library/Core/Src/usbh_core.o
                0x0800f6f8                USBH_RegisterClass
 .text.USBH_SelectInterface
                0x0800f74c       0x38 ./Middlewares/ST/STM32_USB_Host_Library/Core/Src/usbh_core.o
                0x0800f74c                USBH_SelectInterface
 .text.USBH_FindInterface
                0x0800f784       0x8c ./Middlewares/ST/STM32_USB_Host_Library/Core/Src/usbh_core.o
                0x0800f784                USBH_FindInterface
 .text.USBH_Start
                0x0800f810       0x20 ./Middlewares/ST/STM32_USB_Host_Library/Core/Src/usbh_core.o
                0x0800f810                USBH_Start
 .text.USBH_Process
                0x0800f830      0x3d4 ./Middlewares/ST/STM32_USB_Host_Library/Core/Src/usbh_core.o
                0x0800f830                USBH_Process
 .text.USBH_HandleEnum
                0x0800fc04      0x3c0 ./Middlewares/ST/STM32_USB_Host_Library/Core/Src/usbh_core.o
 .text.USBH_LL_SetTimer
                0x0800ffc4       0x1e ./Middlewares/ST/STM32_USB_Host_Library/Core/Src/usbh_core.o
                0x0800ffc4                USBH_LL_SetTimer
 .text.USBH_LL_IncTimer
                0x0800ffe2       0x24 ./Middlewares/ST/STM32_USB_Host_Library/Core/Src/usbh_core.o
                0x0800ffe2                USBH_LL_IncTimer
 .text.USBH_HandleSof
                0x08010006       0x30 ./Middlewares/ST/STM32_USB_Host_Library/Core/Src/usbh_core.o
 .text.USBH_LL_PortEnabled
                0x08010036       0x1c ./Middlewares/ST/STM32_USB_Host_Library/Core/Src/usbh_core.o
                0x08010036                USBH_LL_PortEnabled
 .text.USBH_LL_PortDisabled
                0x08010052       0x24 ./Middlewares/ST/STM32_USB_Host_Library/Core/Src/usbh_core.o
                0x08010052                USBH_LL_PortDisabled
 .text.USBH_LL_Connect
                0x08010076       0x2e ./Middlewares/ST/STM32_USB_Host_Library/Core/Src/usbh_core.o
                0x08010076                USBH_LL_Connect
 .text.USBH_LL_Disconnect
                0x080100a4       0x48 ./Middlewares/ST/STM32_USB_Host_Library/Core/Src/usbh_core.o
                0x080100a4                USBH_LL_Disconnect
 .text.USBH_Get_DevDesc
                0x080100ec       0x58 ./Middlewares/ST/STM32_USB_Host_Library/Core/Src/usbh_ctlreq.o
                0x080100ec                USBH_Get_DevDesc
 .text.USBH_Get_CfgDesc
                0x08010144       0x54 ./Middlewares/ST/STM32_USB_Host_Library/Core/Src/usbh_ctlreq.o
                0x08010144                USBH_Get_CfgDesc
 .text.USBH_Get_StringDesc
                0x08010198       0x68 ./Middlewares/ST/STM32_USB_Host_Library/Core/Src/usbh_ctlreq.o
                0x08010198                USBH_Get_StringDesc
 .text.USBH_GetDescriptor
                0x08010200       0x6a ./Middlewares/ST/STM32_USB_Host_Library/Core/Src/usbh_ctlreq.o
                0x08010200                USBH_GetDescriptor
 .text.USBH_SetAddress
                0x0801026a       0x48 ./Middlewares/ST/STM32_USB_Host_Library/Core/Src/usbh_ctlreq.o
                0x0801026a                USBH_SetAddress
 .text.USBH_SetCfg
                0x080102b2       0x46 ./Middlewares/ST/STM32_USB_Host_Library/Core/Src/usbh_ctlreq.o
                0x080102b2                USBH_SetCfg
 .text.USBH_SetFeature
                0x080102f8       0x48 ./Middlewares/ST/STM32_USB_Host_Library/Core/Src/usbh_ctlreq.o
                0x080102f8                USBH_SetFeature
 .text.USBH_ClrFeature
                0x08010340       0x48 ./Middlewares/ST/STM32_USB_Host_Library/Core/Src/usbh_ctlreq.o
                0x08010340                USBH_ClrFeature
 .text.USBH_ParseDevDesc
                0x08010388      0x160 ./Middlewares/ST/STM32_USB_Host_Library/Core/Src/usbh_ctlreq.o
 .text.USBH_ParseCfgDesc
                0x080104e8      0x1f8 ./Middlewares/ST/STM32_USB_Host_Library/Core/Src/usbh_ctlreq.o
 .text.USBH_ParseInterfaceDesc
                0x080106e0       0x5e ./Middlewares/ST/STM32_USB_Host_Library/Core/Src/usbh_ctlreq.o
 .text.USBH_ParseEPDesc
                0x0801073e      0x1d0 ./Middlewares/ST/STM32_USB_Host_Library/Core/Src/usbh_ctlreq.o
 .text.USBH_ParseStringDesc
                0x0801090e       0x66 ./Middlewares/ST/STM32_USB_Host_Library/Core/Src/usbh_ctlreq.o
 .text.USBH_GetNextDesc
                0x08010974       0x34 ./Middlewares/ST/STM32_USB_Host_Library/Core/Src/usbh_ctlreq.o
                0x08010974                USBH_GetNextDesc
 .text.USBH_CtlReq
                0x080109a8       0x7a ./Middlewares/ST/STM32_USB_Host_Library/Core/Src/usbh_ctlreq.o
                0x080109a8                USBH_CtlReq
 *fill*         0x08010a22        0x2 
 .text.USBH_HandleControl
                0x08010a24      0x2ec ./Middlewares/ST/STM32_USB_Host_Library/Core/Src/usbh_ctlreq.o
 .text.USBH_CtlSendSetup
                0x08010d10       0x34 ./Middlewares/ST/STM32_USB_Host_Library/Core/Src/usbh_ioreq.o
                0x08010d10                USBH_CtlSendSetup
 .text.USBH_CtlSendData
                0x08010d44       0x4a ./Middlewares/ST/STM32_USB_Host_Library/Core/Src/usbh_ioreq.o
                0x08010d44                USBH_CtlSendData
 .text.USBH_CtlReceiveData
                0x08010d8e       0x3c ./Middlewares/ST/STM32_USB_Host_Library/Core/Src/usbh_ioreq.o
                0x08010d8e                USBH_CtlReceiveData
 .text.USBH_BulkSendData
                0x08010dca       0x4a ./Middlewares/ST/STM32_USB_Host_Library/Core/Src/usbh_ioreq.o
                0x08010dca                USBH_BulkSendData
 .text.USBH_BulkReceiveData
                0x08010e14       0x3c ./Middlewares/ST/STM32_USB_Host_Library/Core/Src/usbh_ioreq.o
                0x08010e14                USBH_BulkReceiveData
 .text.USBH_OpenPipe
                0x08010e50       0x3e ./Middlewares/ST/STM32_USB_Host_Library/Core/Src/usbh_pipes.o
                0x08010e50                USBH_OpenPipe
 .text.USBH_ClosePipe
                0x08010e8e       0x20 ./Middlewares/ST/STM32_USB_Host_Library/Core/Src/usbh_pipes.o
                0x08010e8e                USBH_ClosePipe
 .text.USBH_AllocPipe
                0x08010eae       0x42 ./Middlewares/ST/STM32_USB_Host_Library/Core/Src/usbh_pipes.o
                0x08010eae                USBH_AllocPipe
 .text.USBH_FreePipe
                0x08010ef0       0x3c ./Middlewares/ST/STM32_USB_Host_Library/Core/Src/usbh_pipes.o
                0x08010ef0                USBH_FreePipe
 .text.USBH_GetFreePipe
                0x08010f2c       0x48 ./Middlewares/ST/STM32_USB_Host_Library/Core/Src/usbh_pipes.o
 .text.disk_status
                0x08010f74       0x34 ./Middlewares/Third_Party/FatFs/src/diskio.o
                0x08010f74                disk_status
 .text.disk_initialize
                0x08010fa8       0x50 ./Middlewares/Third_Party/FatFs/src/diskio.o
                0x08010fa8                disk_initialize
 .text.disk_read
                0x08010ff8       0x40 ./Middlewares/Third_Party/FatFs/src/diskio.o
                0x08010ff8                disk_read
 .text.disk_write
                0x08011038       0x40 ./Middlewares/Third_Party/FatFs/src/diskio.o
                0x08011038                disk_write
 .text.disk_ioctl
                0x08011078       0x3c ./Middlewares/Third_Party/FatFs/src/diskio.o
                0x08011078                disk_ioctl
 .text.ld_word  0x080110b4       0x32 ./Middlewares/Third_Party/FatFs/src/ff.o
 .text.ld_dword
                0x080110e6       0x46 ./Middlewares/Third_Party/FatFs/src/ff.o
 .text.st_word  0x0801112c       0x36 ./Middlewares/Third_Party/FatFs/src/ff.o
 .text.st_dword
                0x08011162       0x58 ./Middlewares/Third_Party/FatFs/src/ff.o
 .text.mem_cpy  0x080111ba       0x42 ./Middlewares/Third_Party/FatFs/src/ff.o
 .text.mem_set  0x080111fc       0x36 ./Middlewares/Third_Party/FatFs/src/ff.o
 .text.mem_cmp  0x08011232       0x4e ./Middlewares/Third_Party/FatFs/src/ff.o
 .text.chk_chr  0x08011280       0x36 ./Middlewares/Third_Party/FatFs/src/ff.o
 *fill*         0x080112b6        0x2 
 .text.chk_lock
                0x080112b8       0xb8 ./Middlewares/Third_Party/FatFs/src/ff.o
 .text.enq_lock
                0x08011370       0x44 ./Middlewares/Third_Party/FatFs/src/ff.o
 .text.inc_lock
                0x080113b4      0x11c ./Middlewares/Third_Party/FatFs/src/ff.o
 .text.dec_lock
                0x080114d0       0x78 ./Middlewares/Third_Party/FatFs/src/ff.o
 .text.clear_lock
                0x08011548       0x48 ./Middlewares/Third_Party/FatFs/src/ff.o
 .text.sync_window
                0x08011590       0x88 ./Middlewares/Third_Party/FatFs/src/ff.o
 .text.move_window
                0x08011618       0x5a ./Middlewares/Third_Party/FatFs/src/ff.o
 *fill*         0x08011672        0x2 
 .text.sync_fs  0x08011674       0xe0 ./Middlewares/Third_Party/FatFs/src/ff.o
 .text.clust2sect
                0x08011754       0x3e ./Middlewares/Third_Party/FatFs/src/ff.o
 .text.get_fat  0x08011792      0x1a6 ./Middlewares/Third_Party/FatFs/src/ff.o
 .text.put_fat  0x08011938      0x234 ./Middlewares/Third_Party/FatFs/src/ff.o
 .text.remove_chain
                0x08011b6c       0xca ./Middlewares/Third_Party/FatFs/src/ff.o
 .text.create_chain
                0x08011c36      0x130 ./Middlewares/Third_Party/FatFs/src/ff.o
 .text.clmt_clust
                0x08011d66       0x70 ./Middlewares/Third_Party/FatFs/src/ff.o
 .text.dir_sdi  0x08011dd6      0x112 ./Middlewares/Third_Party/FatFs/src/ff.o
 .text.dir_next
                0x08011ee8      0x1ac ./Middlewares/Third_Party/FatFs/src/ff.o
 .text.dir_alloc
                0x08012094       0x8e ./Middlewares/Third_Party/FatFs/src/ff.o
 .text.ld_clust
                0x08012122       0x3e ./Middlewares/Third_Party/FatFs/src/ff.o
 .text.st_clust
                0x08012160       0x40 ./Middlewares/Third_Party/FatFs/src/ff.o
 .text.cmp_lfn  0x080121a0       0xe0 ./Middlewares/Third_Party/FatFs/src/ff.o
 .text.put_lfn  0x08012280       0xd0 ./Middlewares/Third_Party/FatFs/src/ff.o
 .text.gen_numname
                0x08012350      0x11c ./Middlewares/Third_Party/FatFs/src/ff.o
 .text.sum_sfn  0x0801246c       0x42 ./Middlewares/Third_Party/FatFs/src/ff.o
 .text.dir_find
                0x080124ae      0x180 ./Middlewares/Third_Party/FatFs/src/ff.o
 *fill*         0x0801262e        0x2 
 .text.dir_register
                0x08012630      0x1f0 ./Middlewares/Third_Party/FatFs/src/ff.o
 .text.create_name
                0x08012820      0x370 ./Middlewares/Third_Party/FatFs/src/ff.o
 .text.follow_path
                0x08012b90       0xec ./Middlewares/Third_Party/FatFs/src/ff.o
 .text.get_ldnumber
                0x08012c7c       0x88 ./Middlewares/Third_Party/FatFs/src/ff.o
 .text.check_fs
                0x08012d04       0xac ./Middlewares/Third_Party/FatFs/src/ff.o
 .text.find_volume
                0x08012db0      0x50c ./Middlewares/Third_Party/FatFs/src/ff.o
 .text.validate
                0x080132bc       0x6a ./Middlewares/Third_Party/FatFs/src/ff.o
 *fill*         0x08013326        0x2 
 .text.f_mount  0x08013328       0x8c ./Middlewares/Third_Party/FatFs/src/ff.o
                0x08013328                f_mount
 .text.f_open   0x080133b4      0x390 ./Middlewares/Third_Party/FatFs/src/ff.o
                0x080133b4                f_open
 .text.f_write  0x08013744      0x328 ./Middlewares/Third_Party/FatFs/src/ff.o
                0x08013744                f_write
 .text.f_sync   0x08013a6c       0xfc ./Middlewares/Third_Party/FatFs/src/ff.o
                0x08013a6c                f_sync
 .text.f_close  0x08013b68       0x54 ./Middlewares/Third_Party/FatFs/src/ff.o
                0x08013b68                f_close
 .text.FATFS_LinkDriverEx
                0x08013bbc       0x98 ./Middlewares/Third_Party/FatFs/src/ff_gen_drv.o
                0x08013bbc                FATFS_LinkDriverEx
 .text.FATFS_LinkDriver
                0x08013c54       0x1e ./Middlewares/Third_Party/FatFs/src/ff_gen_drv.o
                0x08013c54                FATFS_LinkDriver
 *fill*         0x08013c72        0x2 
 .text.ff_convert
                0x08013c74       0x78 ./Middlewares/Third_Party/FatFs/src/option/ccsbcs.o
                0x08013c74                ff_convert
 .text.ff_wtoupper
                0x08013cec      0x114 ./Middlewares/Third_Party/FatFs/src/option/ccsbcs.o
                0x08013cec                ff_wtoupper
 .text.MX_USB_HOST_Init
                0x08013e00       0x4c ./USB_HOST/App/usb_host.o
                0x08013e00                MX_USB_HOST_Init
 .text.MX_USB_HOST_Process
                0x08013e4c       0x14 ./USB_HOST/App/usb_host.o
                0x08013e4c                MX_USB_HOST_Process
 .text.USBH_UserProcess
                0x08013e60       0x5c ./USB_HOST/App/usb_host.o
 .text.HAL_HCD_MspInit
                0x08013ebc       0xa8 ./USB_HOST/Target/usbh_conf.o
                0x08013ebc                HAL_HCD_MspInit
 .text.HAL_HCD_SOF_Callback
                0x08013f64       0x1c ./USB_HOST/Target/usbh_conf.o
                0x08013f64                HAL_HCD_SOF_Callback
 .text.HAL_HCD_Connect_Callback
                0x08013f80       0x1c ./USB_HOST/Target/usbh_conf.o
                0x08013f80                HAL_HCD_Connect_Callback
 .text.HAL_HCD_Disconnect_Callback
                0x08013f9c       0x1c ./USB_HOST/Target/usbh_conf.o
                0x08013f9c                HAL_HCD_Disconnect_Callback
 .text.HAL_HCD_HC_NotifyURBChange_Callback
                0x08013fb8       0x1c ./USB_HOST/Target/usbh_conf.o
                0x08013fb8                HAL_HCD_HC_NotifyURBChange_Callback
 .text.HAL_HCD_PortEnabled_Callback
                0x08013fd4       0x1c ./USB_HOST/Target/usbh_conf.o
                0x08013fd4                HAL_HCD_PortEnabled_Callback
 .text.HAL_HCD_PortDisabled_Callback
                0x08013ff0       0x1c ./USB_HOST/Target/usbh_conf.o
                0x08013ff0                HAL_HCD_PortDisabled_Callback
 .text.USBH_LL_Init
                0x0801400c       0x78 ./USB_HOST/Target/usbh_conf.o
                0x0801400c                USBH_LL_Init
 .text.USBH_LL_Start
                0x08014084       0x36 ./USB_HOST/Target/usbh_conf.o
                0x08014084                USBH_LL_Start
 .text.USBH_LL_Stop
                0x080140ba       0x36 ./USB_HOST/Target/usbh_conf.o
                0x080140ba                USBH_LL_Stop
 .text.USBH_LL_GetSpeed
                0x080140f0       0x4e ./USB_HOST/Target/usbh_conf.o
                0x080140f0                USBH_LL_GetSpeed
 .text.USBH_LL_ResetPort
                0x0801413e       0x36 ./USB_HOST/Target/usbh_conf.o
                0x0801413e                USBH_LL_ResetPort
 .text.USBH_LL_GetLastXferSize
                0x08014174       0x26 ./USB_HOST/Target/usbh_conf.o
                0x08014174                USBH_LL_GetLastXferSize
 .text.USBH_LL_OpenPipe
                0x0801419a       0x5e ./USB_HOST/Target/usbh_conf.o
                0x0801419a                USBH_LL_OpenPipe
 .text.USBH_LL_ClosePipe
                0x080141f8       0x3e ./USB_HOST/Target/usbh_conf.o
                0x080141f8                USBH_LL_ClosePipe
 .text.USBH_LL_SubmitURB
                0x08014236       0x62 ./USB_HOST/Target/usbh_conf.o
                0x08014236                USBH_LL_SubmitURB
 .text.USBH_LL_GetURBState
                0x08014298       0x26 ./USB_HOST/Target/usbh_conf.o
                0x08014298                USBH_LL_GetURBState
 .text.USBH_LL_DriverVBUS
                0x080142be       0x1c ./USB_HOST/Target/usbh_conf.o
                0x080142be                USBH_LL_DriverVBUS
 .text.USBH_LL_SetToggle
                0x080142da       0x66 ./USB_HOST/Target/usbh_conf.o
                0x080142da                USBH_LL_SetToggle
 .text.USBH_LL_GetToggle
                0x08014340       0x66 ./USB_HOST/Target/usbh_conf.o
                0x08014340                USBH_LL_GetToggle
 .text.USBH_Delay
                0x080143a6       0x16 ./USB_HOST/Target/usbh_conf.o
                0x080143a6                USBH_Delay
 .text.USBH_Get_USB_Status
                0x080143bc       0x58 ./USB_HOST/Target/usbh_conf.o
                0x080143bc                USBH_Get_USB_Status
 .text.malloc   0x08014414       0x10 C:/ST/STM32CubeIDE_1.18.0/STM32CubeIDE/plugins/com.st.stm32cube.ide.mcu.externaltools.gnu-tools-for-stm32.13.3.rel1.win32_1.0.0.202411081344/tools/bin/../lib/gcc/arm-none-eabi/13.3.1/../../../../arm-none-eabi/lib/thumb/v7e-m+fp/hard\libc_nano.a(libc_a-malloc.o)
                0x08014414                malloc
 .text.free     0x08014424       0x10 C:/ST/STM32CubeIDE_1.18.0/STM32CubeIDE/plugins/com.st.stm32cube.ide.mcu.externaltools.gnu-tools-for-stm32.13.3.rel1.win32_1.0.0.202411081344/tools/bin/../lib/gcc/arm-none-eabi/13.3.1/../../../../arm-none-eabi/lib/thumb/v7e-m+fp/hard\libc_nano.a(libc_a-malloc.o)
                0x08014424                free
 .text.sbrk_aligned
                0x08014434       0x44 C:/ST/STM32CubeIDE_1.18.0/STM32CubeIDE/plugins/com.st.stm32cube.ide.mcu.externaltools.gnu-tools-for-stm32.13.3.rel1.win32_1.0.0.202411081344/tools/bin/../lib/gcc/arm-none-eabi/13.3.1/../../../../arm-none-eabi/lib/thumb/v7e-m+fp/hard\libc_nano.a(libc_a-mallocr.o)
 .text._malloc_r
                0x08014478      0x100 C:/ST/STM32CubeIDE_1.18.0/STM32CubeIDE/plugins/com.st.stm32cube.ide.mcu.externaltools.gnu-tools-for-stm32.13.3.rel1.win32_1.0.0.202411081344/tools/bin/../lib/gcc/arm-none-eabi/13.3.1/../../../../arm-none-eabi/lib/thumb/v7e-m+fp/hard\libc_nano.a(libc_a-mallocr.o)
                0x08014478                _malloc_r
 .text.__malloc_lock
                0x08014578        0xc C:/ST/STM32CubeIDE_1.18.0/STM32CubeIDE/plugins/com.st.stm32cube.ide.mcu.externaltools.gnu-tools-for-stm32.13.3.rel1.win32_1.0.0.202411081344/tools/bin/../lib/gcc/arm-none-eabi/13.3.1/../../../../arm-none-eabi/lib/thumb/v7e-m+fp/hard\libc_nano.a(libc_a-mlock.o)
                0x08014578                __malloc_lock
 .text.__malloc_unlock
                0x08014584        0xc C:/ST/STM32CubeIDE_1.18.0/STM32CubeIDE/plugins/com.st.stm32cube.ide.mcu.externaltools.gnu-tools-for-stm32.13.3.rel1.win32_1.0.0.202411081344/tools/bin/../lib/gcc/arm-none-eabi/13.3.1/../../../../arm-none-eabi/lib/thumb/v7e-m+fp/hard\libc_nano.a(libc_a-mlock.o)
                0x08014584                __malloc_unlock
 .text.__cvt    0x08014590       0xca C:/ST/STM32CubeIDE_1.18.0/STM32CubeIDE/plugins/com.st.stm32cube.ide.mcu.externaltools.gnu-tools-for-stm32.13.3.rel1.win32_1.0.0.202411081344/tools/bin/../lib/gcc/arm-none-eabi/13.3.1/../../../../arm-none-eabi/lib/thumb/v7e-m+fp/hard\libc_nano.a(libc_a-nano-vfprintf_float.o)
                0x08014590                __cvt
 .text.__exponent
                0x0801465a       0x74 C:/ST/STM32CubeIDE_1.18.0/STM32CubeIDE/plugins/com.st.stm32cube.ide.mcu.externaltools.gnu-tools-for-stm32.13.3.rel1.win32_1.0.0.202411081344/tools/bin/../lib/gcc/arm-none-eabi/13.3.1/../../../../arm-none-eabi/lib/thumb/v7e-m+fp/hard\libc_nano.a(libc_a-nano-vfprintf_float.o)
                0x0801465a                __exponent
 *fill*         0x080146ce        0x2 
 .text._printf_float
                0x080146d0      0x454 C:/ST/STM32CubeIDE_1.18.0/STM32CubeIDE/plugins/com.st.stm32cube.ide.mcu.externaltools.gnu-tools-for-stm32.13.3.rel1.win32_1.0.0.202411081344/tools/bin/../lib/gcc/arm-none-eabi/13.3.1/../../../../arm-none-eabi/lib/thumb/v7e-m+fp/hard\libc_nano.a(libc_a-nano-vfprintf_float.o)
                0x080146d0                _printf_float
 .text._printf_common
                0x08014b24       0xda C:/ST/STM32CubeIDE_1.18.0/STM32CubeIDE/plugins/com.st.stm32cube.ide.mcu.externaltools.gnu-tools-for-stm32.13.3.rel1.win32_1.0.0.202411081344/tools/bin/../lib/gcc/arm-none-eabi/13.3.1/../../../../arm-none-eabi/lib/thumb/v7e-m+fp/hard\libc_nano.a(libc_a-nano-vfprintf_i.o)
                0x08014b24                _printf_common
 *fill*         0x08014bfe        0x2 
 .text._printf_i
                0x08014c00      0x23c C:/ST/STM32CubeIDE_1.18.0/STM32CubeIDE/plugins/com.st.stm32cube.ide.mcu.externaltools.gnu-tools-for-stm32.13.3.rel1.win32_1.0.0.202411081344/tools/bin/../lib/gcc/arm-none-eabi/13.3.1/../../../../arm-none-eabi/lib/thumb/v7e-m+fp/hard\libc_nano.a(libc_a-nano-vfprintf_i.o)
                0x08014c00                _printf_i
 .text.std      0x08014e3c       0x6c C:/ST/STM32CubeIDE_1.18.0/STM32CubeIDE/plugins/com.st.stm32cube.ide.mcu.externaltools.gnu-tools-for-stm32.13.3.rel1.win32_1.0.0.202411081344/tools/bin/../lib/gcc/arm-none-eabi/13.3.1/../../../../arm-none-eabi/lib/thumb/v7e-m+fp/hard\libc_nano.a(libc_a-findfp.o)
 .text.stdio_exit_handler
                0x08014ea8       0x18 C:/ST/STM32CubeIDE_1.18.0/STM32CubeIDE/plugins/com.st.stm32cube.ide.mcu.externaltools.gnu-tools-for-stm32.13.3.rel1.win32_1.0.0.202411081344/tools/bin/../lib/gcc/arm-none-eabi/13.3.1/../../../../arm-none-eabi/lib/thumb/v7e-m+fp/hard\libc_nano.a(libc_a-findfp.o)
 .text.cleanup_stdio
                0x08014ec0       0x40 C:/ST/STM32CubeIDE_1.18.0/STM32CubeIDE/plugins/com.st.stm32cube.ide.mcu.externaltools.gnu-tools-for-stm32.13.3.rel1.win32_1.0.0.202411081344/tools/bin/../lib/gcc/arm-none-eabi/13.3.1/../../../../arm-none-eabi/lib/thumb/v7e-m+fp/hard\libc_nano.a(libc_a-findfp.o)
 .text.global_stdio_init.part.0
                0x08014f00       0x3c C:/ST/STM32CubeIDE_1.18.0/STM32CubeIDE/plugins/com.st.stm32cube.ide.mcu.externaltools.gnu-tools-for-stm32.13.3.rel1.win32_1.0.0.202411081344/tools/bin/../lib/gcc/arm-none-eabi/13.3.1/../../../../arm-none-eabi/lib/thumb/v7e-m+fp/hard\libc_nano.a(libc_a-findfp.o)
 .text.__sfp_lock_acquire
                0x08014f3c        0xc C:/ST/STM32CubeIDE_1.18.0/STM32CubeIDE/plugins/com.st.stm32cube.ide.mcu.externaltools.gnu-tools-for-stm32.13.3.rel1.win32_1.0.0.202411081344/tools/bin/../lib/gcc/arm-none-eabi/13.3.1/../../../../arm-none-eabi/lib/thumb/v7e-m+fp/hard\libc_nano.a(libc_a-findfp.o)
                0x08014f3c                __sfp_lock_acquire
 .text.__sfp_lock_release
                0x08014f48        0xc C:/ST/STM32CubeIDE_1.18.0/STM32CubeIDE/plugins/com.st.stm32cube.ide.mcu.externaltools.gnu-tools-for-stm32.13.3.rel1.win32_1.0.0.202411081344/tools/bin/../lib/gcc/arm-none-eabi/13.3.1/../../../../arm-none-eabi/lib/thumb/v7e-m+fp/hard\libc_nano.a(libc_a-findfp.o)
                0x08014f48                __sfp_lock_release
 .text.__sinit  0x08014f54       0x30 C:/ST/STM32CubeIDE_1.18.0/STM32CubeIDE/plugins/com.st.stm32cube.ide.mcu.externaltools.gnu-tools-for-stm32.13.3.rel1.win32_1.0.0.202411081344/tools/bin/../lib/gcc/arm-none-eabi/13.3.1/../../../../arm-none-eabi/lib/thumb/v7e-m+fp/hard\libc_nano.a(libc_a-findfp.o)
                0x08014f54                __sinit
 .text._fwalk_sglue
                0x08014f84       0x3c C:/ST/STM32CubeIDE_1.18.0/STM32CubeIDE/plugins/com.st.stm32cube.ide.mcu.externaltools.gnu-tools-for-stm32.13.3.rel1.win32_1.0.0.202411081344/tools/bin/../lib/gcc/arm-none-eabi/13.3.1/../../../../arm-none-eabi/lib/thumb/v7e-m+fp/hard\libc_nano.a(libc_a-fwalk.o)
                0x08014f84                _fwalk_sglue
 .text.snprintf
                0x08014fc0       0x6c C:/ST/STM32CubeIDE_1.18.0/STM32CubeIDE/plugins/com.st.stm32cube.ide.mcu.externaltools.gnu-tools-for-stm32.13.3.rel1.win32_1.0.0.202411081344/tools/bin/../lib/gcc/arm-none-eabi/13.3.1/../../../../arm-none-eabi/lib/thumb/v7e-m+fp/hard\libc_nano.a(libc_a-snprintf.o)
                0x08014fc0                sniprintf
                0x08014fc0                snprintf
 .text.sprintf  0x0801502c       0x44 C:/ST/STM32CubeIDE_1.18.0/STM32CubeIDE/plugins/com.st.stm32cube.ide.mcu.externaltools.gnu-tools-for-stm32.13.3.rel1.win32_1.0.0.202411081344/tools/bin/../lib/gcc/arm-none-eabi/13.3.1/../../../../arm-none-eabi/lib/thumb/v7e-m+fp/hard\libc_nano.a(libc_a-sprintf.o)
                0x0801502c                siprintf
                0x0801502c                sprintf
 .text.__sread  0x08015070       0x22 C:/ST/STM32CubeIDE_1.18.0/STM32CubeIDE/plugins/com.st.stm32cube.ide.mcu.externaltools.gnu-tools-for-stm32.13.3.rel1.win32_1.0.0.202411081344/tools/bin/../lib/gcc/arm-none-eabi/13.3.1/../../../../arm-none-eabi/lib/thumb/v7e-m+fp/hard\libc_nano.a(libc_a-stdio.o)
                0x08015070                __sread
 .text.__swrite
                0x08015092       0x38 C:/ST/STM32CubeIDE_1.18.0/STM32CubeIDE/plugins/com.st.stm32cube.ide.mcu.externaltools.gnu-tools-for-stm32.13.3.rel1.win32_1.0.0.202411081344/tools/bin/../lib/gcc/arm-none-eabi/13.3.1/../../../../arm-none-eabi/lib/thumb/v7e-m+fp/hard\libc_nano.a(libc_a-stdio.o)
                0x08015092                __swrite
 .text.__sseek  0x080150ca       0x24 C:/ST/STM32CubeIDE_1.18.0/STM32CubeIDE/plugins/com.st.stm32cube.ide.mcu.externaltools.gnu-tools-for-stm32.13.3.rel1.win32_1.0.0.202411081344/tools/bin/../lib/gcc/arm-none-eabi/13.3.1/../../../../arm-none-eabi/lib/thumb/v7e-m+fp/hard\libc_nano.a(libc_a-stdio.o)
                0x080150ca                __sseek
 .text.__sclose
                0x080150ee        0x8 C:/ST/STM32CubeIDE_1.18.0/STM32CubeIDE/plugins/com.st.stm32cube.ide.mcu.externaltools.gnu-tools-for-stm32.13.3.rel1.win32_1.0.0.202411081344/tools/bin/../lib/gcc/arm-none-eabi/13.3.1/../../../../arm-none-eabi/lib/thumb/v7e-m+fp/hard\libc_nano.a(libc_a-stdio.o)
                0x080150ee                __sclose
 .text.memset   0x080150f6       0x10 C:/ST/STM32CubeIDE_1.18.0/STM32CubeIDE/plugins/com.st.stm32cube.ide.mcu.externaltools.gnu-tools-for-stm32.13.3.rel1.win32_1.0.0.202411081344/tools/bin/../lib/gcc/arm-none-eabi/13.3.1/../../../../arm-none-eabi/lib/thumb/v7e-m+fp/hard\libc_nano.a(libc_a-memset.o)
                0x080150f6                memset
 .text.strcat   0x08015106       0x1e C:/ST/STM32CubeIDE_1.18.0/STM32CubeIDE/plugins/com.st.stm32cube.ide.mcu.externaltools.gnu-tools-for-stm32.13.3.rel1.win32_1.0.0.202411081344/tools/bin/../lib/gcc/arm-none-eabi/13.3.1/../../../../arm-none-eabi/lib/thumb/v7e-m+fp/hard\libc_nano.a(libc_a-strcat.o)
                0x08015106                strcat
 .text.strncpy  0x08015124       0x26 C:/ST/STM32CubeIDE_1.18.0/STM32CubeIDE/plugins/com.st.stm32cube.ide.mcu.externaltools.gnu-tools-for-stm32.13.3.rel1.win32_1.0.0.202411081344/tools/bin/../lib/gcc/arm-none-eabi/13.3.1/../../../../arm-none-eabi/lib/thumb/v7e-m+fp/hard\libc_nano.a(libc_a-strncpy.o)
                0x08015124                strncpy
 .text.strnlen  0x0801514a       0x18 C:/ST/STM32CubeIDE_1.18.0/STM32CubeIDE/plugins/com.st.stm32cube.ide.mcu.externaltools.gnu-tools-for-stm32.13.3.rel1.win32_1.0.0.202411081344/tools/bin/../lib/gcc/arm-none-eabi/13.3.1/../../../../arm-none-eabi/lib/thumb/v7e-m+fp/hard\libc_nano.a(libc_a-strnlen.o)
                0x0801514a                strnlen
 *fill*         0x08015162        0x2 
 .text._localeconv_r
                0x08015164        0x8 C:/ST/STM32CubeIDE_1.18.0/STM32CubeIDE/plugins/com.st.stm32cube.ide.mcu.externaltools.gnu-tools-for-stm32.13.3.rel1.win32_1.0.0.202411081344/tools/bin/../lib/gcc/arm-none-eabi/13.3.1/../../../../arm-none-eabi/lib/thumb/v7e-m+fp/hard\libc_nano.a(libc_a-localeconv.o)
                0x08015164                _localeconv_r
 .text._close_r
                0x0801516c       0x20 C:/ST/STM32CubeIDE_1.18.0/STM32CubeIDE/plugins/com.st.stm32cube.ide.mcu.externaltools.gnu-tools-for-stm32.13.3.rel1.win32_1.0.0.202411081344/tools/bin/../lib/gcc/arm-none-eabi/13.3.1/../../../../arm-none-eabi/lib/thumb/v7e-m+fp/hard\libc_nano.a(libc_a-closer.o)
                0x0801516c                _close_r
 .text._lseek_r
                0x0801518c       0x24 C:/ST/STM32CubeIDE_1.18.0/STM32CubeIDE/plugins/com.st.stm32cube.ide.mcu.externaltools.gnu-tools-for-stm32.13.3.rel1.win32_1.0.0.202411081344/tools/bin/../lib/gcc/arm-none-eabi/13.3.1/../../../../arm-none-eabi/lib/thumb/v7e-m+fp/hard\libc_nano.a(libc_a-lseekr.o)
                0x0801518c                _lseek_r
 .text._read_r  0x080151b0       0x24 C:/ST/STM32CubeIDE_1.18.0/STM32CubeIDE/plugins/com.st.stm32cube.ide.mcu.externaltools.gnu-tools-for-stm32.13.3.rel1.win32_1.0.0.202411081344/tools/bin/../lib/gcc/arm-none-eabi/13.3.1/../../../../arm-none-eabi/lib/thumb/v7e-m+fp/hard\libc_nano.a(libc_a-readr.o)
                0x080151b0                _read_r
 .text._sbrk_r  0x080151d4       0x20 C:/ST/STM32CubeIDE_1.18.0/STM32CubeIDE/plugins/com.st.stm32cube.ide.mcu.externaltools.gnu-tools-for-stm32.13.3.rel1.win32_1.0.0.202411081344/tools/bin/../lib/gcc/arm-none-eabi/13.3.1/../../../../arm-none-eabi/lib/thumb/v7e-m+fp/hard\libc_nano.a(libc_a-sbrkr.o)
                0x080151d4                _sbrk_r
 .text._write_r
                0x080151f4       0x24 C:/ST/STM32CubeIDE_1.18.0/STM32CubeIDE/plugins/com.st.stm32cube.ide.mcu.externaltools.gnu-tools-for-stm32.13.3.rel1.win32_1.0.0.202411081344/tools/bin/../lib/gcc/arm-none-eabi/13.3.1/../../../../arm-none-eabi/lib/thumb/v7e-m+fp/hard\libc_nano.a(libc_a-writer.o)
                0x080151f4                _write_r
 .text.__errno  0x08015218        0xc C:/ST/STM32CubeIDE_1.18.0/STM32CubeIDE/plugins/com.st.stm32cube.ide.mcu.externaltools.gnu-tools-for-stm32.13.3.rel1.win32_1.0.0.202411081344/tools/bin/../lib/gcc/arm-none-eabi/13.3.1/../../../../arm-none-eabi/lib/thumb/v7e-m+fp/hard\libc_nano.a(libc_a-errno.o)
                0x08015218                __errno
 .text.__libc_init_array
                0x08015224       0x48 C:/ST/STM32CubeIDE_1.18.0/STM32CubeIDE/plugins/com.st.stm32cube.ide.mcu.externaltools.gnu-tools-for-stm32.13.3.rel1.win32_1.0.0.202411081344/tools/bin/../lib/gcc/arm-none-eabi/13.3.1/../../../../arm-none-eabi/lib/thumb/v7e-m+fp/hard\libc_nano.a(libc_a-init.o)
                0x08015224                __libc_init_array
 .text.__retarget_lock_init_recursive
                0x0801526c        0x2 C:/ST/STM32CubeIDE_1.18.0/STM32CubeIDE/plugins/com.st.stm32cube.ide.mcu.externaltools.gnu-tools-for-stm32.13.3.rel1.win32_1.0.0.202411081344/tools/bin/../lib/gcc/arm-none-eabi/13.3.1/../../../../arm-none-eabi/lib/thumb/v7e-m+fp/hard\libc_nano.a(libc_a-lock.o)
                0x0801526c                __retarget_lock_init_recursive
 .text.__retarget_lock_acquire_recursive
                0x0801526e        0x2 C:/ST/STM32CubeIDE_1.18.0/STM32CubeIDE/plugins/com.st.stm32cube.ide.mcu.externaltools.gnu-tools-for-stm32.13.3.rel1.win32_1.0.0.202411081344/tools/bin/../lib/gcc/arm-none-eabi/13.3.1/../../../../arm-none-eabi/lib/thumb/v7e-m+fp/hard\libc_nano.a(libc_a-lock.o)
                0x0801526e                __retarget_lock_acquire_recursive
 .text.__retarget_lock_release_recursive
                0x08015270        0x2 C:/ST/STM32CubeIDE_1.18.0/STM32CubeIDE/plugins/com.st.stm32cube.ide.mcu.externaltools.gnu-tools-for-stm32.13.3.rel1.win32_1.0.0.202411081344/tools/bin/../lib/gcc/arm-none-eabi/13.3.1/../../../../arm-none-eabi/lib/thumb/v7e-m+fp/hard\libc_nano.a(libc_a-lock.o)
                0x08015270                __retarget_lock_release_recursive
 .text.memcpy   0x08015272       0x1c C:/ST/STM32CubeIDE_1.18.0/STM32CubeIDE/plugins/com.st.stm32cube.ide.mcu.externaltools.gnu-tools-for-stm32.13.3.rel1.win32_1.0.0.202411081344/tools/bin/../lib/gcc/arm-none-eabi/13.3.1/../../../../arm-none-eabi/lib/thumb/v7e-m+fp/hard\libc_nano.a(libc_a-memcpy-stub.o)
                0x08015272                memcpy
 .text.quorem   0x0801528e      0x110 C:/ST/STM32CubeIDE_1.18.0/STM32CubeIDE/plugins/com.st.stm32cube.ide.mcu.externaltools.gnu-tools-for-stm32.13.3.rel1.win32_1.0.0.202411081344/tools/bin/../lib/gcc/arm-none-eabi/13.3.1/../../../../arm-none-eabi/lib/thumb/v7e-m+fp/hard\libc_nano.a(libc_a-dtoa.o)
 *fill*         0x0801539e        0x2 
 .text._dtoa_r  0x080153a0      0xba0 C:/ST/STM32CubeIDE_1.18.0/STM32CubeIDE/plugins/com.st.stm32cube.ide.mcu.externaltools.gnu-tools-for-stm32.13.3.rel1.win32_1.0.0.202411081344/tools/bin/../lib/gcc/arm-none-eabi/13.3.1/../../../../arm-none-eabi/lib/thumb/v7e-m+fp/hard\libc_nano.a(libc_a-dtoa.o)
                0x080153a0                _dtoa_r
 .text._free_r  0x08015f40       0x94 C:/ST/STM32CubeIDE_1.18.0/STM32CubeIDE/plugins/com.st.stm32cube.ide.mcu.externaltools.gnu-tools-for-stm32.13.3.rel1.win32_1.0.0.202411081344/tools/bin/../lib/gcc/arm-none-eabi/13.3.1/../../../../arm-none-eabi/lib/thumb/v7e-m+fp/hard\libc_nano.a(libc_a-freer.o)
                0x08015f40                _free_r
 .text._Balloc  0x08015fd4       0x80 C:/ST/STM32CubeIDE_1.18.0/STM32CubeIDE/plugins/com.st.stm32cube.ide.mcu.externaltools.gnu-tools-for-stm32.13.3.rel1.win32_1.0.0.202411081344/tools/bin/../lib/gcc/arm-none-eabi/13.3.1/../../../../arm-none-eabi/lib/thumb/v7e-m+fp/hard\libc_nano.a(libc_a-mprec.o)
                0x08015fd4                _Balloc
 .text._Bfree   0x08016054       0x44 C:/ST/STM32CubeIDE_1.18.0/STM32CubeIDE/plugins/com.st.stm32cube.ide.mcu.externaltools.gnu-tools-for-stm32.13.3.rel1.win32_1.0.0.202411081344/tools/bin/../lib/gcc/arm-none-eabi/13.3.1/../../../../arm-none-eabi/lib/thumb/v7e-m+fp/hard\libc_nano.a(libc_a-mprec.o)
                0x08016054                _Bfree
 .text.__multadd
                0x08016098       0x8c C:/ST/STM32CubeIDE_1.18.0/STM32CubeIDE/plugins/com.st.stm32cube.ide.mcu.externaltools.gnu-tools-for-stm32.13.3.rel1.win32_1.0.0.202411081344/tools/bin/../lib/gcc/arm-none-eabi/13.3.1/../../../../arm-none-eabi/lib/thumb/v7e-m+fp/hard\libc_nano.a(libc_a-mprec.o)
                0x08016098                __multadd
 .text.__hi0bits
                0x08016124       0x3e C:/ST/STM32CubeIDE_1.18.0/STM32CubeIDE/plugins/com.st.stm32cube.ide.mcu.externaltools.gnu-tools-for-stm32.13.3.rel1.win32_1.0.0.202411081344/tools/bin/../lib/gcc/arm-none-eabi/13.3.1/../../../../arm-none-eabi/lib/thumb/v7e-m+fp/hard\libc_nano.a(libc_a-mprec.o)
                0x08016124                __hi0bits
 .text.__lo0bits
                0x08016162       0x5a C:/ST/STM32CubeIDE_1.18.0/STM32CubeIDE/plugins/com.st.stm32cube.ide.mcu.externaltools.gnu-tools-for-stm32.13.3.rel1.win32_1.0.0.202411081344/tools/bin/../lib/gcc/arm-none-eabi/13.3.1/../../../../arm-none-eabi/lib/thumb/v7e-m+fp/hard\libc_nano.a(libc_a-mprec.o)
                0x08016162                __lo0bits
 .text.__i2b    0x080161bc       0x2c C:/ST/STM32CubeIDE_1.18.0/STM32CubeIDE/plugins/com.st.stm32cube.ide.mcu.externaltools.gnu-tools-for-stm32.13.3.rel1.win32_1.0.0.202411081344/tools/bin/../lib/gcc/arm-none-eabi/13.3.1/../../../../arm-none-eabi/lib/thumb/v7e-m+fp/hard\libc_nano.a(libc_a-mprec.o)
                0x080161bc                __i2b
 .text.__multiply
                0x080161e8      0x144 C:/ST/STM32CubeIDE_1.18.0/STM32CubeIDE/plugins/com.st.stm32cube.ide.mcu.externaltools.gnu-tools-for-stm32.13.3.rel1.win32_1.0.0.202411081344/tools/bin/../lib/gcc/arm-none-eabi/13.3.1/../../../../arm-none-eabi/lib/thumb/v7e-m+fp/hard\libc_nano.a(libc_a-mprec.o)
                0x080161e8                __multiply
 .text.__pow5mult
                0x0801632c       0xb4 C:/ST/STM32CubeIDE_1.18.0/STM32CubeIDE/plugins/com.st.stm32cube.ide.mcu.externaltools.gnu-tools-for-stm32.13.3.rel1.win32_1.0.0.202411081344/tools/bin/../lib/gcc/arm-none-eabi/13.3.1/../../../../arm-none-eabi/lib/thumb/v7e-m+fp/hard\libc_nano.a(libc_a-mprec.o)
                0x0801632c                __pow5mult
 .text.__lshift
                0x080163e0       0xd8 C:/ST/STM32CubeIDE_1.18.0/STM32CubeIDE/plugins/com.st.stm32cube.ide.mcu.externaltools.gnu-tools-for-stm32.13.3.rel1.win32_1.0.0.202411081344/tools/bin/../lib/gcc/arm-none-eabi/13.3.1/../../../../arm-none-eabi/lib/thumb/v7e-m+fp/hard\libc_nano.a(libc_a-mprec.o)
                0x080163e0                __lshift
 .text.__mcmp   0x080164b8       0x36 C:/ST/STM32CubeIDE_1.18.0/STM32CubeIDE/plugins/com.st.stm32cube.ide.mcu.externaltools.gnu-tools-for-stm32.13.3.rel1.win32_1.0.0.202411081344/tools/bin/../lib/gcc/arm-none-eabi/13.3.1/../../../../arm-none-eabi/lib/thumb/v7e-m+fp/hard\libc_nano.a(libc_a-mprec.o)
                0x080164b8                __mcmp
 *fill*         0x080164ee        0x2 
 .text.__mdiff  0x080164f0      0x128 C:/ST/STM32CubeIDE_1.18.0/STM32CubeIDE/plugins/com.st.stm32cube.ide.mcu.externaltools.gnu-tools-for-stm32.13.3.rel1.win32_1.0.0.202411081344/tools/bin/../lib/gcc/arm-none-eabi/13.3.1/../../../../arm-none-eabi/lib/thumb/v7e-m+fp/hard\libc_nano.a(libc_a-mprec.o)
                0x080164f0                __mdiff
 .text.__d2b    0x08016618       0xb0 C:/ST/STM32CubeIDE_1.18.0/STM32CubeIDE/plugins/com.st.stm32cube.ide.mcu.externaltools.gnu-tools-for-stm32.13.3.rel1.win32_1.0.0.202411081344/tools/bin/../lib/gcc/arm-none-eabi/13.3.1/../../../../arm-none-eabi/lib/thumb/v7e-m+fp/hard\libc_nano.a(libc_a-mprec.o)
                0x08016618                __d2b
 .text.__ssputs_r
                0x080166c8       0xb6 C:/ST/STM32CubeIDE_1.18.0/STM32CubeIDE/plugins/com.st.stm32cube.ide.mcu.externaltools.gnu-tools-for-stm32.13.3.rel1.win32_1.0.0.202411081344/tools/bin/../lib/gcc/arm-none-eabi/13.3.1/../../../../arm-none-eabi/lib/thumb/v7e-m+fp/hard\libc_nano.a(libc_a-nano-svfprintf.o)
                0x080166c8                __ssputs_r
 *fill*         0x0801677e        0x2 
 .text._svfprintf_r
                0x08016780      0x1f8 C:/ST/STM32CubeIDE_1.18.0/STM32CubeIDE/plugins/com.st.stm32cube.ide.mcu.externaltools.gnu-tools-for-stm32.13.3.rel1.win32_1.0.0.202411081344/tools/bin/../lib/gcc/arm-none-eabi/13.3.1/../../../../arm-none-eabi/lib/thumb/v7e-m+fp/hard\libc_nano.a(libc_a-nano-svfprintf.o)
                0x08016780                _svfiprintf_r
                0x08016780                _svfprintf_r
 .text.__sflush_r
                0x08016978      0x108 C:/ST/STM32CubeIDE_1.18.0/STM32CubeIDE/plugins/com.st.stm32cube.ide.mcu.externaltools.gnu-tools-for-stm32.13.3.rel1.win32_1.0.0.202411081344/tools/bin/../lib/gcc/arm-none-eabi/13.3.1/../../../../arm-none-eabi/lib/thumb/v7e-m+fp/hard\libc_nano.a(libc_a-fflush.o)
                0x08016978                __sflush_r
 .text._fflush_r
                0x08016a80       0x50 C:/ST/STM32CubeIDE_1.18.0/STM32CubeIDE/plugins/com.st.stm32cube.ide.mcu.externaltools.gnu-tools-for-stm32.13.3.rel1.win32_1.0.0.202411081344/tools/bin/../lib/gcc/arm-none-eabi/13.3.1/../../../../arm-none-eabi/lib/thumb/v7e-m+fp/hard\libc_nano.a(libc_a-fflush.o)