Archive member included to satisfy reference by file (symbol)

C:/ST/STM32CubeIDE_1.18.0/STM32CubeIDE/plugins/com.st.stm32cube.ide.mcu.externaltools.gnu-tools-for-stm32.13.3.rel1.win32_1.0.0.202411081344/tools/bin/../lib/gcc/arm-none-eabi/13.3.1/../../../../arm-none-eabi/lib/thumb/v7e-m+fp/hard\libc_nano.a(libc_a-exit.o)
                              C:/ST/STM32CubeIDE_1.18.0/STM32CubeIDE/plugins/com.st.stm32cube.ide.mcu.externaltools.gnu-tools-for-stm32.13.3.rel1.win32_1.0.0.202411081344/tools/bin/../lib/gcc/arm-none-eabi/13.3.1/../../../../arm-none-eabi/lib/thumb/v7e-m+fp/hard/crt0.o (exit)
C:/ST/STM32CubeIDE_1.18.0/STM32CubeIDE/plugins/com.st.stm32cube.ide.mcu.externaltools.gnu-tools-for-stm32.13.3.rel1.win32_1.0.0.202411081344/tools/bin/../lib/gcc/arm-none-eabi/13.3.1/../../../../arm-none-eabi/lib/thumb/v7e-m+fp/hard\libc_nano.a(libc_a-malloc.o)
                              ./Middlewares/ST/STM32_USB_Host_Library/Class/MSC/Src/usbh_msc.o (malloc)
C:/ST/STM32CubeIDE_1.18.0/STM32CubeIDE/plugins/com.st.stm32cube.ide.mcu.externaltools.gnu-tools-for-stm32.13.3.rel1.win32_1.0.0.202411081344/tools/bin/../lib/gcc/arm-none-eabi/13.3.1/../../../../arm-none-eabi/lib/thumb/v7e-m+fp/hard\libc_nano.a(libc_a-mallocr.o)
                              C:/ST/STM32CubeIDE_1.18.0/STM32CubeIDE/plugins/com.st.stm32cube.ide.mcu.externaltools.gnu-tools-for-stm32.13.3.rel1.win32_1.0.0.202411081344/tools/bin/../lib/gcc/arm-none-eabi/13.3.1/../../../../arm-none-eabi/lib/thumb/v7e-m+fp/hard\libc_nano.a(libc_a-malloc.o) (_malloc_r)
C:/ST/STM32CubeIDE_1.18.0/STM32CubeIDE/plugins/com.st.stm32cube.ide.mcu.externaltools.gnu-tools-for-stm32.13.3.rel1.win32_1.0.0.202411081344/tools/bin/../lib/gcc/arm-none-eabi/13.3.1/../../../../arm-none-eabi/lib/thumb/v7e-m+fp/hard\libc_nano.a(libc_a-mlock.o)
                              C:/ST/STM32CubeIDE_1.18.0/STM32CubeIDE/plugins/com.st.stm32cube.ide.mcu.externaltools.gnu-tools-for-stm32.13.3.rel1.win32_1.0.0.202411081344/tools/bin/../lib/gcc/arm-none-eabi/13.3.1/../../../../arm-none-eabi/lib/thumb/v7e-m+fp/hard\libc_nano.a(libc_a-mallocr.o) (__malloc_lock)
C:/ST/STM32CubeIDE_1.18.0/STM32CubeIDE/plugins/com.st.stm32cube.ide.mcu.externaltools.gnu-tools-for-stm32.13.3.rel1.win32_1.0.0.202411081344/tools/bin/../lib/gcc/arm-none-eabi/13.3.1/../../../../arm-none-eabi/lib/thumb/v7e-m+fp/hard\libc_nano.a(libc_a-nano-vfprintf_float.o)
                              (_printf_float)
C:/ST/STM32CubeIDE_1.18.0/STM32CubeIDE/plugins/com.st.stm32cube.ide.mcu.externaltools.gnu-tools-for-stm32.13.3.rel1.win32_1.0.0.202411081344/tools/bin/../lib/gcc/arm-none-eabi/13.3.1/../../../../arm-none-eabi/lib/thumb/v7e-m+fp/hard\libc_nano.a(libc_a-nano-vfprintf_i.o)
                              C:/ST/STM32CubeIDE_1.18.0/STM32CubeIDE/plugins/com.st.stm32cube.ide.mcu.externaltools.gnu-tools-for-stm32.13.3.rel1.win32_1.0.0.202411081344/tools/bin/../lib/gcc/arm-none-eabi/13.3.1/../../../../arm-none-eabi/lib/thumb/v7e-m+fp/hard\libc_nano.a(libc_a-nano-vfprintf_float.o) (_printf_common)
C:/ST/STM32CubeIDE_1.18.0/STM32CubeIDE/plugins/com.st.stm32cube.ide.mcu.externaltools.gnu-tools-for-stm32.13.3.rel1.win32_1.0.0.202411081344/tools/bin/../lib/gcc/arm-none-eabi/13.3.1/../../../../arm-none-eabi/lib/thumb/v7e-m+fp/hard\libc_nano.a(libc_a-findfp.o)
                              C:/ST/STM32CubeIDE_1.18.0/STM32CubeIDE/plugins/com.st.stm32cube.ide.mcu.externaltools.gnu-tools-for-stm32.13.3.rel1.win32_1.0.0.202411081344/tools/bin/../lib/gcc/arm-none-eabi/13.3.1/../../../../arm-none-eabi/lib/thumb/v7e-m+fp/hard\libc_nano.a(libc_a-exit.o) (__stdio_exit_handler)
C:/ST/STM32CubeIDE_1.18.0/STM32CubeIDE/plugins/com.st.stm32cube.ide.mcu.externaltools.gnu-tools-for-stm32.13.3.rel1.win32_1.0.0.202411081344/tools/bin/../lib/gcc/arm-none-eabi/13.3.1/../../../../arm-none-eabi/lib/thumb/v7e-m+fp/hard\libc_nano.a(libc_a-fwalk.o)
                              C:/ST/STM32CubeIDE_1.18.0/STM32CubeIDE/plugins/com.st.stm32cube.ide.mcu.externaltools.gnu-tools-for-stm32.13.3.rel1.win32_1.0.0.202411081344/tools/bin/../lib/gcc/arm-none-eabi/13.3.1/../../../../arm-none-eabi/lib/thumb/v7e-m+fp/hard\libc_nano.a(libc_a-findfp.o) (_fwalk_sglue)
C:/ST/STM32CubeIDE_1.18.0/STM32CubeIDE/plugins/com.st.stm32cube.ide.mcu.externaltools.gnu-tools-for-stm32.13.3.rel1.win32_1.0.0.202411081344/tools/bin/../lib/gcc/arm-none-eabi/13.3.1/../../../../arm-none-eabi/lib/thumb/v7e-m+fp/hard\libc_nano.a(libc_a-snprintf.o)
                              ./Core/Src/main.o (snprintf)
C:/ST/STM32CubeIDE_1.18.0/STM32CubeIDE/plugins/com.st.stm32cube.ide.mcu.externaltools.gnu-tools-for-stm32.13.3.rel1.win32_1.0.0.202411081344/tools/bin/../lib/gcc/arm-none-eabi/13.3.1/../../../../arm-none-eabi/lib/thumb/v7e-m+fp/hard\libc_nano.a(libc_a-sprintf.o)
                              ./Core/Src/main.o (sprintf)
[...]
Memory Configuration

Name             Origin             Length             Attributes
RAM              0x20000000         0x00010000         xrw
FLASH            0x08000000         0x00040000         xr
*default*        0x00000000         0xffffffff

Linker script and memory map

LOAD C:/ST/STM32CubeIDE_1.18.0/STM32CubeIDE/plugins/com.st.stm32cube.ide.mcu.externaltools.gnu-tools-for-stm32.13.3.rel1.win32_1.0.0.202411081344/tools/bin/../lib/gcc/arm-none-eabi/13.3.1/thumb/v7e-m+fp/hard/crti.o
LOAD C:/ST/STM32CubeIDE_1.18.0/STM32CubeIDE/plugins/com.st.stm32cube.ide.mcu.externaltools.gnu-tools-for-stm32.13.3.rel1.win32_1.0.0.202411081344/tools/bin/../lib/gcc/arm-none-eabi/13.3.1/thumb/v7e-m+fp/hard/crtbegin.o
LOAD C:/ST/STM32CubeIDE_1.18.0/STM32CubeIDE/plugins/com.st.stm32cube.ide.mcu.externaltools.gnu-tools-for-stm32.13.3.rel1.win32_1.0.0.202411081344/tools/bin/../lib/gcc/arm-none-eabi/13.3.1/../../../../arm-none-eabi/lib/thumb/v7e-m+fp/hard/crt0.o
LOAD ./Core/Src/acquisition.o
LOAD ./Core/Src/bmp180.o
LOAD ./Core/Src/data_buffer.o
LOAD ./Core/Src/dht11.o
LOAD ./Core/Src/ds3231.o
LOAD ./Core/Src/i18n.o
LOAD ./Core/Src/lcd_i2c.o
LOAD ./Core/Src/main.o
LOAD ./Core/Src/menu.o
LOAD ./Core/Src/pad20.o
LOAD ./Core/Src/stm32f4xx_hal_msp.o
LOAD ./Core/Src/stm32f4xx_it.o
LOAD ./Core/Src/syscalls.o
LOAD ./Core/Src/sysmem.o
LOAD ./Core/Src/system_stm32f4xx.o
LOAD ./Core/Src/usb_datalogger.o
LOAD ./Core/Src/w25qxx.o
LOAD ./Core/Startup/startup_stm32f401ccux.o
LOAD ./Drivers/STM32F4xx_HAL_Driver/Src/stm32f4xx_hal.o
LOAD ./Drivers/STM32F4xx_HAL_Driver/Src/stm32f4xx_hal_adc.o
LOAD ./Drivers/STM32F4xx_HAL_Driver/Src/stm32f4xx_hal_adc_ex.o
LOAD ./Drivers/STM32F4xx_HAL_Driver/Src/stm32f4xx_hal_cortex.o
LOAD ./Drivers/STM32F4xx_HAL_Driver/Src/stm32f4xx_hal_dma.o
LOAD ./Drivers/STM32F4xx_HAL_Driver/Src/stm32f4xx_hal_dma_ex.o
LOAD ./Drivers/STM32F4xx_HAL_Driver/Src/stm32f4xx_hal_exti.o
LOAD ./Drivers/STM32F4xx_HAL_Driver/Src/stm32f4xx_hal_flash.o
LOAD ./Drivers/STM32F4xx_HAL_Driver/Src/stm32f4xx_hal_flash_ex.o
LOAD ./Drivers/STM32F4xx_HAL_Driver/Src/stm32f4xx_hal_flash_ramfunc.o
LOAD ./Drivers/STM32F4xx_HAL_Driver/Src/stm32f4xx_hal_gpio.o
LOAD ./Drivers/STM32F4xx_HAL_Driver/Src/stm32f4xx_hal_hcd.o
LOAD ./Drivers/STM32F4xx_HAL_Driver/Src/stm32f4xx_hal_i2c.o
LOAD ./Drivers/STM32F4xx_HAL_Driver/Src/stm32f4xx_hal_i2c_ex.o
LOAD ./Drivers/STM32F4xx_HAL_Driver/Src/stm32f4xx_hal_pwr.o
LOAD ./Drivers/STM32F4xx_HAL_Driver/Src/stm32f4xx_hal_pwr_ex.o
LOAD ./Drivers/STM32F4xx_HAL_Driver/Src/stm32f4xx_hal_rcc.o
LOAD ./Drivers/STM32F4xx_HAL_Driver/Src/stm32f4xx_hal_rcc_ex.o
LOAD ./Drivers/STM32F4xx_HAL_Driver/Src/stm32f4xx_hal_spi.o
LOAD ./Drivers/STM32F4xx_HAL_Driver/Src/stm32f4xx_hal_tim.o
LOAD ./Drivers/STM32F4xx_HAL_Driver/Src/stm32f4xx_hal_tim_ex.o
LOAD ./Drivers/STM32F4xx_HAL_Driver/Src/stm32f4xx_ll_adc.o
LOAD ./Drivers/STM32F4xx_HAL_Driver/Src/stm32f4xx_ll_usb.o
LOAD ./FATFS/App/fatfs.o
LOAD ./FATFS/Target/usbh_diskio.o
LOAD ./Middlewares/ST/STM32_USB_Host_Library/Class/MSC/Src/usbh_msc.o
LOAD ./Middlewares/ST/STM32_USB_Host_Library/Class/MSC/Src/usbh_msc_bot.o
LOAD ./Middlewares/ST/STM32_USB_Host_Library/Class/MSC/Src/usbh_msc_scsi.o
LOAD ./Middlewares/ST/STM32_USB_Host_Library/Core/Src/usbh_core.o
LOAD ./Middlewares/ST/STM32_USB_Host_Library/Core/Src/usbh_ctlreq.o
LOAD ./Middlewares/ST/STM32_USB_Host_Library/Core/Src/usbh_ioreq.o
LOAD ./Middlewares/ST/STM32_USB_Host_Library/Core/Src/usbh_pipes.o
LOAD ./Middlewares/Third_Party/FatFs/src/diskio.o
LOAD ./Middlewares/Third_Party/FatFs/src/ff.o
LOAD ./Middlewares/Third_Party/FatFs/src/ff_gen_drv.o
LOAD ./Middlewares/Third_Party/FatFs/src/option/ccsbcs.o
LOAD ./Middlewares/Third_Party/FatFs/src/option/syscall.o
LOAD ./USB_HOST/App/usb_host.o
LOAD ./USB_HOST/Target/usbh_conf.o
START GROUP
LOAD C:/ST/STM32CubeIDE_1.18.0/STM32CubeIDE/plugins/com.st.stm32cube.ide.mcu.externaltools.gnu-tools-for-stm32.13.3.rel1.win32_1.0.0.202411081344/tools/bin/../lib/gcc/arm-none-eabi/13.3.1/../../../../arm-none-eabi/lib/thumb/v7e-m+fp/hard\libc_nano.a
LOAD C:/ST/STM32CubeIDE_1.18.0/STM32CubeIDE/plugins/com.st.stm32cube.ide.mcu.externaltools.gnu-tools-for-stm32.13.3.rel1.win32_1.0.0.202411081344/tools/bin/../lib/gcc/arm-none-eabi/13.3.1/../../../../arm-none-eabi/lib/thumb/v7e-m+fp/hard\libm.a
END GROUP
START GROUP
LOAD C:/ST/STM32CubeIDE_1.18.0/STM32CubeIDE/plugins/com.st.stm32cube.ide.mcu.externaltools.gnu-tools-for-stm32.13.3.rel1.win32_1.0.0.202411081344/tools/bin/../lib/gcc/arm-none-eabi/13.3.1/thumb/v7e-m+fp/hard\libgcc.a
LOAD C:/ST/STM32CubeIDE_1.18.0/STM32CubeIDE/plugins/com.st.stm32cube.ide.mcu.externaltools.gnu-tools-for-stm32.13.3.rel1.win32_1.0.0.202411081344/tools/bin/../lib/gcc/arm-none-eabi/13.3.1/../../../../arm-none-eabi/lib/thumb/v7e-m+fp/hard\libc_nano.a
END GROUP
START GROUP
LOAD C:/ST/STM32CubeIDE_1.18.0/STM32CubeIDE/plugins/com.st.stm32cube.ide.mcu.externaltools.gnu-tools-for-stm32.13.3.rel1.win32_1.0.0.202411081344/tools/bin/../lib/gcc/arm-none-eabi/13.3.1/thumb/v7e-m+fp/hard\libgcc.a
LOAD C:/ST/STM32CubeIDE_1.18.0/STM32CubeIDE/plugins/com.st.stm32cube.ide.mcu.externaltools.gnu-tools-for-stm32.13.3.rel1.win32_1.0.0.202411081344/tools/bin/../lib/gcc/arm-none-eabi/13.3.1/../../../../arm-none-eabi/lib/thumb/v7e-m+fp/hard\libc_nano.a
LOAD C:/ST/STM32CubeIDE_1.18.0/STM32CubeIDE/plugins/com.st.stm32cube.ide.mcu.externaltools.gnu-tools-for-stm32.13.3.rel1.win32_1.0.0.202411081344/tools/bin/../lib/gcc/arm-none-eabi/13.3.1/../../../../arm-none-eabi/lib/thumb/v7e-m+fp/hard\libnosys.a
END GROUP
START GROUP
LOAD C:/ST/STM32CubeIDE_1.18.0/STM32CubeIDE/plugins/com.st.stm32cube.ide.mcu.externaltools.gnu-tools-for-stm32.13.3.rel1.win32_1.0.0.202411081344/tools/bin/../lib/gcc/arm-none-eabi/13.3.1/thumb/v7e-m+fp/hard\libgcc.a
LOAD C:/ST/STM32CubeIDE_1.18.0/STM32CubeIDE/plugins/com.st.stm32cube.ide.mcu.externaltools.gnu-tools-for-stm32.13.3.rel1.win32_1.0.0.202411081344/tools/bin/../lib/gcc/arm-none-eabi/13.3.1/../../../../arm-none-eabi/lib/thumb/v7e-m+fp/hard\libc_nano.a
LOAD C:/ST/STM32CubeIDE_1.18.0/STM32CubeIDE/plugins/com.st.stm32cube.ide.mcu.externaltools.gnu-tools-for-stm32.13.3.rel1.win32_1.0.0.202411081344/tools/bin/../lib/gcc/arm-none-eabi/13.3.1/../../../../arm-none-eabi/lib/thumb/v7e-m+fp/hard\libnosys.a
END GROUP
LOAD C:/ST/STM32CubeIDE_1.18.0/STM32CubeIDE/plugins/com.st.stm32cube.ide.mcu.externaltools.gnu-tools-for-stm32.13.3.rel1.win32_1.0.0.202411081344/tools/bin/../lib/gcc/arm-none-eabi/13.3.1/thumb/v7e-m+fp/hard/crtend.o
LOAD C:/ST/STM32CubeIDE_1.18.0/STM32CubeIDE/plugins/com.st.stm32cube.ide.mcu.externaltools.gnu-tools-for-stm32.13.3.rel1.win32_1.0.0.202411081344/tools/bin/../lib/gcc/arm-none-eabi/13.3.1/thumb/v7e-m+fp/hard/crtn.o
                0x20010000                        _estack = (ORIGIN (RAM) + LENGTH (RAM))
                0x00000200                        _Min_Heap_Size = 0x200
                0x00000400                        _Min_Stack_Size = 0x400

.isr_vector     0x08000000      0x194
                0x08000000                        . = ALIGN (0x4)
 *(.isr_vector)
 .isr_vector    0x08000000      0x194 ./Core/Startup/startup_stm32f401ccux.o
                0x08000000                g_pfnVectors
                0x08000194                        . = ALIGN (0x4)

.text           0x080001a0    0x16df0
                0x080001a0                        . = ALIGN (0x4)
 *(.text)
 .text          0x080001a0       0x40 C:/ST/STM32CubeIDE_1.18.0/STM32CubeIDE/plugins/com.st.stm32cube.ide.mcu.externaltools.gnu-tools-for-stm32.13.3.rel1.win32_1.0.0.202411081344/tools/bin/../lib/gcc/arm-none-eabi/13.3.1/thumb/v7e-m+fp/hard/crtbegin.o
 .text          0x080001e0       0xa0 C:/ST/STM32CubeIDE_1.18.0/STM32CubeIDE/plugins/com.st.stm32cube.ide.mcu.externaltools.gnu-tools-for-stm32.13.3.rel1.win32_1.0.0.202411081344/tools/bin/../lib/gcc/arm-none-eabi/13.3.1/../../../../arm-none-eabi/lib/thumb/v7e-m+fp/hard\libc_nano.a(libc_a-memchr.o)
                0x080001e0                memchr
 .text          0x08000280       0x10 C:/ST/STM32CubeIDE_1.18.0/STM32CubeIDE/plugins/com.st.stm32cube.ide.mcu.externaltools.gnu-tools-for-stm32.13.3.rel1.win32_1.0.0.202411081344/tools/bin/../lib/gcc/arm-none-eabi/13.3.1/../../../../arm-none-eabi/lib/thumb/v7e-m+fp/hard\libc_nano.a(libc_a-strlen.o)
                0x08000280                strlen
 .text          0x08000290      0x378 C:/ST/STM32CubeIDE_1.18.0/STM32CubeIDE/plugins/com.st.stm32cube.ide.mcu.externaltools.gnu-tools-for-stm32.13.3.rel1.win32_1.0.0.202411081344/tools/bin/../lib/gcc/arm-none-eabi/13.3.1/thumb/v7e-m+fp/hard\libgcc.a(_arm_addsubdf3.o)
                0x08000290                __aeabi_drsub
                0x08000298                __aeabi_dsub
                0x08000298                __subdf3
                0x0800029c                __aeabi_dadd
                0x0800029c                __adddf3
                0x08000514                __floatunsidf
                0x08000514                __aeabi_ui2d
                0x08000534                __floatsidf
                0x08000534                __aeabi_i2d
                0x08000558                __aeabi_f2d
                0x08000558                __extendsfdf2
                0x0800059c                __floatundidf
                0x0800059c                __aeabi_ul2d
                0x080005ac                __floatdidf
                0x080005ac                __aeabi_l2d
 .text          0x08000608      0x424 C:/ST/STM32CubeIDE_1.18.0/STM32CubeIDE/plugins/com.st.stm32cube.ide.mcu.externaltools.gnu-tools-for-stm32.13.3.rel1.win32_1.0.0.202411081344/tools/bin/../lib/gcc/arm-none-eabi/13.3.1/thumb/v7e-m+fp/hard\libgcc.a(_arm_muldivdf3.o)
                0x08000608                __aeabi_dmul
                0x08000608                __muldf3
                0x0800085c                __divdf3
                0x0800085c                __aeabi_ddiv
 .text          0x08000a2c      0x110 C:/ST/STM32CubeIDE_1.18.0/STM32CubeIDE/plugins/com.st.stm32cube.ide.mcu.externaltools.gnu-tools-for-stm32.13.3.rel1.win32_1.0.0.202411081344/tools/bin/../lib/gcc/arm-none-eabi/13.3.1/thumb/v7e-m+fp/hard\libgcc.a(_arm_cmpdf2.o)
                0x08000a2c                __gtdf2
                0x08000a2c                __gedf2
                0x08000a34                __ltdf2
                0x08000a34                __ledf2
                0x08000a3c                __nedf2
                0x08000a3c                __eqdf2
                0x08000a3c                __cmpdf2
                0x08000ab8                __aeabi_cdrcmple
                0x08000ac8                __aeabi_cdcmpeq
                0x08000ac8                __aeabi_cdcmple
                0x08000ad8                __aeabi_dcmpeq
                0x08000aec                __aeabi_dcmplt
                0x08000b00                __aeabi_dcmple
                0x08000b14                __aeabi_dcmpge
                0x08000b28                __aeabi_dcmpgt
 .text          0x08000b3c       0x2c C:/ST/STM32CubeIDE_1.18.0/STM32CubeIDE/plugins/com.st.stm32cube.ide.mcu.externaltools.gnu-tools-for-stm32.13.3.rel1.win32_1.0.0.202411081344/tools/bin/../lib/gcc/arm-none-eabi/13.3.1/thumb/v7e-m+fp/hard\libgcc.a(_arm_unorddf2.o)
                0x08000b3c                __unorddf2
                0x08000b3c                __aeabi_dcmpun
 .text          0x08000b68       0x50 C:/ST/STM32CubeIDE_1.18.0/STM32CubeIDE/plugins/com.st.stm32cube.ide.mcu.externaltools.gnu-tools-for-stm32.13.3.rel1.win32_1.0.0.202411081344/tools/bin/../lib/gcc/arm-none-eabi/13.3.1/thumb/v7e-m+fp/hard\libgcc.a(_arm_fixdfsi.o)
                0x08000b68                __aeabi_d2iz
                0x08000b68                __fixdfsi
 .text          0x08000bb8       0x30 C:/ST/STM32CubeIDE_1.18.0/STM32CubeIDE/plugins/com.st.stm32cube.ide.mcu.externaltools.gnu-tools-for-stm32.13.3.rel1.win32_1.0.0.202411081344/tools/bin/../lib/gcc/arm-none-eabi/13.3.1/thumb/v7e-m+fp/hard\libgcc.a(_aeabi_uldivmod.o)
                0x08000bb8                __aeabi_uldivmod
 .text          0x08000be8      0x2f8 C:/ST/STM32CubeIDE_1.18.0/STM32CubeIDE/plugins/com.st.stm32cube.ide.mcu.externaltools.gnu-tools-for-stm32.13.3.rel1.win32_1.0.0.202411081344/tools/bin/../lib/gcc/arm-none-eabi/13.3.1/thumb/v7e-m+fp/hard\libgcc.a(_udivmoddi4.o)
                0x08000be8                __udivmoddi4
 .text          0x08000ee0        0x4 C:/ST/STM32CubeIDE_1.18.0/STM32CubeIDE/plugins/com.st.stm32cube.ide.mcu.externaltools.gnu-tools-for-stm32.13.3.rel1.win32_1.0.0.202411081344/tools/bin/../lib/gcc/arm-none-eabi/13.3.1/thumb/v7e-m+fp/hard\libgcc.a(_dvmd_tls.o)
                0x08000ee0                __aeabi_idiv0
                0x08000ee0                __aeabi_ldiv0
 *(.text*)
 .text.BMP180_ReadReg
                0x08000ee4       0x3c ./Core/Src/bmp180.o
 .text.BMP180_WriteReg
                0x08000f20       0x38 ./Core/Src/bmp180.o
 .text.BMP180_Init
                0x08000f58      0x12a ./Core/Src/bmp180.o
                0x08000f58                BMP180_Init
 *fill*         0x08001082        0x2 
 .text.BMP180_ReadTemperature
                0x08001084       0x94 ./Core/Src/bmp180.o
                0x08001084                BMP180_ReadTemperature
 .text.BMP180_ReadPressure
                0x08001118      0x1f4 ./Core/Src/bmp180.o
                0x08001118                BMP180_ReadPressure
 .text.DHT11_Init
                0x0800130c       0x38 ./Core/Src/dht11.o
                0x0800130c                DHT11_Init
 .text.DHT11_Read
                0x08001344      0x1ac ./Core/Src/dht11.o
                0x08001344                DHT11_Read
 .text.DHT11_SetPinOutput
                0x080014f0       0x42 ./Core/Src/dht11.o
 .text.DHT11_SetPinInput
                0x08001532       0x3e ./Core/Src/dht11.o
 .text.DHT11_WritePin
                0x08001570       0x24 ./Core/Src/dht11.o
 .text.DHT11_ReadPin
                0x08001594       0x22 ./Core/Src/dht11.o
 *fill*         0x080015b6        0x2 
 .text.delay_us
                0x080015b8       0x4c ./Core/Src/dht11.o
 .text.BCD2DEC  0x08001604       0x32 ./Core/Src/ds3231.o
 *fill*         0x08001636        0x2 
 .text.DEC2BCD  0x08001638       0x4c ./Core/Src/ds3231.o
 .text.DS3231_Init
                0x08001684       0x36 ./Core/Src/ds3231.o
                0x08001684                DS3231_Init
 .text.DS3231_SetTime
                0x080016ba       0xa0 ./Core/Src/ds3231.o
                0x080016ba                DS3231_SetTime
 .text.DS3231_GetTime
                0x0800175a       0xb8 ./Core/Src/ds3231.o
                0x0800175a                DS3231_GetTime
 *fill*         0x08001812        0x2 
 .text.I18N     0x08001814      0x8d8 ./Core/Src/i18n.o
                0x08001814                I18N
 .text.LCD_Init
                0x080020ec       0xdc ./Core/Src/lcd_i2c.o
                0x080020ec                LCD_Init
 .text.LCD_Clear
                0x080021c8       0x1e ./Core/Src/lcd_i2c.o
                0x080021c8                LCD_Clear
 *fill*         0x080021e6        0x2 
 .text.LCD_SetCursor
                0x080021e8       0x54 ./Core/Src/lcd_i2c.o
                0x080021e8                LCD_SetCursor
 .text.LCD_Print
                0x0800223c       0x2e ./Core/Src/lcd_i2c.o
                0x0800223c                LCD_Print
 .text.LCD_Backlight
                0x0800226a       0x30 ./Core/Src/lcd_i2c.o
                0x0800226a                LCD_Backlight
 .text.LCD_Write4Bits
                0x0800229a       0x28 ./Core/Src/lcd_i2c.o
                0x0800229a                LCD_Write4Bits
 .text.LCD_SendCommand
                0x080022c2       0x36 ./Core/Src/lcd_i2c.o
                0x080022c2                LCD_SendCommand
 .text.LCD_SendData
                0x080022f8       0x42 ./Core/Src/lcd_i2c.o
                0x080022f8                LCD_SendData
 .text.LCD_ExpanderWrite
                0x0800233a       0x38 ./Core/Src/lcd_i2c.o
                0x0800233a                LCD_ExpanderWrite
 .text.LCD_PulseEnable
                0x08002372       0x40 ./Core/Src/lcd_i2c.o
                0x08002372                LCD_PulseEnable
 *fill*         0x080023b2        0x2 
 .text.float_to_string
                0x080023b4       0x98 ./Core/Src/main.o
                0x080023b4                float_to_string
 .text.CalculateSeaLevelPressure
                0x0800244c       0x34 ./Core/Src/main.o
                0x0800244c                CalculateSeaLevelPressure
 .text.UpdateDisplay
                0x08002480      0x1b8 ./Core/Src/main.o
                0x08002480                UpdateDisplay
 .text.ConfigSector_Read
                0x08002638       0x28 ./Core/Src/main.o
 .text.ConfigSector_Write
                0x08002660       0x54 ./Core/Src/main.o
 .text.SaveLanguageToFlash
                0x080026b4       0x5a ./Core/Src/main.o
                0x080026b4                SaveLanguageToFlash
 .text.LoadLanguageFromFlash
                0x0800270e       0x5c ./Core/Src/main.o
                0x0800270e                LoadLanguageFromFlash
 .text.SaveAltitudeToFlash
                0x0800276a       0x74 ./Core/Src/main.o
                0x0800276a                SaveAltitudeToFlash
 .text.LoadAltitudeFromFlash
                0x080027de       0x56 ./Core/Src/main.o
                0x080027de                LoadAltitudeFromFlash
 .text.SaveAcquisitionTimeToFlash
                0x08002834       0x44 ./Core/Src/main.o
                0x08002834                SaveAcquisitionTimeToFlash
 .text.LoadAcquisitionTimeFromFlash
                0x08002878       0x5e ./Core/Src/main.o
                0x08002878                LoadAcquisitionTimeFromFlash
 *fill*         0x080028d6        0x2 
 .text.ApplyAcquisitionTime
                0x080028d8       0x40 ./Core/Src/main.o
                0x080028d8                ApplyAcquisitionTime
 .text.ReadBatteryVoltage
                0x08002918       0x8c ./Core/Src/main.o
                0x08002918                ReadBatteryVoltage
 .text.CalculateBatteryPercent
                0x080029a4       0x80 ./Core/Src/main.o
                0x080029a4                CalculateBatteryPercent
 .text.RunTestMode
                0x08002a24      0x2e8 ./Core/Src/main.o
                0x08002a24                RunTestMode
 .text.main     0x08002d0c      0xd10 ./Core/Src/main.o
                0x08002d0c                main
 .text.SystemClock_Config
                0x08003a1c       0xd8 ./Core/Src/main.o
                0x08003a1c                SystemClock_Config
 .text.MX_I2C1_Init
                0x08003af4       0x5c ./Core/Src/main.o
 .text.MX_SPI2_Init
                0x08003b50       0x6c ./Core/Src/main.o
 .text.MX_TIM2_Init
                0x08003bbc       0x9c ./Core/Src/main.o
 .text.MX_GPIO_Init
                0x08003c58      0x108 ./Core/Src/main.o
 .text.MX_ADC1_Init
                0x08003d60       0xa4 ./Core/Src/main.o
 .text.Error_Handler
                0x08003e04        0xc ./Core/Src/main.o
                0x08003e04                Error_Handler
 .text.LangToStr
                0x08003e10       0x44 ./Core/Src/menu.o
 .text.Menu_Init
                0x08003e54       0x74 ./Core/Src/menu.o
                0x08003e54                Menu_Init
 .text.Menu_ReadButtons
                0x08003ec8       0x68 ./Core/Src/menu.o
                0x08003ec8                Menu_ReadButtons
 .text.Menu_IsIdle
                0x08003f30       0x22 ./Core/Src/menu.o
                0x08003f30                Menu_IsIdle
 *fill*         0x08003f52        0x2 
 .text.Menu_Process
                0x08003f54       0xf4 ./Core/Src/menu.o
                0x08003f54                Menu_Process
 .text.ProcessAcqEditor
                0x08004048       0xe0 ./Core/Src/menu.o
 .text.ShowClearConfirm
                0x08004128       0xec ./Core/Src/menu.o
 .text.PrintMenuLine
                0x08004214       0x74 ./Core/Src/menu.o
 .text.ShowMainMenu
                0x08004288       0xa8 ./Core/Src/menu.o
 .text.ProcessClearConfirm
                0x08004330       0xe4 ./Core/Src/menu.o
 .text.ProcessMainMenu
                0x08004414      0x194 ./Core/Src/menu.o
 .text.ShowLanguageEditor
                0x080045a8       0xb4 ./Core/Src/menu.o
 .text.ProcessLanguageEditor
                0x0800465c       0xe0 ./Core/Src/menu.o
 .text.ShowAltitudeEditor
                0x0800473c       0xb0 ./Core/Src/menu.o
 .text.ProcessAltitudeEditor
                0x080047ec       0xf4 ./Core/Src/menu.o
 .text.ShowDateTimeEditor
                0x080048e0      0x354 ./Core/Src/menu.o
 .text.ShowAcqEditor
                0x08004c34       0xac ./Core/Src/menu.o
 .text.ProcessDateTimeEditor
                0x08004ce0      0x158 ./Core/Src/menu.o
 .text.IncrementField
                0x08004e38      0x104 ./Core/Src/menu.o
 .text.DecrementField
                0x08004f3c      0x104 ./Core/Src/menu.o
 .text.Pad20    0x08005040       0x4a ./Core/Src/pad20.o
                0x08005040                Pad20
 *fill*         0x0800508a        0x2 
 .text.HAL_MspInit
                0x0800508c       0x50 ./Core/Src/stm32f4xx_hal_msp.o
                0x0800508c                HAL_MspInit
 .text.HAL_ADC_MspInit
                0x080050dc       0x98 ./Core/Src/stm32f4xx_hal_msp.o
                0x080050dc                HAL_ADC_MspInit
 .text.HAL_I2C_MspInit
                0x08005174       0x90 ./Core/Src/stm32f4xx_hal_msp.o
                0x08005174                HAL_I2C_MspInit
 .text.HAL_SPI_MspInit
                0x08005204       0x90 ./Core/Src/stm32f4xx_hal_msp.o
                0x08005204                HAL_SPI_MspInit
 .text.HAL_TIM_Base_MspInit
                0x08005294       0x4c ./Core/Src/stm32f4xx_hal_msp.o
                0x08005294                HAL_TIM_Base_MspInit
 .text.NMI_Handler
                0x080052e0        0x8 ./Core/Src/stm32f4xx_it.o
                0x080052e0                NMI_Handler
 .text.HardFault_Handler
                0x080052e8        0x8 ./Core/Src/stm32f4xx_it.o
                0x080052e8                HardFault_Handler
 .text.MemManage_Handler
                0x080052f0        0x8 ./Core/Src/stm32f4xx_it.o
                0x080052f0                MemManage_Handler
 .text.BusFault_Handler
                0x080052f8        0x8 ./Core/Src/stm32f4xx_it.o
                0x080052f8                BusFault_Handler
 .text.UsageFault_Handler
                0x08005300        0x8 ./Core/Src/stm32f4xx_it.o
                0x08005300                UsageFault_Handler
 .text.SVC_Handler
                0x08005308        0xe ./Core/Src/stm32f4xx_it.o
                0x08005308                SVC_Handler
 .text.DebugMon_Handler
                0x08005316        0xe ./Core/Src/stm32f4xx_it.o
                0x08005316                DebugMon_Handler
 .text.PendSV_Handler
                0x08005324        0xe ./Core/Src/stm32f4xx_it.o
                0x08005324                PendSV_Handler
 .text.SysTick_Handler
                0x08005332        0xc ./Core/Src/stm32f4xx_it.o
                0x08005332                SysTick_Handler
 *fill*         0x0800533e        0x2 
 .text.ADC_IRQHandler
                0x08005340       0x14 ./Core/Src/stm32f4xx_it.o
                0x08005340                ADC_IRQHandler
 .text.TIM2_IRQHandler
                0x08005354       0x14 ./Core/Src/stm32f4xx_it.o
                0x08005354                TIM2_IRQHandler
 .text.OTG_FS_IRQHandler
                0x08005368       0x14 ./Core/Src/stm32f4xx_it.o
                0x08005368                OTG_FS_IRQHandler
 .text._getpid  0x0800537c       0x10 ./Core/Src/syscalls.o
                0x0800537c                _getpid
 .text._kill    0x0800538c       0x20 ./Core/Src/syscalls.o
                0x0800538c                _kill
 .text._exit    0x080053ac       0x16 ./Core/Src/syscalls.o
                0x080053ac                _exit
 .text._read    0x080053c2       0x3a ./Core/Src/syscalls.o
                0x080053c2                _read
 .text._write   0x080053fc       0x38 ./Core/Src/syscalls.o
                0x080053fc                _write
 .text._close   0x08005434       0x18 ./Core/Src/syscalls.o
                0x08005434                _close
 .text._fstat   0x0800544c       0x20 ./Core/Src/syscalls.o
                0x0800544c                _fstat
 .text._isatty  0x0800546c       0x16 ./Core/Src/syscalls.o
                0x0800546c                _isatty
 .text._lseek   0x08005482       0x1a ./Core/Src/syscalls.o
                0x08005482                _lseek
 .text._sbrk    0x0800549c       0x6c ./Core/Src/sysmem.o
                0x0800549c                _sbrk
 .text.SystemInit
                0x08005508       0x24 ./Core/Src/system_stm32f4xx.o
                0x08005508                SystemInit
 .text.USB_DataLogger_Init
                0x0800552c       0x90 ./Core/Src/usb_datalogger.o
                0x0800552c                USB_DataLogger_Init
 .text.USB_DataLogger_Process
                0x080055bc       0x68 ./Core/Src/usb_datalogger.o
                0x080055bc                USB_DataLogger_Process
 .text.State_Idle
                0x08005624       0x40 ./Core/Src/usb_datalogger.o
 .text.State_Detecting
                0x08005664       0x44 ./Core/Src/usb_datalogger.o
 .text.State_Mounting
                0x080056a8       0x48 ./Core/Src/usb_datalogger.o
 .text.State_Ready
                0x080056f0       0x48 ./Core/Src/usb_datalogger.o
 .text.State_Writing
                0x08005738       0x82 ./Core/Src/usb_datalogger.o
 .text.State_Error
                0x080057ba       0x42 ./Core/Src/usb_datalogger.o
 .text.USB_DataLogger_ExportFlashToCSV
                0x080057fc      0x384 ./Core/Src/usb_datalogger.o
                0x080057fc                USB_DataLogger_ExportFlashToCSV
 .text.USB_DataLogger_ExportTestFlashToCSV
                0x08005b80      0x270 ./Core/Src/usb_datalogger.o
                0x08005b80                USB_DataLogger_ExportTestFlashToCSV
 .text.W25Q_SimpleCrc_Xor
                0x08005df0       0x40 ./Core/Src/w25qxx.o
 .text.W25Q_CS_Low
                0x08005e30       0x20 ./Core/Src/w25qxx.o
 .text.W25Q_CS_High
                0x08005e50       0x20 ./Core/Src/w25qxx.o
 .text.W25Q_WriteEnable
                0x08005e70       0x30 ./Core/Src/w25qxx.o
 .text.W25Q_ReadStatusReg
                0x08005ea0       0x42 ./Core/Src/w25qxx.o
 .text.W25Q_LogReset
                0x08005ee2       0x70 ./Core/Src/w25qxx.o
                0x08005ee2                W25Q_LogReset
 .text.W25Q_Init
                0x08005f52       0x4e ./Core/Src/w25qxx.o
                0x08005f52                W25Q_Init
 .text.W25Q_WaitBusy
                0x08005fa0       0x2a ./Core/Src/w25qxx.o
                0x08005fa0                W25Q_WaitBusy
 .text.W25Q_EraseSector
                0x08005fca       0x54 ./Core/Src/w25qxx.o
                0x08005fca                W25Q_EraseSector
 .text.W25Q_WritePage
                0x0800601e       0x76 ./Core/Src/w25qxx.o
                0x0800601e                W25Q_WritePage
 .text.W25Q_ReadData
                0x08006094       0x5c ./Core/Src/w25qxx.o
                0x08006094                W25Q_ReadData
 .text.W25Q_WriteSampleToRegion
                0x080060f0       0xa4 ./Core/Src/w25qxx.o
 .text.W25Q_WriteDataSample
                0x08006194       0x38 ./Core/Src/w25qxx.o
                0x08006194                W25Q_WriteDataSample
 .text.W25Q_GetTotalSamples
                0x080061cc       0x18 ./Core/Src/w25qxx.o
                0x080061cc                W25Q_GetTotalSamples
 .text.W25Q_WriteTestSample
                0x080061e4       0x3c ./Core/Src/w25qxx.o
                0x080061e4                W25Q_WriteTestSample
 .text.W25Q_GetTestTotalSamples
                0x08006220       0x18 ./Core/Src/w25qxx.o
                0x08006220                W25Q_GetTestTotalSamples
 .text.W25Q_TestReset
                0x08006238       0x2e ./Core/Src/w25qxx.o
                0x08006238                W25Q_TestReset
 *fill*         0x08006266        0x2 
 .text.W25Q_LogState_Load
                0x08006268       0x70 ./Core/Src/w25qxx.o
                0x08006268                W25Q_LogState_Load
 .text.W25Q_LogState_Save
                0x080062d8      0x138 ./Core/Src/w25qxx.o
                0x080062d8                W25Q_LogState_Save
 .text.W25Q_TestState_Load
                0x08006410       0x7c ./Core/Src/w25qxx.o
                0x08006410                W25Q_TestState_Load
 .text.W25Q_TestState_Save
                0x0800648c       0x58 ./Core/Src/w25qxx.o
                0x0800648c                W25Q_TestState_Save
 .text.Reset_Handler
                0x080064e4       0x50 ./Core/Startup/startup_stm32f401ccux.o
                0x080064e4                Reset_Handler
 .text.Default_Handler
                0x08006534        0x2 ./Core/Startup/startup_stm32f401ccux.o
                0x08006534                RTC_Alarm_IRQHandler
                0x08006534                EXTI2_IRQHandler
                0x08006534                SPI4_IRQHandler
                0x08006534                TIM1_CC_IRQHandler
                0x08006534                DMA2_Stream5_IRQHandler
                0x08006534                DMA1_Stream5_IRQHandler
                0x08006534                PVD_IRQHandler
                0x08006534                SDIO_IRQHandler
                0x08006534                TAMP_STAMP_IRQHandler
                0x08006534                EXTI3_IRQHandler
                0x08006534                TIM1_UP_TIM10_IRQHandler
                0x08006534                I2C3_ER_IRQHandler
                0x08006534                EXTI0_IRQHandler
                0x08006534                I2C2_EV_IRQHandler
                0x08006534                DMA1_Stream2_IRQHandler
                0x08006534                FPU_IRQHandler
                0x08006534                DMA2_Stream2_IRQHandler
                0x08006534                SPI1_IRQHandler
                0x08006534                TIM1_BRK_TIM9_IRQHandler
                0x08006534                DMA2_Stream3_IRQHandler
                0x08006534                USART6_IRQHandler
                0x08006534                DMA2_Stream0_IRQHandler
                0x08006534                TIM4_IRQHandler
                0x08006534                I2C1_EV_IRQHandler
                0x08006534                DMA1_Stream6_IRQHandler
                0x08006534                DMA1_Stream1_IRQHandler
                0x08006534                TIM3_IRQHandler
                0x08006534                RCC_IRQHandler
                0x08006534                Default_Handler
                0x08006534                EXTI15_10_IRQHandler
                0x08006534                DMA1_Stream7_IRQHandler
                0x08006534                TIM5_IRQHandler
                0x08006534                DMA2_Stream7_IRQHandler
                0x08006534                I2C3_EV_IRQHandler
                0x08006534                EXTI9_5_IRQHandler
                0x08006534                RTC_WKUP_IRQHandler
                0x08006534                SPI2_IRQHandler
                0x08006534                DMA1_Stream0_IRQHandler
                0x08006534                EXTI4_IRQHandler
                0x08006534                WWDG_IRQHandler
                0x08006534                OTG_FS_WKUP_IRQHandler
                0x08006534                TIM1_TRG_COM_TIM11_IRQHandler
                0x08006534                EXTI1_IRQHandler
                0x08006534                USART2_IRQHandler
                0x08006534                I2C2_ER_IRQHandler
                0x08006534                DMA2_Stream1_IRQHandler
                0x08006534                FLASH_IRQHandler
                0x08006534                DMA2_Stream4_IRQHandler
                0x08006534                USART1_IRQHandler
                0x08006534                SPI3_IRQHandler
                0x08006534                DMA1_Stream4_IRQHandler
                0x08006534                I2C1_ER_IRQHandler
                0x08006534                DMA2_Stream6_IRQHandler
                0x08006534                DMA1_Stream3_IRQHandler
 *fill*         0x08006536        0x2 
 .text.HAL_Init
                0x08006538       0x44 ./Drivers/STM32F4xx_HAL_Driver/Src/stm32f4xx_hal.o
                0x08006538                HAL_Init
 .text.HAL_InitTick
                0x0800657c       0x60 ./Drivers/STM32F4xx_HAL_Driver/Src/stm32f4xx_hal.o
                0x0800657c                HAL_InitTick
 .text.HAL_IncTick
                0x080065dc       0x28 ./Drivers/STM32F4xx_HAL_Driver/Src/stm32f4xx_hal.o
                0x080065dc                HAL_IncTick
 .text.HAL_GetTick
                0x08006604       0x18 ./Drivers/STM32F4xx_HAL_Driver/Src/stm32f4xx_hal.o
                0x08006604                HAL_GetTick
 .text.HAL_Delay
                0x0800661c       0x48 ./Drivers/STM32F4xx_HAL_Driver/Src/stm32f4xx_hal.o
                0x0800661c                HAL_Delay
 .text.HAL_ADC_Init
                0x08006664       0x86 ./Drivers/STM32F4xx_HAL_Driver/Src/stm32f4xx_hal_adc.o
                0x08006664                HAL_ADC_Init
 *fill*         0x080066ea        0x2 
 .text.HAL_ADC_Start
                0x080066ec      0x168 ./Drivers/STM32F4xx_HAL_Driver/Src/stm32f4xx_hal_adc.o
                0x080066ec                HAL_ADC_Start
 .text.HAL_ADC_Stop
                0x08006854       0x66 ./Drivers/STM32F4xx_HAL_Driver/Src/stm32f4xx_hal_adc.o
                0x08006854                HAL_ADC_Stop
 .text.HAL_ADC_PollForConversion
                0x080068ba      0x116 ./Drivers/STM32F4xx_HAL_Driver/Src/stm32f4xx_hal_adc.o
                0x080068ba                HAL_ADC_PollForConversion
 .text.HAL_ADC_IRQHandler
                0x080069d0      0x220 ./Drivers/STM32F4xx_HAL_Driver/Src/stm32f4xx_hal_adc.o
                0x080069d0                HAL_ADC_IRQHandler
 .text.HAL_ADC_GetValue
                0x08006bf0       0x1a ./Drivers/STM32F4xx_HAL_Driver/Src/stm32f4xx_hal_adc.o
                0x08006bf0                HAL_ADC_GetValue
 .text.HAL_ADC_ConvCpltCallback
                0x08006c0a       0x14 ./Drivers/STM32F4xx_HAL_Driver/Src/stm32f4xx_hal_adc.o
                0x08006c0a                HAL_ADC_ConvCpltCallback
 .text.HAL_ADC_LevelOutOfWindowCallback
                0x08006c1e       0x14 ./Drivers/STM32F4xx_HAL_Driver/Src/stm32f4xx_hal_adc.o
                0x08006c1e                HAL_ADC_LevelOutOfWindowCallback
 .text.HAL_ADC_ErrorCallback
                0x08006c32       0x14 ./Drivers/STM32F4xx_HAL_Driver/Src/stm32f4xx_hal_adc.o
                0x08006c32                HAL_ADC_ErrorCallback
 *fill*         0x08006c46        0x2 
 .text.HAL_ADC_ConfigChannel
                0x08006c48      0x244 ./Drivers/STM32F4xx_HAL_Driver/Src/stm32f4xx_hal_adc.o
                0x08006c48                HAL_ADC_ConfigChannel
 .text.ADC_Init
                0x08006e8c      0x1f8 ./Drivers/STM32F4xx_HAL_Driver/Src/stm32f4xx_hal_adc.o
 .text.HAL_ADCEx_InjectedConvCpltCallback
                0x08007084       0x14 ./Drivers/STM32F4xx_HAL_Driver/Src/stm32f4xx_hal_adc_ex.o
                0x08007084                HAL_ADCEx_InjectedConvCpltCallback
 .text.__NVIC_SetPriorityGrouping
                0x08007098       0x48 ./Drivers/STM32F4xx_HAL_Driver/Src/stm32f4xx_hal_cortex.o
 .text.__NVIC_GetPriorityGrouping
                0x080070e0       0x1c ./Drivers/STM32F4xx_HAL_Driver/Src/stm32f4xx_hal_cortex.o
 .text.__NVIC_EnableIRQ
                0x080070fc       0x3c ./Drivers/STM32F4xx_HAL_Driver/Src/stm32f4xx_hal_cortex.o
 .text.__NVIC_SetPriority
                0x08007138       0x54 ./Drivers/STM32F4xx_HAL_Driver/Src/stm32f4xx_hal_cortex.o
 .text.NVIC_EncodePriority
                0x0800718c       0x66 ./Drivers/STM32F4xx_HAL_Driver/Src/stm32f4xx_hal_cortex.o
 *fill*         0x080071f2        0x2 
 .text.SysTick_Config
                0x080071f4       0x44 ./Drivers/STM32F4xx_HAL_Driver/Src/stm32f4xx_hal_cortex.o
 .text.HAL_NVIC_SetPriorityGrouping
                0x08007238       0x16 ./Drivers/STM32F4xx_HAL_Driver/Src/stm32f4xx_hal_cortex.o
                0x08007238                HAL_NVIC_SetPriorityGrouping
 .text.HAL_NVIC_SetPriority
                0x0800724e       0x38 ./Drivers/STM32F4xx_HAL_Driver/Src/stm32f4xx_hal_cortex.o
                0x0800724e                HAL_NVIC_SetPriority
 .text.HAL_NVIC_EnableIRQ
                0x08007286       0x1c ./Drivers/STM32F4xx_HAL_Driver/Src/stm32f4xx_hal_cortex.o
                0x08007286                HAL_NVIC_EnableIRQ
 .text.HAL_SYSTICK_Config
                0x080072a2       0x18 ./Drivers/STM32F4xx_HAL_Driver/Src/stm32f4xx_hal_cortex.o
                0x080072a2                HAL_SYSTICK_Config
 *fill*         0x080072ba        0x2 
 .text.HAL_GPIO_Init
                0x080072bc      0x308 ./Drivers/STM32F4xx_HAL_Driver/Src/stm32f4xx_hal_gpio.o
                0x080072bc                HAL_GPIO_Init
 .text.HAL_GPIO_ReadPin
                0x080075c4       0x30 ./Drivers/STM32F4xx_HAL_Driver/Src/stm32f4xx_hal_gpio.o
                0x080075c4                HAL_GPIO_ReadPin
 .text.HAL_GPIO_WritePin
                0x080075f4       0x32 ./Drivers/STM32F4xx_HAL_Driver/Src/stm32f4xx_hal_gpio.o
                0x080075f4                HAL_GPIO_WritePin
 .text.HAL_HCD_Init
                0x08007626       0xce ./Drivers/STM32F4xx_HAL_Driver/Src/stm32f4xx_hal_hcd.o
                0x08007626                HAL_HCD_Init
 .text.HAL_HCD_HC_Init
                0x080076f4      0x170 ./Drivers/STM32F4xx_HAL_Driver/Src/stm32f4xx_hal_hcd.o
                0x080076f4                HAL_HCD_HC_Init
 .text.HAL_HCD_HC_Halt
                0x08007864       0x46 ./Drivers/STM32F4xx_HAL_Driver/Src/stm32f4xx_hal_hcd.o
                0x08007864                HAL_HCD_HC_Halt
 *fill*         0x080078aa        0x2 
 .text.HAL_HCD_HC_SubmitRequest
                0x080078ac      0x33c ./Drivers/STM32F4xx_HAL_Driver/Src/stm32f4xx_hal_hcd.o
                0x080078ac                HAL_HCD_HC_SubmitRequest
 .text.HAL_HCD_IRQHandler
                0x08007be8      0x220 ./Drivers/STM32F4xx_HAL_Driver/Src/stm32f4xx_hal_hcd.o
                0x08007be8                HAL_HCD_IRQHandler
 .text.HAL_HCD_Start
                0x08007e08       0x46 ./Drivers/STM32F4xx_HAL_Driver/Src/stm32f4xx_hal_hcd.o
                0x08007e08                HAL_HCD_Start
 .text.HAL_HCD_Stop
                0x08007e4e       0x3a ./Drivers/STM32F4xx_HAL_Driver/Src/stm32f4xx_hal_hcd.o
                0x08007e4e                HAL_HCD_Stop
 .text.HAL_HCD_ResetPort
                0x08007e88       0x1c ./Drivers/STM32F4xx_HAL_Driver/Src/stm32f4xx_hal_hcd.o
                0x08007e88                HAL_HCD_ResetPort
 .text.HAL_HCD_HC_GetURBState
                0x08007ea4       0x2a ./Drivers/STM32F4xx_HAL_Driver/Src/stm32f4xx_hal_hcd.o
                0x08007ea4                HAL_HCD_HC_GetURBState
 .text.HAL_HCD_HC_GetXferCount
                0x08007ece       0x2a ./Drivers/STM32F4xx_HAL_Driver/Src/stm32f4xx_hal_hcd.o
                0x08007ece                HAL_HCD_HC_GetXferCount
 .text.HAL_HCD_GetCurrentFrame
                0x08007ef8       0x1c ./Drivers/STM32F4xx_HAL_Driver/Src/stm32f4xx_hal_hcd.o
                0x08007ef8                HAL_HCD_GetCurrentFrame
 .text.HAL_HCD_GetCurrentSpeed
                0x08007f14       0x1c ./Drivers/STM32F4xx_HAL_Driver/Src/stm32f4xx_hal_hcd.o
                0x08007f14                HAL_HCD_GetCurrentSpeed
 .text.HAL_HCD_HC_ClearHubInfo
                0x08007f30       0x6a ./Drivers/STM32F4xx_HAL_Driver/Src/stm32f4xx_hal_hcd.o
                0x08007f30                HAL_HCD_HC_ClearHubInfo
 .text.HCD_HC_IN_IRQHandler
                0x08007f9a      0xcd2 ./Drivers/STM32F4xx_HAL_Driver/Src/stm32f4xx_hal_hcd.o
 .text.HCD_HC_OUT_IRQHandler
                0x08008c6c      0x97e ./Drivers/STM32F4xx_HAL_Driver/Src/stm32f4xx_hal_hcd.o
 .text.HCD_RXQLVL_IRQHandler
                0x080095ea      0x1be ./Drivers/STM32F4xx_HAL_Driver/Src/stm32f4xx_hal_hcd.o
 .text.HCD_Port_IRQHandler
                0x080097a8       0xe6 ./Drivers/STM32F4xx_HAL_Driver/Src/stm32f4xx_hal_hcd.o
 *fill*         0x0800988e        0x2 
 .text.HAL_I2C_Init
                0x08009890      0x288 ./Drivers/STM32F4xx_HAL_Driver/Src/stm32f4xx_hal_i2c.o
                0x08009890                HAL_I2C_Init
 .text.HAL_I2C_Master_Transmit
                0x08009b18      0x1fc ./Drivers/STM32F4xx_HAL_Driver/Src/stm32f4xx_hal_i2c.o
                0x08009b18                HAL_I2C_Master_Transmit
 .text.HAL_I2C_Mem_Write
                0x08009d14      0x1f4 ./Drivers/STM32F4xx_HAL_Driver/Src/stm32f4xx_hal_i2c.o
                0x08009d14                HAL_I2C_Mem_Write
 .text.HAL_I2C_Mem_Read
                0x08009f08      0x464 ./Drivers/STM32F4xx_HAL_Driver/Src/stm32f4xx_hal_i2c.o
                0x08009f08                HAL_I2C_Mem_Read
 .text.I2C_MasterRequestWrite
                0x0800a36c      0x104 ./Drivers/STM32F4xx_HAL_Driver/Src/stm32f4xx_hal_i2c.o
 .text.I2C_RequestMemoryWrite
                0x0800a470      0x12c ./Drivers/STM32F4xx_HAL_Driver/Src/stm32f4xx_hal_i2c.o
 .text.I2C_RequestMemoryRead
                0x0800a59c      0x1d0 ./Drivers/STM32F4xx_HAL_Driver/Src/stm32f4xx_hal_i2c.o
 .text.I2C_WaitOnFlagUntilTimeout
                0x0800a76c       0xf4 ./Drivers/STM32F4xx_HAL_Driver/Src/stm32f4xx_hal_i2c.o
 .text.I2C_WaitOnMasterAddressFlagUntilTimeout
                0x0800a860      0x140 ./Drivers/STM32F4xx_HAL_Driver/Src/stm32f4xx_hal_i2c.o
 .text.I2C_WaitOnTXEFlagUntilTimeout
                0x0800a9a0       0x90 ./Drivers/STM32F4xx_HAL_Driver/Src/stm32f4xx_hal_i2c.o
 .text.I2C_WaitOnBTFFlagUntilTimeout
                0x0800aa30       0x90 ./Drivers/STM32F4xx_HAL_Driver/Src/stm32f4xx_hal_i2c.o
 .text.I2C_WaitOnRXNEFlagUntilTimeout
                0x0800aac0       0xba ./Drivers/STM32F4xx_HAL_Driver/Src/stm32f4xx_hal_i2c.o
 .text.I2C_IsAcknowledgeFailed
                0x0800ab7a       0x5e ./Drivers/STM32F4xx_HAL_Driver/Src/stm32f4xx_hal_i2c.o
 .text.HAL_RCC_OscConfig
                0x0800abd8      0x4f0 ./Drivers/STM32F4xx_HAL_Driver/Src/stm32f4xx_hal_rcc.o
                0x0800abd8                HAL_RCC_OscConfig
 .text.HAL_RCC_ClockConfig
                0x0800b0c8      0x1cc ./Drivers/STM32F4xx_HAL_Driver/Src/stm32f4xx_hal_rcc.o
                0x0800b0c8                HAL_RCC_ClockConfig
 .text.HAL_RCC_GetSysClockFreq
                0x0800b294      0x18c ./Drivers/STM32F4xx_HAL_Driver/Src/stm32f4xx_hal_rcc.o
                0x0800b294                HAL_RCC_GetSysClockFreq
 .text.HAL_RCC_GetHCLKFreq
                0x0800b420       0x18 ./Drivers/STM32F4xx_HAL_Driver/Src/stm32f4xx_hal_rcc.o
                0x0800b420                HAL_RCC_GetHCLKFreq
 .text.HAL_RCC_GetPCLK1Freq
                0x0800b438       0x28 ./Drivers/STM32F4xx_HAL_Driver/Src/stm32f4xx_hal_rcc.o
                0x0800b438                HAL_RCC_GetPCLK1Freq
 .text.HAL_SPI_Init
                0x0800b460      0x112 ./Drivers/STM32F4xx_HAL_Driver/Src/stm32f4xx_hal_spi.o
                0x0800b460                HAL_SPI_Init
 .text.HAL_SPI_Transmit
                0x0800b572      0x288 ./Drivers/STM32F4xx_HAL_Driver/Src/stm32f4xx_hal_spi.o
                0x0800b572                HAL_SPI_Transmit
 .text.HAL_SPI_Receive
                0x0800b7fa      0x232 ./Drivers/STM32F4xx_HAL_Driver/Src/stm32f4xx_hal_spi.o
                0x0800b7fa                HAL_SPI_Receive
 .text.HAL_SPI_TransmitReceive
                0x0800ba2c      0x352 ./Drivers/STM32F4xx_HAL_Driver/Src/stm32f4xx_hal_spi.o
                0x0800ba2c                HAL_SPI_TransmitReceive
 *fill*         0x0800bd7e        0x2 
 .text.SPI_WaitFlagStateUntilTimeout
                0x0800bd80      0x110 ./Drivers/STM32F4xx_HAL_Driver/Src/stm32f4xx_hal_spi.o
 .text.SPI_EndRxTransaction
                0x0800be90       0xca ./Drivers/STM32F4xx_HAL_Driver/Src/stm32f4xx_hal_spi.o
 *fill*         0x0800bf5a        0x2 
 .text.SPI_EndRxTxTransaction
                0x0800bf5c       0xa8 ./Drivers/STM32F4xx_HAL_Driver/Src/stm32f4xx_hal_spi.o
 .text.HAL_TIM_Base_Init
                0x0800c004       0x9e ./Drivers/STM32F4xx_HAL_Driver/Src/stm32f4xx_hal_tim.o
                0x0800c004                HAL_TIM_Base_Init
 .text.HAL_TIM_IRQHandler
                0x0800c0a2      0x1e0 ./Drivers/STM32F4xx_HAL_Driver/Src/stm32f4xx_hal_tim.o
                0x0800c0a2                HAL_TIM_IRQHandler
 .text.HAL_TIM_ConfigClockSource
                0x0800c282      0x18e ./Drivers/STM32F4xx_HAL_Driver/Src/stm32f4xx_hal_tim.o
                0x0800c282                HAL_TIM_ConfigClockSource
 .text.HAL_TIM_PeriodElapsedCallback
                0x0800c410       0x14 ./Drivers/STM32F4xx_HAL_Driver/Src/stm32f4xx_hal_tim.o
                0x0800c410                HAL_TIM_PeriodElapsedCallback
 .text.HAL_TIM_OC_DelayElapsedCallback
                0x0800c424       0x14 ./Drivers/STM32F4xx_HAL_Driver/Src/stm32f4xx_hal_tim.o
                0x0800c424                HAL_TIM_OC_DelayElapsedCallback
 .text.HAL_TIM_IC_CaptureCallback
                0x0800c438       0x14 ./Drivers/STM32F4xx_HAL_Driver/Src/stm32f4xx_hal_tim.o
                0x0800c438                HAL_TIM_IC_CaptureCallback
 .text.HAL_TIM_PWM_PulseFinishedCallback
                0x0800c44c       0x14 ./Drivers/STM32F4xx_HAL_Driver/Src/stm32f4xx_hal_tim.o
                0x0800c44c                HAL_TIM_PWM_PulseFinishedCallback
 .text.HAL_TIM_TriggerCallback
                0x0800c460       0x14 ./Drivers/STM32F4xx_HAL_Driver/Src/stm32f4xx_hal_tim.o
                0x0800c460                HAL_TIM_TriggerCallback
 .text.TIM_Base_SetConfig
                0x0800c474      0x10c ./Drivers/STM32F4xx_HAL_Driver/Src/stm32f4xx_hal_tim.o
                0x0800c474                TIM_Base_SetConfig
 .text.TIM_TI1_ConfigInputStage
                0x0800c580       0x5e ./Drivers/STM32F4xx_HAL_Driver/Src/stm32f4xx_hal_tim.o
 .text.TIM_TI2_ConfigInputStage
                0x0800c5de       0x60 ./Drivers/STM32F4xx_HAL_Driver/Src/stm32f4xx_hal_tim.o
 .text.TIM_ITRx_SetConfig
                0x0800c63e       0x36 ./Drivers/STM32F4xx_HAL_Driver/Src/stm32f4xx_hal_tim.o
 .text.TIM_ETR_SetConfig
                0x0800c674       0x40 ./Drivers/STM32F4xx_HAL_Driver/Src/stm32f4xx_hal_tim.o
                0x0800c674                TIM_ETR_SetConfig
 .text.HAL_TIMEx_MasterConfigSynchronization
                0x0800c6b4       0xdc ./Drivers/STM32F4xx_HAL_Driver/Src/stm32f4xx_hal_tim_ex.o
                0x0800c6b4                HAL_TIMEx_MasterConfigSynchronization
 .text.HAL_TIMEx_CommutCallback
                0x0800c790       0x14 ./Drivers/STM32F4xx_HAL_Driver/Src/stm32f4xx_hal_tim_ex.o
                0x0800c790                HAL_TIMEx_CommutCallback
 .text.HAL_TIMEx_BreakCallback
                0x0800c7a4       0x14 ./Drivers/STM32F4xx_HAL_Driver/Src/stm32f4xx_hal_tim_ex.o
                0x0800c7a4                HAL_TIMEx_BreakCallback
 .text.USB_CoreInit
                0x0800c7b8       0xc8 ./Drivers/STM32F4xx_HAL_Driver/Src/stm32f4xx_ll_usb.o
                0x0800c7b8                USB_CoreInit
 .text.USB_EnableGlobalInt
                0x0800c880       0x22 ./Drivers/STM32F4xx_HAL_Driver/Src/stm32f4xx_ll_usb.o
                0x0800c880                USB_EnableGlobalInt
 .text.USB_DisableGlobalInt
                0x0800c8a2       0x22 ./Drivers/STM32F4xx_HAL_Driver/Src/stm32f4xx_ll_usb.o
                0x0800c8a2                USB_DisableGlobalInt
 .text.USB_SetCurrentMode
                0x0800c8c4       0x98 ./Drivers/STM32F4xx_HAL_Driver/Src/stm32f4xx_ll_usb.o
                0x0800c8c4                USB_SetCurrentMode
 .text.USB_FlushTxFifo
                0x0800c95c       0x64 ./Drivers/STM32F4xx_HAL_Driver/Src/stm32f4xx_ll_usb.o
                0x0800c95c                USB_FlushTxFifo
 .text.USB_FlushRxFifo
                0x0800c9c0       0x5c ./Drivers/STM32F4xx_HAL_Driver/Src/stm32f4xx_ll_usb.o
                0x0800c9c0                USB_FlushRxFifo
 .text.USB_WritePacket
                0x0800ca1c       0x7c ./Drivers/STM32F4xx_HAL_Driver/Src/stm32f4xx_ll_usb.o
                0x0800ca1c                USB_WritePacket
 .text.USB_ReadPacket
                0x0800ca98       0xb0 ./Drivers/STM32F4xx_HAL_Driver/Src/stm32f4xx_ll_usb.o
                0x0800ca98                USB_ReadPacket
 .text.USB_ReadInterrupts
                0x0800cb48       0x26 ./Drivers/STM32F4xx_HAL_Driver/Src/stm32f4xx_ll_usb.o
                0x0800cb48                USB_ReadInterrupts
 .text.USB_ReadChInterrupts
                0x0800cb6e       0x42 ./Drivers/STM32F4xx_HAL_Driver/Src/stm32f4xx_ll_usb.o
                0x0800cb6e                USB_ReadChInterrupts
 .text.USB_GetMode
                0x0800cbb0       0x1c ./Drivers/STM32F4xx_HAL_Driver/Src/stm32f4xx_ll_usb.o
                0x0800cbb0                USB_GetMode
 .text.USB_CoreReset
                0x0800cbcc       0x70 ./Drivers/STM32F4xx_HAL_Driver/Src/stm32f4xx_ll_usb.o
 .text.USB_HostInit
                0x0800cc3c      0x15c ./Drivers/STM32F4xx_HAL_Driver/Src/stm32f4xx_ll_usb.o
                0x0800cc3c                USB_HostInit
 .text.USB_InitFSLSPClkSel
                0x0800cd98       0x7a ./Drivers/STM32F4xx_HAL_Driver/Src/stm32f4xx_ll_usb.o
                0x0800cd98                USB_InitFSLSPClkSel
 .text.USB_ResetPort
                0x0800ce12       0x54 ./Drivers/STM32F4xx_HAL_Driver/Src/stm32f4xx_ll_usb.o
                0x0800ce12                USB_ResetPort
 .text.USB_DriveVbus
                0x0800ce66       0x72 ./Drivers/STM32F4xx_HAL_Driver/Src/stm32f4xx_ll_usb.o
                0x0800ce66                USB_DriveVbus
 .text.USB_GetHostSpeed
                0x0800ced8       0x2e ./Drivers/STM32F4xx_HAL_Driver/Src/stm32f4xx_ll_usb.o
                0x0800ced8                USB_GetHostSpeed
 .text.USB_GetCurrentFrame
                0x0800cf06       0x22 ./Drivers/STM32F4xx_HAL_Driver/Src/stm32f4xx_ll_usb.o
                0x0800cf06                USB_GetCurrentFrame
 .text.USB_HC_Init
                0x0800cf28      0x22c ./Drivers/STM32F4xx_HAL_Driver/Src/stm32f4xx_ll_usb.o
                0x0800cf28                USB_HC_Init
 .text.USB_HC_StartXfer
                0x0800d154      0x488 ./Drivers/STM32F4xx_HAL_Driver/Src/stm32f4xx_ll_usb.o
                0x0800d154                USB_HC_StartXfer
 .text.USB_HC_ReadInterrupt
                0x0800d5dc       0x22 ./Drivers/STM32F4xx_HAL_Driver/Src/stm32f4xx_ll_usb.o
                0x0800d5dc                USB_HC_ReadInterrupt
 .text.USB_HC_Halt
                0x0800d5fe      0x240 ./Drivers/STM32F4xx_HAL_Driver/Src/stm32f4xx_ll_usb.o
                0x0800d5fe                USB_HC_Halt
 .text.USB_StopHost
                0x0800d83e      0x124 ./Drivers/STM32F4xx_HAL_Driver/Src/stm32f4xx_ll_usb.o
                0x0800d83e                USB_StopHost
 *fill*         0x0800d962        0x2 
 .text.MX_FATFS_Init
                0x0800d964       0x24 ./FATFS/App/fatfs.o
                0x0800d964                MX_FATFS_Init
 .text.get_fattime
                0x0800d988       0x10 ./FATFS/App/fatfs.o
                0x0800d988                get_fattime
 .text.USBH_initialize
                0x0800d998       0x18 ./FATFS/Target/usbh_diskio.o
                0x0800d998                USBH_initialize
 .text.USBH_status
                0x0800d9b0       0x38 ./FATFS/Target/usbh_diskio.o
                0x0800d9b0                USBH_status
 .text.USBH_read
                0x0800d9e8       0x74 ./FATFS/Target/usbh_diskio.o
                0x0800d9e8                USBH_read
 .text.USBH_write
                0x0800da5c       0x84 ./FATFS/Target/usbh_diskio.o
                0x0800da5c                USBH_write
 .text.USBH_ioctl
                0x0800dae0       0xd8 ./FATFS/Target/usbh_diskio.o
                0x0800dae0                USBH_ioctl
 .text.USBH_MSC_InterfaceInit
                0x0800dbb8      0x244 ./Middlewares/ST/STM32_USB_Host_Library/Class/MSC/Src/usbh_msc.o
 .text.USBH_MSC_InterfaceDeInit
                0x0800ddfc       0x8c ./Middlewares/ST/STM32_USB_Host_Library/Class/MSC/Src/usbh_msc.o
 .text.USBH_MSC_ClassRequest
                0x0800de88       0xce ./Middlewares/ST/STM32_USB_Host_Library/Class/MSC/Src/usbh_msc.o
 *fill*         0x0800df56        0x2 
 .text.USBH_MSC_Process
                0x0800df58      0x5ac ./Middlewares/ST/STM32_USB_Host_Library/Class/MSC/Src/usbh_msc.o
 .text.USBH_MSC_SOFProcess
                0x0800e504       0x16 ./Middlewares/ST/STM32_USB_Host_Library/Class/MSC/Src/usbh_msc.o
 .text.USBH_MSC_RdWrProcess
                0x0800e51a      0x1a0 ./Middlewares/ST/STM32_USB_Host_Library/Class/MSC/Src/usbh_msc.o
 .text.USBH_MSC_UnitIsReady
                0x0800e6ba       0x56 ./Middlewares/ST/STM32_USB_Host_Library/Class/MSC/Src/usbh_msc.o
                0x0800e6ba                USBH_MSC_UnitIsReady
 .text.USBH_MSC_GetLUNInfo
                0x0800e710       0x52 ./Middlewares/ST/STM32_USB_Host_Library/Class/MSC/Src/usbh_msc.o
                0x0800e710                USBH_MSC_GetLUNInfo
 .text.USBH_MSC_Read
                0x0800e762       0xc0 ./Middlewares/ST/STM32_USB_Host_Library/Class/MSC/Src/usbh_msc.o
                0x0800e762                USBH_MSC_Read
 .text.USBH_MSC_Write
                0x0800e822       0xc0 ./Middlewares/ST/STM32_USB_Host_Library/Class/MSC/Src/usbh_msc.o
                0x0800e822                USBH_MSC_Write
 .text.USBH_MSC_BOT_REQ_Reset
                0x0800e8e2       0x3a ./Middlewares/ST/STM32_USB_Host_Library/Class/MSC/Src/usbh_msc_bot.o
                0x0800e8e2                USBH_MSC_BOT_REQ_Reset
 .text.USBH_MSC_BOT_REQ_GetMaxLUN
                0x0800e91c       0x3c ./Middlewares/ST/STM32_USB_Host_Library/Class/MSC/Src/usbh_msc_bot.o
                0x0800e91c                USBH_MSC_BOT_REQ_GetMaxLUN
 .text.USBH_MSC_BOT_Init
                0x0800e958       0x44 ./Middlewares/ST/STM32_USB_Host_Library/Class/MSC/Src/usbh_msc_bot.o
                0x0800e958                USBH_MSC_BOT_Init
 .text.USBH_MSC_BOT_Process
                0x0800e99c      0x39c ./Middlewares/ST/STM32_USB_Host_Library/Class/MSC/Src/usbh_msc_bot.o
                0x0800e99c                USBH_MSC_BOT_Process
 .text.USBH_MSC_BOT_Abort
                0x0800ed38       0x58 ./Middlewares/ST/STM32_USB_Host_Library/Class/MSC/Src/usbh_msc_bot.o
 .text.USBH_MSC_DecodeCSW
                0x0800ed90       0x88 ./Middlewares/ST/STM32_USB_Host_Library/Class/MSC/Src/usbh_msc_bot.o
 .text.USBH_MSC_SCSI_TestUnitReady
                0x0800ee18       0x86 ./Middlewares/ST/STM32_USB_Host_Library/Class/MSC/Src/usbh_msc_scsi.o
                0x0800ee18                USBH_MSC_SCSI_TestUnitReady
 .text.USBH_MSC_SCSI_ReadCapacity
                0x0800ee9e       0xf4 ./Middlewares/ST/STM32_USB_Host_Library/Class/MSC/Src/usbh_msc_scsi.o
                0x0800ee9e                USBH_MSC_SCSI_ReadCapacity
 .text.USBH_MSC_SCSI_Inquiry
                0x0800ef92      0x14a ./Middlewares/ST/STM32_USB_Host_Library/Class/MSC/Src/usbh_msc_scsi.o
                0x0800ef92                USBH_MSC_SCSI_Inquiry
 .text.USBH_MSC_SCSI_RequestSense
                0x0800f0dc       0xfe ./Middlewares/ST/STM32_USB_Host_Library/Class/MSC/Src/usbh_msc_scsi.o
                0x0800f0dc                USBH_MSC_SCSI_RequestSense
 .text.USBH_MSC_SCSI_Write
                0x0800f1da       0xe0 ./Middlewares/ST/STM32_USB_Host_Library/Class/MSC/Src/usbh_msc_scsi.o
                0x0800f1da                USBH_MSC_SCSI_Write
 .text.USBH_MSC_SCSI_Read
                0x0800f2ba       0xe0 ./Middlewares/ST/STM32_USB_Host_Library/Class/MSC/Src/usbh_msc_scsi.o
                0x0800f2ba                USBH_MSC_SCSI_Read
 .text.USBH_Init
                0x0800f39a       0x74 ./Middlewares/ST/STM32_USB_Host_Library/Core/Src/usbh_core.o
                0x0800f39a                USBH_Init
 .text.DeInitStateMachine
                0x0800f40e       0xe2 ./Middlewares/ST/STM32_USB_Host_Library/Core/Src/usbh_core.o
 .text.USBH_RegisterClass
                0x0800f4f0       0x54 ./Middlewares/ST/STM32_USB_Host_Library/Core/Src/usbh_core.o
                0x0800f4f0                USBH_RegisterClass
 .text.USBH_SelectInterface
                0x0800f544       0x38 ./Middlewares/ST/STM32_USB_Host_Library/Core/Src/usbh_core.o
                0x0800f544                USBH_SelectInterface
 .text.USBH_FindInterface
                0x0800f57c       0x8c ./Middlewares/ST/STM32_USB_Host_Library/Core/Src/usbh_core.o
                0x0800f57c                USBH_FindInterface
 .text.USBH_Start
                0x0800f608       0x20 ./Middlewares/ST/STM32_USB_Host_Library/Core/Src/usbh_core.o
                0x0800f608                USBH_Start
 .text.USBH_Process
                0x0800f628      0x3d4 ./Middlewares/ST/STM32_USB_Host_Library/Core/Src/usbh_core.o
                0x0800f628                USBH_Process
 .text.USBH_HandleEnum
                0x0800f9fc      0x3c0 ./Middlewares/ST/STM32_USB_Host_Library/Core/Src/usbh_core.o
 .text.USBH_LL_SetTimer
                0x0800fdbc       0x1e ./Middlewares/ST/STM32_USB_Host_Library/Core/Src/usbh_core.o
                0x0800fdbc                USBH_LL_SetTimer
 .text.USBH_LL_IncTimer
                0x0800fdda       0x24 ./Middlewares/ST/STM32_USB_Host_Library/Core/Src/usbh_core.o
                0x0800fdda                USBH_LL_IncTimer
 .text.USBH_HandleSof
                0x0800fdfe       0x30 ./Middlewares/ST/STM32_USB_Host_Library/Core/Src/usbh_core.o
 .text.USBH_LL_PortEnabled
                0x0800fe2e       0x1c ./Middlewares/ST/STM32_USB_Host_Library/Core/Src/usbh_core.o
                0x0800fe2e                USBH_LL_PortEnabled
 .text.USBH_LL_PortDisabled
                0x0800fe4a       0x24 ./Middlewares/ST/STM32_USB_Host_Library/Core/Src/usbh_core.o
                0x0800fe4a                USBH_LL_PortDisabled
 .text.USBH_LL_Connect
                0x0800fe6e       0x2e ./Middlewares/ST/STM32_USB_Host_Library/Core/Src/usbh_core.o
                0x0800fe6e                USBH_LL_Connect
 .text.USBH_LL_Disconnect
                0x0800fe9c       0x48 ./Middlewares/ST/STM32_USB_Host_Library/Core/Src/usbh_core.o
                0x0800fe9c                USBH_LL_Disconnect
 .text.USBH_Get_DevDesc
                0x0800fee4       0x58 ./Middlewares/ST/STM32_USB_Host_Library/Core/Src/usbh_ctlreq.o
                0x0800fee4                USBH_Get_DevDesc
 .text.USBH_Get_CfgDesc
                0x0800ff3c       0x54 ./Middlewares/ST/STM32_USB_Host_Library/Core/Src/usbh_ctlreq.o
                0x0800ff3c                USBH_Get_CfgDesc
 .text.USBH_Get_StringDesc
                0x0800ff90       0x68 ./Middlewares/ST/STM32_USB_Host_Library/Core/Src/usbh_ctlreq.o
                0x0800ff90                USBH_Get_StringDesc
 .text.USBH_GetDescriptor
                0x0800fff8       0x6a ./Middlewares/ST/STM32_USB_Host_Library/Core/Src/usbh_ctlreq.o
                0x0800fff8                USBH_GetDescriptor
 .text.USBH_SetAddress
                0x08010062       0x48 ./Middlewares/ST/STM32_USB_Host_Library/Core/Src/usbh_ctlreq.o
                0x08010062                USBH_SetAddress
 .text.USBH_SetCfg
                0x080100aa       0x46 ./Middlewares/ST/STM32_USB_Host_Library/Core/Src/usbh_ctlreq.o
                0x080100aa                USBH_SetCfg
 .text.USBH_SetFeature
                0x080100f0       0x48 ./Middlewares/ST/STM32_USB_Host_Library/Core/Src/usbh_ctlreq.o
                0x080100f0                USBH_SetFeature
 .text.USBH_ClrFeature
                0x08010138       0x48 ./Middlewares/ST/STM32_USB_Host_Library/Core/Src/usbh_ctlreq.o
                0x08010138                USBH_ClrFeature
 .text.USBH_ParseDevDesc
                0x08010180      0x160 ./Middlewares/ST/STM32_USB_Host_Library/Core/Src/usbh_ctlreq.o
 .text.USBH_ParseCfgDesc
                0x080102e0      0x1f8 ./Middlewares/ST/STM32_USB_Host_Library/Core/Src/usbh_ctlreq.o
 .text.USBH_ParseInterfaceDesc
                0x080104d8       0x5e ./Middlewares/ST/STM32_USB_Host_Library/Core/Src/usbh_ctlreq.o
 .text.USBH_ParseEPDesc
                0x08010536      0x1d0 ./Middlewares/ST/STM32_USB_Host_Library/Core/Src/usbh_ctlreq.o
 .text.USBH_ParseStringDesc
                0x08010706       0x66 ./Middlewares/ST/STM32_USB_Host_Library/Core/Src/usbh_ctlreq.o
 .text.USBH_GetNextDesc
                0x0801076c       0x34 ./Middlewares/ST/STM32_USB_Host_Library/Core/Src/usbh_ctlreq.o
                0x0801076c                USBH_GetNextDesc
 .text.USBH_CtlReq
                0x080107a0       0x7a ./Middlewares/ST/STM32_USB_Host_Library/Core/Src/usbh_ctlreq.o
                0x080107a0                USBH_CtlReq
 *fill*         0x0801081a        0x2 
 .text.USBH_HandleControl
                0x0801081c      0x2ec ./Middlewares/ST/STM32_USB_Host_Library/Core/Src/usbh_ctlreq.o
 .text.USBH_CtlSendSetup
                0x08010b08       0x34 ./Middlewares/ST/STM32_USB_Host_Library/Core/Src/usbh_ioreq.o
                0x08010b08                USBH_CtlSendSetup
 .text.USBH_CtlSendData
                0x08010b3c       0x4a ./Middlewares/ST/STM32_USB_Host_Library/Core/Src/usbh_ioreq.o
                0x08010b3c                USBH_CtlSendData
 .text.USBH_CtlReceiveData
                0x08010b86       0x3c ./Middlewares/ST/STM32_USB_Host_Library/Core/Src/usbh_ioreq.o
                0x08010b86                USBH_CtlReceiveData
 .text.USBH_BulkSendData
                0x08010bc2       0x4a ./Middlewares/ST/STM32_USB_Host_Library/Core/Src/usbh_ioreq.o
                0x08010bc2                USBH_BulkSendData
 .text.USBH_BulkReceiveData
                0x08010c0c       0x3c ./Middlewares/ST/STM32_USB_Host_Library/Core/Src/usbh_ioreq.o
                0x08010c0c                USBH_BulkReceiveData
 .text.USBH_OpenPipe
                0x08010c48       0x3e ./Middlewares/ST/STM32_USB_Host_Library/Core/Src/usbh_pipes.o
                0x08010c48                USBH_OpenPipe
 .text.USBH_ClosePipe
                0x08010c86       0x20 ./Middlewares/ST/STM32_USB_Host_Library/Core/Src/usbh_pipes.o
                0x08010c86                USBH_ClosePipe
 .text.USBH_AllocPipe
                0x08010ca6       0x42 ./Middlewares/ST/STM32_USB_Host_Library/Core/Src/usbh_pipes.o
                0x08010ca6                USBH_AllocPipe
 .text.USBH_FreePipe
                0x08010ce8       0x3c ./Middlewares/ST/STM32_USB_Host_Library/Core/Src/usbh_pipes.o
                0x08010ce8                USBH_FreePipe
 .text.USBH_GetFreePipe
                0x08010d24       0x48 ./Middlewares/ST/STM32_USB_Host_Library/Core/Src/usbh_pipes.o
 .text.disk_status
                0x08010d6c       0x34 ./Middlewares/Third_Party/FatFs/src/diskio.o
                0x08010d6c                disk_status
 .text.disk_initialize
                0x08010da0       0x50 ./Middlewares/Third_Party/FatFs/src/diskio.o
                0x08010da0                disk_initialize
 .text.disk_read
                0x08010df0       0x40 ./Middlewares/Third_Party/FatFs/src/diskio.o
                0x08010df0                disk_read
 .text.disk_write
                0x08010e30       0x40 ./Middlewares/Third_Party/FatFs/src/diskio.o
                0x08010e30                disk_write
 .text.disk_ioctl
                0x08010e70       0x3c ./Middlewares/Third_Party/FatFs/src/diskio.o
                0x08010e70                disk_ioctl
 .text.ld_word  0x08010eac       0x32 ./Middlewares/Third_Party/FatFs/src/ff.o
 .text.ld_dword
                0x08010ede       0x46 ./Middlewares/Third_Party/FatFs/src/ff.o
 .text.st_word  0x08010f24       0x36 ./Middlewares/Third_Party/FatFs/src/ff.o
 .text.st_dword
                0x08010f5a       0x58 ./Middlewares/Third_Party/FatFs/src/ff.o
 .text.mem_cpy  0x08010fb2       0x42 ./Middlewares/Third_Party/FatFs/src/ff.o
 .text.mem_set  0x08010ff4       0x36 ./Middlewares/Third_Party/FatFs/src/ff.o
 .text.mem_cmp  0x0801102a       0x4e ./Middlewares/Third_Party/FatFs/src/ff.o
 .text.chk_chr  0x08011078       0x36 ./Middlewares/Third_Party/FatFs/src/ff.o
 *fill*         0x080110ae        0x2 
 .text.chk_lock
                0x080110b0       0xb8 ./Middlewares/Third_Party/FatFs/src/ff.o
 .text.enq_lock
                0x08011168       0x44 ./Middlewares/Third_Party/FatFs/src/ff.o
 .text.inc_lock
                0x080111ac      0x11c ./Middlewares/Third_Party/FatFs/src/ff.o
 .text.dec_lock
                0x080112c8       0x78 ./Middlewares/Third_Party/FatFs/src/ff.o
 .text.clear_lock
                0x08011340       0x48 ./Middlewares/Third_Party/FatFs/src/ff.o
 .text.sync_window
                0x08011388       0x88 ./Middlewares/Third_Party/FatFs/src/ff.o
 .text.move_window
                0x08011410       0x5a ./Middlewares/Third_Party/FatFs/src/ff.o
 *fill*         0x0801146a        0x2 
 .text.sync_fs  0x0801146c       0xe0 ./Middlewares/Third_Party/FatFs/src/ff.o
 .text.clust2sect
                0x0801154c       0x3e ./Middlewares/Third_Party/FatFs/src/ff.o
 .text.get_fat  0x0801158a      0x1a6 ./Middlewares/Third_Party/FatFs/src/ff.o
 .text.put_fat  0x08011730      0x234 ./Middlewares/Third_Party/FatFs/src/ff.o
 .text.remove_chain
                0x08011964       0xca ./Middlewares/Third_Party/FatFs/src/ff.o
 .text.create_chain
                0x08011a2e      0x130 ./Middlewares/Third_Party/FatFs/src/ff.o
 .text.clmt_clust
                0x08011b5e       0x70 ./Middlewares/Third_Party/FatFs/src/ff.o
 .text.dir_sdi  0x08011bce      0x112 ./Middlewares/Third_Party/FatFs/src/ff.o
 .text.dir_next
                0x08011ce0      0x1ac ./Middlewares/Third_Party/FatFs/src/ff.o
 .text.dir_alloc
                0x08011e8c       0x8e ./Middlewares/Third_Party/FatFs/src/ff.o
 .text.ld_clust
                0x08011f1a       0x3e ./Middlewares/Third_Party/FatFs/src/ff.o
 .text.st_clust
                0x08011f58       0x40 ./Middlewares/Third_Party/FatFs/src/ff.o
 .text.cmp_lfn  0x08011f98       0xe0 ./Middlewares/Third_Party/FatFs/src/ff.o
 .text.put_lfn  0x08012078       0xd0 ./Middlewares/Third_Party/FatFs/src/ff.o
 .text.gen_numname
                0x08012148      0x11c ./Middlewares/Third_Party/FatFs/src/ff.o
 .text.sum_sfn  0x08012264       0x42 ./Middlewares/Third_Party/FatFs/src/ff.o
 .text.dir_find
                0x080122a6      0x180 ./Middlewares/Third_Party/FatFs/src/ff.o
 *fill*         0x08012426        0x2 
 .text.dir_register
                0x08012428      0x1f0 ./Middlewares/Third_Party/FatFs/src/ff.o
 .text.create_name
                0x08012618      0x370 ./Middlewares/Third_Party/FatFs/src/ff.o
 .text.follow_path
                0x08012988       0xec ./Middlewares/Third_Party/FatFs/src/ff.o
 .text.get_ldnumber
                0x08012a74       0x88 ./Middlewares/Third_Party/FatFs/src/ff.o
 .text.check_fs
                0x08012afc       0xac ./Middlewares/Third_Party/FatFs/src/ff.o
 .text.find_volume
                0x08012ba8      0x50c ./Middlewares/Third_Party/FatFs/src/ff.o
 .text.validate
                0x080130b4       0x6a ./Middlewares/Third_Party/FatFs/src/ff.o
 *fill*         0x0801311e        0x2 
 .text.f_mount  0x08013120       0x8c ./Middlewares/Third_Party/FatFs/src/ff.o
                0x08013120                f_mount
 .text.f_open   0x080131ac      0x390 ./Middlewares/Third_Party/FatFs/src/ff.o
                0x080131ac                f_open
 .text.f_write  0x0801353c      0x328 ./Middlewares/Third_Party/FatFs/src/ff.o
                0x0801353c                f_write
 .text.f_sync   0x08013864       0xfc ./Middlewares/Third_Party/FatFs/src/ff.o
                0x08013864                f_sync
 .text.f_close  0x08013960       0x54 ./Middlewares/Third_Party/FatFs/src/ff.o
                0x08013960                f_close
 .text.FATFS_LinkDriverEx
                0x080139b4       0x98 ./Middlewares/Third_Party/FatFs/src/ff_gen_drv.o
                0x080139b4                FATFS_LinkDriverEx
 .text.FATFS_LinkDriver
                0x08013a4c       0x1e ./Middlewares/Third_Party/FatFs/src/ff_gen_drv.o
                0x08013a4c                FATFS_LinkDriver
 *fill*         0x08013a6a        0x2 
 .text.ff_convert
                0x08013a6c       0x78 ./Middlewares/Third_Party/FatFs/src/option/ccsbcs.o
                0x08013a6c                ff_convert
 .text.ff_wtoupper
                0x08013ae4      0x114 ./Middlewares/Third_Party/FatFs/src/option/ccsbcs.o
                0x08013ae4                ff_wtoupper
 .text.MX_USB_HOST_Init
                0x08013bf8       0x4c ./USB_HOST/App/usb_host.o
                0x08013bf8                MX_USB_HOST_Init
 .text.MX_USB_HOST_Process
                0x08013c44       0x14 ./USB_HOST/App/usb_host.o
                0x08013c44                MX_USB_HOST_Process
 .text.USBH_UserProcess
                0x08013c58       0x5c ./USB_HOST/App/usb_host.o
 .text.HAL_HCD_MspInit
                0x08013cb4       0xa8 ./USB_HOST/Target/usbh_conf.o
                0x08013cb4                HAL_HCD_MspInit
 .text.HAL_HCD_SOF_Callback
                0x08013d5c       0x1c ./USB_HOST/Target/usbh_conf.o
                0x08013d5c                HAL_HCD_SOF_Callback
 .text.HAL_HCD_Connect_Callback
                0x08013d78       0x1c ./USB_HOST/Target/usbh_conf.o
                0x08013d78                HAL_HCD_Connect_Callback
 .text.HAL_HCD_Disconnect_Callback
                0x08013d94       0x1c ./USB_HOST/Target/usbh_conf.o
                0x08013d94                HAL_HCD_Disconnect_Callback
 .text.HAL_HCD_HC_NotifyURBChange_Callback
                0x08013db0       0x1c ./USB_HOST/Target/usbh_conf.o
                0x08013db0                HAL_HCD_HC_NotifyURBChange_Callback
 .text.HAL_HCD_PortEnabled_Callback
                0x08013dcc       0x1c ./USB_HOST/Target/usbh_conf.o
                0x08013dcc                HAL_HCD_PortEnabled_Callback
 .text.HAL_HCD_PortDisabled_Callback
                0x08013de8       0x1c ./USB_HOST/Target/usbh_conf.o
                0x08013de8                HAL_HCD_PortDisabled_Callback
 .text.USBH_LL_Init
                0x08013e04       0x78 ./USB_HOST/Target/usbh_conf.o
                0x08013e04                USBH_LL_Init
 .text.USBH_LL_Start
                0x08013e7c       0x36 ./USB_HOST/Target/usbh_conf.o
                0x08013e7c                USBH_LL_Start
 .text.USBH_LL_Stop
                0x08013eb2       0x36 ./USB_HOST/Target/usbh_conf.o
                0x08013eb2                USBH_LL_Stop
 .text.USBH_LL_GetSpeed
                0x08013ee8       0x4e ./USB_HOST/Target/usbh_conf.o
                0x08013ee8                USBH_LL_GetSpeed
 .text.USBH_LL_ResetPort
                0x08013f36       0x36 ./USB_HOST/Target/usbh_conf.o
                0x08013f36                USBH_LL_ResetPort
 .text.USBH_LL_GetLastXferSize
                0x08013f6c       0x26 ./USB_HOST/Target/usbh_conf.o
                0x08013f6c                USBH_LL_GetLastXferSize
 .text.USBH_LL_OpenPipe
                0x08013f92       0x5e ./USB_HOST/Target/usbh_conf.o
                0x08013f92                USBH_LL_OpenPipe
 .text.USBH_LL_ClosePipe
                0x08013ff0       0x3e ./USB_HOST/Target/usbh_conf.o
                0x08013ff0                USBH_LL_ClosePipe
 .text.USBH_LL_SubmitURB
                0x0801402e       0x62 ./USB_HOST/Target/usbh_conf.o
                0x0801402e                USBH_LL_SubmitURB
 .text.USBH_LL_GetURBState
                0x08014090       0x26 ./USB_HOST/Target/usbh_conf.o
                0x08014090                USBH_LL_GetURBState
 .text.USBH_LL_DriverVBUS
                0x080140b6       0x1c ./USB_HOST/Target/usbh_conf.o
                0x080140b6                USBH_LL_DriverVBUS
 .text.USBH_LL_SetToggle
                0x080140d2       0x66 ./USB_HOST/Target/usbh_conf.o
                0x080140d2                USBH_LL_SetToggle
 .text.USBH_LL_GetToggle
                0x08014138       0x66 ./USB_HOST/Target/usbh_conf.o
                0x08014138                USBH_LL_GetToggle
 .text.USBH_Delay
                0x0801419e       0x16 ./USB_HOST/Target/usbh_conf.o
                0x0801419e                USBH_Delay
 .text.USBH_Get_USB_Status
                0x080141b4       0x58 ./USB_HOST/Target/usbh_conf.o
                0x080141b4                USBH_Get_USB_Status
 .text.malloc   0x0801420c       0x10 C:/ST/STM32CubeIDE_1.18.0/STM32CubeIDE/plugins/com.st.stm32cube.ide.mcu.externaltools.gnu-tools-for-stm32.13.3.rel1.win32_1.0.0.202411081344/tools/bin/../lib/gcc/arm-none-eabi/13.3.1/../../../../arm-none-eabi/lib/thumb/v7e-m+fp/hard\libc_nano.a(libc_a-malloc.o)
                0x0801420c                malloc
 .text.free     0x0801421c       0x10 C:/ST/STM32CubeIDE_1.18.0/STM32CubeIDE/plugins/com.st.stm32cube.ide.mcu.externaltools.gnu-tools-for-stm32.13.3.rel1.win32_1.0.0.202411081344/tools/bin/../lib/gcc/arm-none-eabi/13.3.1/../../../../arm-none-eabi/lib/thumb/v7e-m+fp/hard\libc_nano.a(libc_a-malloc.o)
                0x0801421c                free
 .text.sbrk_aligned
                0x0801422c       0x44 C:/ST/STM32CubeIDE_1.18.0/STM32CubeIDE/plugins/com.st.stm32cube.ide.mcu.externaltools.gnu-tools-for-stm32.13.3.rel1.win32_1.0.0.202411081344/tools/bin/../lib/gcc/arm-none-eabi/13.3.1/../../../../arm-none-eabi/lib/thumb/v7e-m+fp/hard\libc_nano.a(libc_a-mallocr.o)
 .text._malloc_r
                0x08014270      0x100 C:/ST/STM32CubeIDE_1.18.0/STM32CubeIDE/plugins/com.st.stm32cube.ide.mcu.externaltools.gnu-tools-for-stm32.13.3.rel1.win32_1.0.0.202411081344/tools/bin/../lib/gcc/arm-none-eabi/13.3.1/../../../../arm-none-eabi/lib/thumb/v7e-m+fp/hard\libc_nano.a(libc_a-mallocr.o)
                0x08014270                _malloc_r
 .text.__malloc_lock
                0x08014370        0xc C:/ST/STM32CubeIDE_1.18.0/STM32CubeIDE/plugins/com.st.stm32cube.ide.mcu.externaltools.gnu-tools-for-stm32.13.3.rel1.win32_1.0.0.202411081344/tools/bin/../lib/gcc/arm-none-eabi/13.3.1/../../../../arm-none-eabi/lib/thumb/v7e-m+fp/hard\libc_nano.a(libc_a-mlock.o)
                0x08014370                __malloc_lock
 .text.__malloc_unlock
                0x0801437c        0xc C:/ST/STM32CubeIDE_1.18.0/STM32CubeIDE/plugins/com.st.stm32cube.ide.mcu.externaltools.gnu-tools-for-stm32.13.3.rel1.win32_1.0.0.202411081344/tools/bin/../lib/gcc/arm-none-eabi/13.3.1/../../../../arm-none-eabi/lib/thumb/v7e-m+fp/hard\libc_nano.a(libc_a-mlock.o)
                0x0801437c                __malloc_unlock
 .text.__cvt    0x08014388       0xca C:/ST/STM32CubeIDE_1.18.0/STM32CubeIDE/plugins/com.st.stm32cube.ide.mcu.externaltools.gnu-tools-for-stm32.13.3.rel1.win32_1.0.0.202411081344/tools/bin/../lib/gcc/arm-none-eabi/13.3.1/../../../../arm-none-eabi/lib/thumb/v7e-m+fp/hard\libc_nano.a(libc_a-nano-vfprintf_float.o)
                0x08014388                __cvt
 .text.__exponent
                0x08014452       0x74 C:/ST/STM32CubeIDE_1.18.0/STM32CubeIDE/plugins/com.st.stm32cube.ide.mcu.externaltools.gnu-tools-for-stm32.13.3.rel1.win32_1.0.0.202411081344/tools/bin/../lib/gcc/arm-none-eabi/13.3.1/../../../../arm-none-eabi/lib/thumb/v7e-m+fp/hard\libc_nano.a(libc_a-nano-vfprintf_float.o)
                0x08014452                __exponent
 *fill*         0x080144c6        0x2 
 .text._printf_float
                0x080144c8      0x454 C:/ST/STM32CubeIDE_1.18.0/STM32CubeIDE/plugins/com.st.stm32cube.ide.mcu.externaltools.gnu-tools-for-stm32.13.3.rel1.win32_1.0.0.202411081344/tools/bin/../lib/gcc/arm-none-eabi/13.3.1/../../../../arm-none-eabi/lib/thumb/v7e-m+fp/hard\libc_nano.a(libc_a-nano-vfprintf_float.o)
                0x080144c8                _printf_float
 .text._printf_common
                0x0801491c       0xda C:/ST/STM32CubeIDE_1.18.0/STM32CubeIDE/plugins/com.st.stm32cube.ide.mcu.externaltools.gnu-tools-for-stm32.13.3.rel1.win32_1.0.0.202411081344/tools/bin/../lib/gcc/arm-none-eabi/13.3.1/../../../../arm-none-eabi/lib/thumb/v7e-m+fp/hard\libc_nano.a(libc_a-nano-vfprintf_i.o)
                0x0801491c                _printf_common
 *fill*         0x080149f6        0x2 
 .text._printf_i
                0x080149f8      0x23c C:/ST/STM32CubeIDE_1.18.0/STM32CubeIDE/plugins/com.st.stm32cube.ide.mcu.externaltools.gnu-tools-for-stm32.13.3.rel1.win32_1.0.0.202411081344/tools/bin/../lib/gcc/arm-none-eabi/13.3.1/../../../../arm-none-eabi/lib/thumb/v7e-m+fp/hard\libc_nano.a(libc_a-nano-vfprintf_i.o)
                0x080149f8                _printf_i
 .text.std      0x08014c34       0x6c C:/ST/STM32CubeIDE_1.18.0/STM32CubeIDE/plugins/com.st.stm32cube.ide.mcu.externaltools.gnu-tools-for-stm32.13.3.rel1.win32_1.0.0.202411081344/tools/bin/../lib/gcc/arm-none-eabi/13.3.1/../../../../arm-none-eabi/lib/thumb/v7e-m+fp/hard\libc_nano.a(libc_a-findfp.o)
 .text.stdio_exit_handler
                0x08014ca0       0x18 C:/ST/STM32CubeIDE_1.18.0/STM32CubeIDE/plugins/com.st.stm32cube.ide.mcu.externaltools.gnu-tools-for-stm32.13.3.rel1.win32_1.0.0.202411081344/tools/bin/../lib/gcc/arm-none-eabi/13.3.1/../../../../arm-none-eabi/lib/thumb/v7e-m+fp/hard\libc_nano.a(libc_a-findfp.o)
 .text.cleanup_stdio
                0x08014cb8       0x40 C:/ST/STM32CubeIDE_1.18.0/STM32CubeIDE/plugins/com.st.stm32cube.ide.mcu.externaltools.gnu-tools-for-stm32.13.3.rel1.win32_1.0.0.202411081344/tools/bin/../lib/gcc/arm-none-eabi/13.3.1/../../../../arm-none-eabi/lib/thumb/v7e-m+fp/hard\libc_nano.a(libc_a-findfp.o)
 .text.global_stdio_init.part.0
                0x08014cf8       0x3c C:/ST/STM32CubeIDE_1.18.0/STM32CubeIDE/plugins/com.st.stm32cube.ide.mcu.externaltools.gnu-tools-for-stm32.13.3.rel1.win32_1.0.0.202411081344/tools/bin/../lib/gcc/arm-none-eabi/13.3.1/../../../../arm-none-eabi/lib/thumb/v7e-m+fp/hard\libc_nano.a(libc_a-findfp.o)
 .text.__sfp_lock_acquire
                0x08014d34        0xc C:/ST/STM32CubeIDE_1.18.0/STM32CubeIDE/plugins/com.st.stm32cube.ide.mcu.externaltools.gnu-tools-for-stm32.13.3.rel1.win32_1.0.0.202411081344/tools/bin/../lib/gcc/arm-none-eabi/13.3.1/../../../../arm-none-eabi/lib/thumb/v7e-m+fp/hard\libc_nano.a(libc_a-findfp.o)
                0x08014d34                __sfp_lock_acquire
 .text.__sfp_lock_release
                0x08014d40        0xc C:/ST/STM32CubeIDE_1.18.0/STM32CubeIDE/plugins/com.st.stm32cube.ide.mcu.externaltools.gnu-tools-for-stm32.13.3.rel1.win32_1.0.0.202411081344/tools/bin/../lib/gcc/arm-none-eabi/13.3.1/../../../../arm-none-eabi/lib/thumb/v7e-m+fp/hard\libc_nano.a(libc_a-findfp.o)
                0x08014d40                __sfp_lock_release
 .text.__sinit  0x08014d4c       0x30 C:/ST/STM32CubeIDE_1.18.0/STM32CubeIDE/plugins/com.st.stm32cube.ide.mcu.externaltools.gnu-tools-for-stm32.13.3.rel1.win32_1.0.0.202411081344/tools/bin/../lib/gcc/arm-none-eabi/13.3.1/../../../../arm-none-eabi/lib/thumb/v7e-m+fp/hard\libc_nano.a(libc_a-findfp.o)
                0x08014d4c                __sinit
 .text._fwalk_sglue
                0x08014d7c       0x3c C:/ST/STM32CubeIDE_1.18.0/STM32CubeIDE/plugins/com.st.stm32cube.ide.mcu.externaltools.gnu-tools-for-stm32.13.3.rel1.win32_1.0.0.202411081344/tools/bin/../lib/gcc/arm-none-eabi/13.3.1/../../../../arm-none-eabi/lib/thumb/v7e-m+fp/hard\libc_nano.a(libc_a-fwalk.o)
                0x08014d7c                _fwalk_sglue
 .text.snprintf
                0x08014db8       0x6c C:/ST/STM32CubeIDE_1.18.0/STM32CubeIDE/plugins/com.st.stm32cube.ide.mcu.externaltools.gnu-tools-for-stm32.13.3.rel1.win32_1.0.0.202411081344/tools/bin/../lib/gcc/arm-none-eabi/13.3.1/../../../../arm-none-eabi/lib/thumb/v7e-m+fp/hard\libc_nano.a(libc_a-snprintf.o)
                0x08014db8                sniprintf
                0x08014db8                snprintf
 .text.sprintf  0x08014e24       0x44 C:/ST/STM32CubeIDE_1.18.0/STM32CubeIDE/plugins/com.st.stm32cube.ide.mcu.externaltools.gnu-tools-for-stm32.13.3.rel1.win32_1.0.0.202411081344/tools/bin/../lib/gcc/arm-none-eabi/13.3.1/../../../../arm-none-eabi/lib/thumb/v7e-m+fp/hard\libc_nano.a(libc_a-sprintf.o)
                0x08014e24                siprintf
                0x08014e24                sprintf
 .text.__sread  0x08014e68       0x22 C:/ST/STM32CubeIDE_1.18.0/STM32CubeIDE/plugins/com.st.stm32cube.ide.mcu.externaltools.gnu-tools-for-stm32.13.3.rel1.win32_1.0.0.202411081344/tools/bin/../lib/gcc/arm-none-eabi/13.3.1/../../../../arm-none-eabi/lib/thumb/v7e-m+fp/hard\libc_nano.a(libc_a-stdio.o)
                0x08014e68                __sread
 .text.__swrite
                0x08014e8a       0x38 C:/ST/STM32CubeIDE_1.18.0/STM32CubeIDE/plugins/com.st.stm32cube.ide.mcu.externaltools.gnu-tools-for-stm32.13.3.rel1.win32_1.0.0.202411081344/tools/bin/../lib/gcc/arm-none-eabi/13.3.1/../../../../arm-none-eabi/lib/thumb/v7e-m+fp/hard\libc_nano.a(libc_a-stdio.o)
                0x08014e8a                __swrite
 .text.__sseek  0x08014ec2       0x24 C:/ST/STM32CubeIDE_1.18.0/STM32CubeIDE/plugins/com.st.stm32cube.ide.mcu.externaltools.gnu-tools-for-stm32.13.3.rel1.win32_1.0.0.202411081344/tools/bin/../lib/gcc/arm-none-eabi/13.3.1/../../../../arm-none-eabi/lib/thumb/v7e-m+fp/hard\libc_nano.a(libc_a-stdio.o)
                0x08014ec2                __sseek
 .text.__sclose
                0x08014ee6        0x8 C:/ST/STM32CubeIDE_1.18.0/STM32CubeIDE/plugins/com.st.stm32cube.ide.mcu.externaltools.gnu-tools-for-stm32.13.3.rel1.win32_1.0.0.202411081344/tools/bin/../lib/gcc/arm-none-eabi/13.3.1/../../../../arm-none-eabi/lib/thumb/v7e-m+fp/hard\libc_nano.a(libc_a-stdio.o)
                0x08014ee6                __sclose
 .text.memset   0x08014eee       0x10 C:/ST/STM32CubeIDE_1.18.0/STM32CubeIDE/plugins/com.st.stm32cube.ide.mcu.externaltools.gnu-tools-for-stm32.13.3.rel1.win32_1.0.0.202411081344/tools/bin/../lib/gcc/arm-none-eabi/13.3.1/../../../../arm-none-eabi/lib/thumb/v7e-m+fp/hard\libc_nano.a(libc_a-memset.o)
                0x08014eee                memset
 .text.strcat   0x08014efe       0x1e C:/ST/STM32CubeIDE_1.18.0/STM32CubeIDE/plugins/com.st.stm32cube.ide.mcu.externaltools.gnu-tools-for-stm32.13.3.rel1.win32_1.0.0.202411081344/tools/bin/../lib/gcc/arm-none-eabi/13.3.1/../../../../arm-none-eabi/lib/thumb/v7e-m+fp/hard\libc_nano.a(libc_a-strcat.o)
                0x08014efe                strcat
 .text.strncpy  0x08014f1c       0x26 C:/ST/STM32CubeIDE_1.18.0/STM32CubeIDE/plugins/com.st.stm32cube.ide.mcu.externaltools.gnu-tools-for-stm32.13.3.rel1.win32_1.0.0.202411081344/tools/bin/../lib/gcc/arm-none-eabi/13.3.1/../../../../arm-none-eabi/lib/thumb/v7e-m+fp/hard\libc_nano.a(libc_a-strncpy.o)
                0x08014f1c                strncpy
 .text.strnlen  0x08014f42       0x18 C:/ST/STM32CubeIDE_1.18.0/STM32CubeIDE/plugins/com.st.stm32cube.ide.mcu.externaltools.gnu-tools-for-stm32.13.3.rel1.win32_1.0.0.202411081344/tools/bin/../lib/gcc/arm-none-eabi/13.3.1/../../../../arm-none-eabi/lib/thumb/v7e-m+fp/hard\libc_nano.a(libc_a-strnlen.o)
                0x08014f42                strnlen
 *fill*         0x08014f5a        0x2 
 .text._localeconv_r
                0x08014f5c        0x8 C:/ST/STM32CubeIDE_1.18.0/STM32CubeIDE/plugins/com.st.stm32cube.ide.mcu.externaltools.gnu-tools-for-stm32.13.3.rel1.win32_1.0.0.202411081344/tools/bin/../lib/gcc/arm-none-eabi/13.3.1/../../../../arm-none-eabi/lib/thumb/v7e-m+fp/hard\libc_nano.a(libc_a-localeconv.o)
                0x08014f5c                _localeconv_r
 .text._close_r
                0x08014f64       0x20 C:/ST/STM32CubeIDE_1.18.0/STM32CubeIDE/plugins/com.st.stm32cube.ide.mcu.externaltools.gnu-tools-for-stm32.13.3.rel1.win32_1.0.0.202411081344/tools/bin/../lib/gcc/arm-none-eabi/13.3.1/../../../../arm-none-eabi/lib/thumb/v7e-m+fp/hard\libc_nano.a(libc_a-closer.o)
                0x08014f64                _close_r
 .text._lseek_r
                0x08014f84       0x24 C:/ST/STM32CubeIDE_1.18.0/STM32CubeIDE/plugins/com.st.stm32cube.ide.mcu.externaltools.gnu-tools-for-stm32.13.3.rel1.win32_1.0.0.202411081344/tools/bin/../lib/gcc/arm-none-eabi/13.3.1/../../../../arm-none-eabi/lib/thumb/v7e-m+fp/hard\libc_nano.a(libc_a-lseekr.o)
                0x08014f84                _lseek_r
 .text._read_r  0x08014fa8       0x24 C:/ST/STM32CubeIDE_1.18.0/STM32CubeIDE/plugins/com.st.stm32cube.ide.mcu.externaltools.gnu-tools-for-stm32.13.3.rel1.win32_1.0.0.202411081344/tools/bin/../lib/gcc/arm-none-eabi/13.3.1/../../../../arm-none-eabi/lib/thumb/v7e-m+fp/hard\libc_nano.a(libc_a-readr.o)
                0x08014fa8                _read_r
 .text._sbrk_r  0x08014fcc       0x20 C:/ST/STM32CubeIDE_1.18.0/STM32CubeIDE/plugins/com.st.stm32cube.ide.mcu.externaltools.gnu-tools-for-stm32.13.3.rel1.win32_1.0.0.202411081344/tools/bin/../lib/gcc/arm-none-eabi/13.3.1/../../../../arm-none-eabi/lib/thumb/v7e-m+fp/hard\libc_nano.a(libc_a-sbrkr.o)
                0x08014fcc                _sbrk_r
 .text._write_r
                0x08014fec       0x24 C:/ST/STM32CubeIDE_1.18.0/STM32CubeIDE/plugins/com.st.stm32cube.ide.mcu.externaltools.gnu-tools-for-stm32.13.3.rel1.win32_1.0.0.202411081344/tools/bin/../lib/gcc/arm-none-eabi/13.3.1/../../../../arm-none-eabi/lib/thumb/v7e-m+fp/hard\libc_nano.a(libc_a-writer.o)
                0x08014fec                _write_r
 .text.__errno  0x08015010        0xc C:/ST/STM32CubeIDE_1.18.0/STM32CubeIDE/plugins/com.st.stm32cube.ide.mcu.externaltools.gnu-tools-for-stm32.13.3.rel1.win32_1.0.0.202411081344/tools/bin/../lib/gcc/arm-none-eabi/13.3.1/../../../../arm-none-eabi/lib/thumb/v7e-m+fp/hard\libc_nano.a(libc_a-errno.o)
                0x08015010                __errno
 .text.__libc_init_array
                0x0801501c       0x48 C:/ST/STM32CubeIDE_1.18.0/STM32CubeIDE/plugins/com.st.stm32cube.ide.mcu.externaltools.gnu-tools-for-stm32.13.3.rel1.win32_1.0.0.202411081344/tools/bin/../lib/gcc/arm-none-eabi/13.3.1/../../../../arm-none-eabi/lib/thumb/v7e-m+fp/hard\libc_nano.a(libc_a-init.o)
                0x0801501c                __libc_init_array
 .text.__retarget_lock_init_recursive
                0x08015064        0x2 C:/ST/STM32CubeIDE_1.18.0/STM32CubeIDE/plugins/com.st.stm32cube.ide.mcu.externaltools.gnu-tools-for-stm32.13.3.rel1.win32_1.0.0.202411081344/tools/bin/../lib/gcc/arm-none-eabi/13.3.1/../../../../arm-none-eabi/lib/thumb/v7e-m+fp/hard\libc_nano.a(libc_a-lock.o)
                0x08015064                __retarget_lock_init_recursive
 .text.__retarget_lock_acquire_recursive
                0x08015066        0x2 C:/ST/STM32CubeIDE_1.18.0/STM32CubeIDE/plugins/com.st.stm32cube.ide.mcu.externaltools.gnu-tools-for-stm32.13.3.rel1.win32_1.0.0.202411081344/tools/bin/../lib/gcc/arm-none-eabi/13.3.1/../../../../arm-none-eabi/lib/thumb/v7e-m+fp/hard\libc_nano.a(libc_a-lock.o)
                0x08015066                __retarget_lock_acquire_recursive
 .text.__retarget_lock_release_recursive
                0x08015068        0x2 C:/ST/STM32CubeIDE_1.18.0/STM32CubeIDE/plugins/com.st.stm32cube.ide.mcu.externaltools.gnu-tools-for-stm32.13.3.rel1.win32_1.0.0.202411081344/tools/bin/../lib/gcc/arm-none-eabi/13.3.1/../../../../arm-none-eabi/lib/thumb/v7e-m+fp/hard\libc_nano.a(libc_a-lock.o)
                0x08015068                __retarget_lock_release_recursive
 .text.memcpy   0x0801506a       0x1c C:/ST/STM32CubeIDE_1.18.0/STM32CubeIDE/plugins/com.st.stm32cube.ide.mcu.externaltools.gnu-tools-for-stm32.13.3.rel1.win32_1.0.0.202411081344/tools/bin/../lib/gcc/arm-none-eabi/13.3.1/../../../../arm-none-eabi/lib/thumb/v7e-m+fp/hard\libc_nano.a(libc_a-memcpy-stub.o)
                0x0801506a                memcpy
 .text.quorem   0x08015086      0x110 C:/ST/STM32CubeIDE_1.18.0/STM32CubeIDE/plugins/com.st.stm32cube.ide.mcu.externaltools.gnu-tools-for-stm32.13.3.rel1.win32_1.0.0.202411081344/tools/bin/../lib/gcc/arm-none-eabi/13.3.1/../../../../arm-none-eabi/lib/thumb/v7e-m+fp/hard\libc_nano.a(libc_a-dtoa.o)
 *fill*         0x08015196        0x2 
 .text._dtoa_r  0x08015198      0xba0 C:/ST/STM32CubeIDE_1.18.0/STM32CubeIDE/plugins/com.st.stm32cube.ide.mcu.externaltools.gnu-tools-for-stm32.13.3.rel1.win32_1.0.0.202411081344/tools/bin/../lib/gcc/arm-none-eabi/13.3.1/../../../../arm-none-eabi/lib/thumb/v7e-m+fp/hard\libc_nano.a(libc_a-dtoa.o)
                0x08015198                _dtoa_r
 .text._free_r  0x08015d38       0x94 C:/ST/STM32CubeIDE_1.18.0/STM32CubeIDE/plugins/com.st.stm32cube.ide.mcu.externaltools.gnu-tools-for-stm32.13.3.rel1.win32_1.0.0.202411081344/tools/bin/../lib/gcc/arm-none-eabi/13.3.1/../../../../arm-none-eabi/lib/thumb/v7e-m+fp/hard\libc_nano.a(libc_a-freer.o)
                0x08015d38                _free_r
 .text._Balloc  0x08015dcc       0x80 C:/ST/STM32CubeIDE_1.18.0/STM32CubeIDE/plugins/com.st.stm32cube.ide.mcu.externaltools.gnu-tools-for-stm32.13.3.rel1.win32_1.0.0.202411081344/tools/bin/../lib/gcc/arm-none-eabi/13.3.1/../../../../arm-none-eabi/lib/thumb/v7e-m+fp/hard\libc_nano.a(libc_a-mprec.o)
                0x08015dcc                _Balloc
 .text._Bfree   0x08015e4c       0x44 C:/ST/STM32CubeIDE_1.18.0/STM32CubeIDE/plugins/com.st.stm32cube.ide.mcu.externaltools.gnu-tools-for-stm32.13.3.rel1.win32_1.0.0.202411081344/tools/bin/../lib/gcc/arm-none-eabi/13.3.1/../../../../arm-none-eabi/lib/thumb/v7e-m+fp/hard\libc_nano.a(libc_a-mprec.o)
                0x08015e4c                _Bfree
 .text.__multadd
                0x08015e90       0x8c C:/ST/STM32CubeIDE_1.18.0/STM32CubeIDE/plugins/com.st.stm32cube.ide.mcu.externaltools.gnu-tools-for-stm32.13.3.rel1.win32_1.0.0.202411081344/tools/bin/../lib/gcc/arm-none-eabi/13.3.1/../../../../arm-none-eabi/lib/thumb/v7e-m+fp/hard\libc_nano.a(libc_a-mprec.o)
                0x08015e90                __multadd
 .text.__hi0bits
                0x08015f1c       0x3e C:/ST/STM32CubeIDE_1.18.0/STM32CubeIDE/plugins/com.st.stm32cube.ide.mcu.externaltools.gnu-tools-for-stm32.13.3.rel1.win32_1.0.0.202411081344/tools/bin/../lib/gcc/arm-none-eabi/13.3.1/../../../../arm-none-eabi/lib/thumb/v7e-m+fp/hard\libc_nano.a(libc_a-mprec.o)
                0x08015f1c                __hi0bits
 .text.__lo0bits
                0x08015f5a       0x5a C:/ST/STM32CubeIDE_1.18.0/STM32CubeIDE/plugins/com.st.stm32cube.ide.mcu.externaltools.gnu-tools-for-stm32.13.3.rel1.win32_1.0.0.202411081344/tools/bin/../lib/gcc/arm-none-eabi/13.3.1/../../../../arm-none-eabi/lib/thumb/v7e-m+fp/hard\libc_nano.a(libc_a-mprec.o)
                0x08015f5a                __lo0bits
 .text.__i2b    0x08015fb4       0x2c C:/ST/STM32CubeIDE_1.18.0/STM32CubeIDE/plugins/com.st.stm32cube.ide.mcu.externaltools.gnu-tools-for-stm32.13.3.rel1.win32_1.0.0.202411081344/tools/bin/../lib/gcc/arm-none-eabi/13.3.1/../../../../arm-none-eabi/lib/thumb/v7e-m+fp/hard\libc_nano.a(libc_a-mprec.o)
                0x08015fb4                __i2b
 .text.__multiply
                0x08015fe0      0x144 C:/ST/STM32CubeIDE_1.18.0/STM32CubeIDE/plugins/com.st.stm32cube.ide.mcu.externaltools.gnu-tools-for-stm32.13.3.rel1.win32_1.0.0.202411081344/tools/bin/../lib/gcc/arm-none-eabi/13.3.1/../../../../arm-none-eabi/lib/thumb/v7e-m+fp/hard\libc_nano.a(libc_a-mprec.o)
                0x08015fe0                __multiply
 .text.__pow5mult
                0x08016124       0xb4 C:/ST/STM32CubeIDE_1.18.0/STM32CubeIDE/plugins/com.st.stm32cube.ide.mcu.externaltools.gnu-tools-for-stm32.13.3.rel1.win32_1.0.0.202411081344/tools/bin/../lib/gcc/arm-none-eabi/13.3.1/../../../../arm-none-eabi/lib/thumb/v7e-m+fp/hard\libc_nano.a(libc_a-mprec.o)
                0x08016124                __pow5mult
 .text.__lshift
                0x080161d8       0xd8 C:/ST/STM32CubeIDE_1.18.0/STM32CubeIDE/plugins/com.st.stm32cube.ide.mcu.externaltools.gnu-tools-for-stm32.13.3.rel1.win32_1.0.0.202411081344/tools/bin/../lib/gcc/arm-none-eabi/13.3.1/../../../../arm-none-eabi/lib/thumb/v7e-m+fp/hard\libc_nano.a(libc_a-mprec.o)
                0x080161d8                __lshift
 .text.__mcmp   0x080162b0       0x36 C:/ST/STM32CubeIDE_1.18.0/STM32CubeIDE/plugins/com.st.stm32cube.ide.mcu.externaltools.gnu-tools-for-stm32.13.3.rel1.win32_1.0.0.202411081344/tools/bin/../lib/gcc/arm-none-eabi/13.3.1/../../../../arm-none-eabi/lib/thumb/v7e-m+fp/hard\libc_nano.a(libc_a-mprec.o)
                0x080162b0                __mcmp
 *fill*         0x080162e6        0x2 
 .text.__mdiff  0x080162e8      0x128 C:/ST/STM32CubeIDE_1.18.0/STM32CubeIDE/plugins/com.st.stm32cube.ide.mcu.externaltools.gnu-tools-for-stm32.13.3.rel1.win32_1.0.0.202411081344/tools/bin/../lib/gcc/arm-none-eabi/13.3.1/../../../../arm-none-eabi/lib/thumb/v7e-m+fp/hard\libc_nano.a(libc_a-mprec.o)
                0x080162e8                __mdiff
 .text.__d2b    0x08016410       0xb0 C:/ST/STM32CubeIDE_1.18.0/STM32CubeIDE/plugins/com.st.stm32cube.ide.mcu.externaltools.gnu-tools-for-stm32.13.3.rel1.win32_1.0.0.202411081344/tools/bin/../lib/gcc/arm-none-eabi/13.3.1/../../../../arm-none-eabi/lib/thumb/v7e-m+fp/hard\libc_nano.a(libc_a-mprec.o)
                0x08016410                __d2b
 .text.__ssputs_r
                0x080164c0       0xb6 C:/ST/STM32CubeIDE_1.18.0/STM32CubeIDE/plugins/com.st.stm32cube.ide.mcu.externaltools.gnu-tools-for-stm32.13.3.rel1.win32_1.0.0.202411081344/tools/bin/../lib/gcc/arm-none-eabi/13.3.1/../../../../arm-none-eabi/lib/thumb/v7e-m+fp/hard\libc_nano.a(libc_a-nano-svfprintf.o)
                0x080164c0                __ssputs_r
 *fill*         0x08016576        0x2 
 .text._svfprintf_r
                0x08016578      0x1f8 C:/ST/STM32CubeIDE_1.18.0/STM32CubeIDE/plugins/com.st.stm32cube.ide.mcu.externaltools.gnu-tools-for-stm32.13.3.rel1.win32_1.0.0.202411081344/tools/bin/../lib/gcc/arm-none-eabi/13.3.1/../../../../arm-none-eabi/lib/thumb/v7e-m+fp/hard\libc_nano.a(libc_a-nano-svfprintf.o)
                0x08016578                _svfiprintf_r
                0x08016578                _svfprintf_r
 .text.__sflush_r
                0x08016770      0x108 C:/ST/STM32CubeIDE_1.18.0/STM32CubeIDE/plugins/com.st.stm32cube.ide.mcu.externaltools.gnu-tools-for-stm32.13.3.rel1.win32_1.0.0.202411081344/tools/bin/../lib/gcc/arm-none-eabi/13.3.1/../../../../arm-none-eabi/lib/thumb/v7e-m+fp/hard\libc_nano.a(libc_a-fflush.o)
                0x08016770                __sflush_r
 .text._fflush_r
                0x08016878       0x50 C:/ST/STM32CubeIDE_1.18.0/STM32CubeIDE/plugins/com.st.stm32cube.ide.mcu.externaltools.gnu-tools-for-stm32.13.3.rel1.win32_1.0.0.202411081344/tools/bin/../lib/gcc/arm-none-eabi/13.3.1/../../../../arm-none-eabi/lib/thumb/v7e-m+fp/hard\libc_nano.a(libc_a-fflush.o)
                0x08016878                _fflush_r
 .text.memmove  0x080168c8       0x34 C:/ST/STM32CubeIDE_1.18.0/STM32CubeIDE/plugins/com.st.stm32cube.ide.mcu.externaltools.gnu-tools-for-stm32.13.3.rel1.win32_1.0.0.202411081344/tools/bin/../lib/gcc/arm-none-eabi/13.3.1/../../../../arm-none-eabi/lib/thumb/v7e-m+fp/hard\libc_nano.a(libc_a-memmove.o)