../Core/Src/data_buffer.c:13:6:Buffer_Init	8	static
../Core/Src/data_buffer.c:19:6:Buffer_AddSample	24	static
../Core/Src/data_buffer.c:30:9:Buffer_IsFull	4	static
../Core/Src/data_buffer.c:34:6:Buffer_SaveToFlash	16	static
../Core/Src/data_buffer.c:61:6:Buffer_Clear	4	static
../Core/Src/data_buffer.c:65:10:Buffer_GetTotalSamples	4	static
../Core/Src/data_buffer.c:69:10:Buffer_GetFlashCapacity	4	static
../Core/Src/data_buffer.c:73:7:Buffer_GetFlashUsagePercent	4	static
../Core/Src/data_buffer.c:77:6:Buffer_EraseFlash	8	static
