../Core/Src/main.c:116:6:float_to_string	32	static
../Core/Src/main.c:129:7:CalculateSeaLevelPressure	16	static
../Core/Src/main.c:133:13:RTC_ApplyDefaultIfInvalid	32	static
../Core/Src/main.c:160:6:UpdateDisplay	136	static
../Core/Src/main.c:229:13:ConfigSector_Read	16	static
../Core/Src/main.c:233:13:ConfigSector_Write	24	static
../Core/Src/main.c:244:6:SaveLanguageToFlash	4112	static
../Core/Src/main.c:253:9:LoadLanguageFromFlash	4112	static
../Core/Src/main.c:264:6:SaveAltitudeToFlash	4112	static
../Core/Src/main.c:277:9:LoadAltitudeFromFlash	4112	static
../Core/Src/main.c:295:6:SaveAcquisitionTimeToFlash	4112	static
../Core/Src/main.c:304:19:LoadAcquisitionTimeFromFlash	4112	static
../Core/Src/main.c:315:6:ApplyAcquisitionTime	16	static
../Core/Src/main.c:321:7:ReadBatteryVoltage	24	static
../Core/Src/main.c:334:9:CalculateBatteryPercent	24	static
../Core/Src/main.c:341:6:RunTestMode	184	static
../Core/Src/main.c:458:5:main	264	static
../Core/Src/main.c:816:6:SystemClock_Config	88	static
../Core/Src/main.c:850:13:MX_I2C1_Init	8	static
../Core/Src/main.c:867:13:MX_SPI2_Init	8	static
../Core/Src/main.c:887:13:MX_TIM2_Init	32	static
../Core/Src/main.c:915:13:MX_GPIO_Init	40	static
../Core/Src/main.c:952:13:MX_ADC1_Init	24	static
../Core/Src/main.c:986:6:Error_Handler	4	static,ignoring_inline_asm
