../Core/Src/main.c:116:6:float_to_string	32	static
../Core/Src/main.c:129:7:CalculateSeaLevelPressure	16	static
../Core/Src/main.c:133:6:UpdateDisplay	136	static
../Core/Src/main.c:202:13:ConfigSector_Read	16	static
../Core/Src/main.c:206:13:ConfigSector_Write	24	static
../Core/Src/main.c:217:6:SaveLanguageToFlash	4112	static
../Core/Src/main.c:226:9:LoadLanguageFromFlash	4112	static
../Core/Src/main.c:237:6:SaveAltitudeToFlash	4112	static
../Core/Src/main.c:250:9:LoadAltitudeFromFlash	4112	static
../Core/Src/main.c:268:6:SaveAcquisitionTimeToFlash	4112	static
../Core/Src/main.c:277:19:LoadAcquisitionTimeFromFlash	4112	static
../Core/Src/main.c:288:6:ApplyAcquisitionTime	16	static
../Core/Src/main.c:294:7:ReadBatteryVoltage	24	static
../Core/Src/main.c:307:9:CalculateBatteryPercent	24	static
../Core/Src/main.c:314:6:RunTestMode	184	static
../Core/Src/main.c:431:5:main	264	static
../Core/Src/main.c:784:6:SystemClock_Config	88	static
../Core/Src/main.c:818:13:MX_I2C1_Init	8	static
../Core/Src/main.c:835:13:MX_SPI2_Init	8	static
../Core/Src/main.c:855:13:MX_TIM2_Init	32	static
../Core/Src/main.c:883:13:MX_GPIO_Init	40	static
../Core/Src/main.c:920:13:MX_ADC1_Init	24	static
../Core/Src/main.c:954:6:Error_Handler	4	static,ignoring_inline_asm
