../Core/Src/menu.c:59:20:LangToStr	16	static
../Core/Src/menu.c:68:6:Menu_Init	16	static
../Core/Src/menu.c:83:10:Menu_ReadButtons	8	static
../Core/Src/menu.c:102:6:Menu_IsIdle	16	static
../Core/Src/menu.c:106:6:Menu_Process	40	static
../Core/Src/menu.c:153:13:ProcessAcqEditor	24	static
../Core/Src/menu.c:202:13:ShowClearConfirm	56	static
../Core/Src/menu.c:233:13:PrintMenuLine	48	static
../Core/Src/menu.c:245:13:ShowMainMenu	24	static
../Core/Src/menu.c:270:13:ProcessClearConfirm	24	static
../Core/Src/menu.c:314:13:ProcessMainMenu	24	static
../Core/Src/menu.c:375:13:ShowLanguageEditor	40	static
../Core/Src/menu.c:393:13:ProcessLanguageEditor	24	static
../Core/Src/menu.c:433:13:ShowDateTimeEditor	144	static
../Core/Src/menu.c:504:13:ShowAcqEditor	48	static
../Core/Src/menu.c:523:13:ProcessDateTimeEditor	24	static
../Core/Src/menu.c:577:13:IncrementField	16	static
../Core/Src/menu.c:608:13:DecrementField	16	static
