../Core/Src/menu.c:66:20:LangToStr	16	static
../Core/Src/menu.c:75:6:Menu_Init	16	static
../Core/Src/menu.c:93:10:Menu_ReadButtons	8	static
../Core/Src/menu.c:102:6:Menu_IsIdle	16	static
../Core/Src/menu.c:106:6:Menu_Process	40	static
../Core/Src/menu.c:159:13:ProcessAcqEditor	24	static
../Core/Src/menu.c:209:13:ShowClearConfirm	56	static
../Core/Src/menu.c:235:13:PrintMenuLine	48	static
../Core/Src/menu.c:247:13:ShowMainMenu	24	static
../Core/Src/menu.c:268:13:ProcessClearConfirm	24	static
../Core/Src/menu.c:308:13:ProcessMainMenu	24	static
../Core/Src/menu.c:377:13:ShowLanguageEditor	16	static
../Core/Src/menu.c:393:13:ProcessLanguageEditor	24	static
../Core/Src/menu.c:432:13:UpdateAltitudeValueLine	40	static
../Core/Src/menu.c:443:13:ShowAltitudeEditor	16	static
../Core/Src/menu.c:457:13:UpdateLanguageValueLine	40	static
../Core/Src/menu.c:485:13:ProcessAltitudeEditor	24	static
../Core/Src/menu.c:523:13:ShowDateTimeEditor	144	static
../Core/Src/menu.c:590:13:ShowAcqEditor	48	static
../Core/Src/menu.c:607:13:ProcessDateTimeEditor	24	static
../Core/Src/menu.c:664:13:IncrementField	16	static
../Core/Src/menu.c:695:13:DecrementField	16	static
