../Core/Src/menu.c:64:20:LangToStr	16	static
../Core/Src/menu.c:73:6:Menu_Init	16	static
../Core/Src/menu.c:91:10:Menu_ReadButtons	8	static
../Core/Src/menu.c:100:6:Menu_IsIdle	16	static
../Core/Src/menu.c:104:6:Menu_Process	40	static
../Core/Src/menu.c:157:13:ProcessAcqEditor	24	static
../Core/Src/menu.c:207:13:ShowClearConfirm	56	static
../Core/Src/menu.c:233:13:PrintMenuLine	48	static
../Core/Src/menu.c:245:13:ShowMainMenu	24	static
../Core/Src/menu.c:266:13:ProcessClearConfirm	24	static
../Core/Src/menu.c:306:13:ProcessMainMenu	24	static
../Core/Src/menu.c:375:13:ShowLanguageEditor	40	static
../Core/Src/menu.c:392:13:ProcessLanguageEditor	24	static
../Core/Src/menu.c:432:13:ShowAltitudeEditor	40	static
../Core/Src/menu.c:451:13:ProcessAltitudeEditor	24	static
../Core/Src/menu.c:488:13:ShowDateTimeEditor	144	static
../Core/Src/menu.c:555:13:ShowAcqEditor	48	static
../Core/Src/menu.c:572:13:ProcessDateTimeEditor	24	static
../Core/Src/menu.c:629:13:IncrementField	16	static
../Core/Src/menu.c:660:13:DecrementField	16	static
