../Core/Src/w25qxx.c:17:17:W25Q_SimpleCrc_Xor	24	static
../Core/Src/w25qxx.c:25:13:W25Q_CS_Low	16	static
../Core/Src/w25qxx.c:29:13:W25Q_CS_High	16	static
../Core/Src/w25qxx.c:33:13:W25Q_WriteEnable	24	static
../Core/Src/w25qxx.c:40:16:W25Q_ReadStatusReg	24	static
../Core/Src/w25qxx.c:55:6:W25Q_LogReset	32	static
../Core/Src/w25qxx.c:80:6:W25Q_Init	24	static
../Core/Src/w25qxx.c:95:9:W25Q_ReadID	24	static
../Core/Src/w25qxx.c:107:6:W25Q_WaitBusy	16	static
../Core/Src/w25qxx.c:113:9:W25Q_IsBusy	16	static
../Core/Src/w25qxx.c:117:6:W25Q_EraseSector	24	static
../Core/Src/w25qxx.c:133:6:W25Q_EraseChip	24	static
../Core/Src/w25qxx.c:144:6:W25Q_WritePage	32	static
../Core/Src/w25qxx.c:165:6:W25Q_ReadData	32	static
../Core/Src/w25qxx.c:178:13:W25Q_WriteSampleToRegion	32	static
../Core/Src/w25qxx.c:217:6:W25Q_WriteDataSample	40	static
../Core/Src/w25qxx.c:228:10:W25Q_GetCurrentAddress	16	static
../Core/Src/w25qxx.c:232:10:W25Q_GetTotalSamples	16	static
../Core/Src/w25qxx.c:237:6:W25Q_WriteTestSample	40	static
../Core/Src/w25qxx.c:248:10:W25Q_GetTestCurrentAddress	16	static
../Core/Src/w25qxx.c:252:10:W25Q_GetTestTotalSamples	16	static
../Core/Src/w25qxx.c:256:6:W25Q_Reset	16	static
../Core/Src/w25qxx.c:263:6:W25Q_TestReset	16	static
../Core/Src/w25qxx.c:275:9:W25Q_LogState_Load	40	static
../Core/Src/w25qxx.c:296:6:W25Q_LogState_Save	4136	static
../Core/Src/w25qxx.c:319:9:W25Q_TestState_Load	40	static
../Core/Src/w25qxx.c:338:6:W25Q_TestState_Save	40	static
